Archive member included because of file (symbol)

cpu/arm920t/libarm920t.a(interrupts.o)
                              cpu/arm920t/start.o (do_undefined_instruction)
cpu/arm920t/s3c24x0/libs3c24x0.a(interrupts.o)
                              cpu/arm920t/libarm920t.a(interrupts.o) (reset_cpu)
cpu/arm920t/s3c24x0/libs3c24x0.a(speed.o)
                              cpu/arm920t/s3c24x0/libs3c24x0.a(interrupts.o) (get_PCLK)
lib_arm/libarm.a(_udivsi3.o)  cpu/arm920t/s3c24x0/libs3c24x0.a(interrupts.o) (__udivsi3)
lib_arm/libarm.a(board.o)     cpu/arm920t/s3c24x0/libs3c24x0.a(speed.o) (hang)
lib_arm/libarm.a(div0.o)      lib_arm/libarm.a(_udivsi3.o) (__div0)
net/libnet.a(net.o)           lib_arm/libarm.a(board.o) (copy_filename)
net/libnet.a(tftp.o)          net/libnet.a(net.o) (TftpStart)
net/libnet.a(bootp.o)         net/libnet.a(net.o) (BootpRequest)
net/libnet.a(rarp.o)          net/libnet.a(net.o) (RarpRequest)
net/libnet.a(eth.o)           net/libnet.a(net.o) (eth_get_dev)
net/libnet.a(nfs.o)           net/libnet.a(net.o) (NfsStart)
drivers/libdrivers.a(dm9000x.o)
                              net/libnet.a(eth.o) (dm9000_initialize)
drivers/nand/libnand.a(nand.o)
                              lib_arm/libarm.a(board.o) (nand_init)
drivers/nand/libnand.a(nand_base.o)
                              drivers/nand/libnand.a(nand.o) (nand_scan)
drivers/nand/libnand.a(nand_ids.o)
                              drivers/nand/libnand.a(nand_base.o) (nand_manuf_ids)
drivers/nand/libnand.a(nand_ecc.o)
                              drivers/nand/libnand.a(nand_base.o) (nand_calculate_ecc)
drivers/nand/libnand.a(nand_bbt.o)
                              drivers/nand/libnand.a(nand_base.o) (nand_update_bbt)
common/libcommon.a(main.o)    lib_arm/libarm.a(board.o) (main_loop)
common/libcommon.a(cmd_autoscript.o)
                              (__u_boot_cmd_autoscr)
common/libcommon.a(cmd_bdinfo.o)
                              (__u_boot_cmd_bdinfo)
common/libcommon.a(cmd_boot.o)
                              (__u_boot_cmd_reset)
common/libcommon.a(cmd_bootm.o)
                              (__u_boot_cmd_imls)
common/libcommon.a(cmd_cache.o)
                              (__u_boot_cmd_dcache)
common/libcommon.a(cmd_console.o)
                              (__u_boot_cmd_coninfo)
common/libcommon.a(cmd_date.o)
                              (__u_boot_cmd_date)
common/libcommon.a(cmd_elf.o)
                              (__u_boot_cmd_bootvx)
common/libcommon.a(cmd_flash.o)
                              (__u_boot_cmd_protect)
common/libcommon.a(cmd_itest.o)
                              (__u_boot_cmd_itest)
common/libcommon.a(cmd_load.o)
                              (__u_boot_cmd_loady)
common/libcommon.a(cmd_mem.o)
                              (__u_boot_cmd_mtest)
common/libcommon.a(cmd_misc.o)
                              (__u_boot_cmd_sleep)
common/libcommon.a(cmd_nand.o)
                              (__u_boot_cmd_nboot)
common/libcommon.a(cmd_net.o)
                              (__u_boot_cmd_ping)
common/libcommon.a(cmd_nvedit.o)
                              (__u_boot_cmd_run)
common/libcommon.a(command.o)
                              (__u_boot_cmd_question_mark)
common/libcommon.a(console.o)
                              cpu/arm920t/libarm920t.a(interrupts.o) (printf)
common/libcommon.a(devices.o)
                              common/libcommon.a(cmd_console.o) (stdio_names)
common/libcommon.a(dlmalloc.o)
                              drivers/nand/libnand.a(nand_base.o) (free)
common/libcommon.a(env_common.o)
                              common/libcommon.a(cmd_nvedit.o) (env_get_char)
common/libcommon.a(env_nand.o)
                              common/libcommon.a(env_common.o) (env_ptr)
common/libcommon.a(exports.o)
                              lib_arm/libarm.a(board.o) (jumptable_init)
common/libcommon.a(flash.o)   common/libcommon.a(cmd_load.o) (addr2info)
common/libcommon.a(lists.o)   common/libcommon.a(devices.o) (ListCreate)
common/libcommon.a(s_record.o)
                              common/libcommon.a(cmd_load.o) (srec_decode)
common/libcommon.a(xyzModem.o)
                              common/libcommon.a(cmd_load.o) (xyzModem_stream_open)
common/libcommon.a(crc16.o)   common/libcommon.a(xyzModem.o) (cyg_crc16)
lib_generic/libgeneric.a(crc32.o)
                              common/libcommon.a(cmd_autoscript.o) (crc32)
lib_generic/libgeneric.a(display_options.o)
                              lib_arm/libarm.a(board.o) (print_size)
lib_generic/libgeneric.a(string.o)
                              net/libnet.a(net.o) (strcpy)
lib_generic/libgeneric.a(vsprintf.o)
                              lib_arm/libarm.a(board.o) (simple_strtoul)
lib_generic/libgeneric.a(zlib.o)
                              common/libcommon.a(cmd_bootm.o) (inflateEnd)
lib_generic/libgeneric.a(ctype.o)
                              lib_generic/libgeneric.a(vsprintf.o) (_ctype)
board/mini2440/libmini2440.a(mini2440.o)
                              lib_arm/libarm.a(board.o) (board_init)
board/mini2440/libmini2440.a(flash.o)
                              lib_arm/libarm.a(board.o) (flash_init)
cpu/arm920t/libarm920t.a(cpu.o)
                              lib_arm/libarm.a(board.o) (cpu_init)
cpu/arm920t/s3c24x0/libs3c24x0.a(serial.o)
                              common/libcommon.a(cmd_load.o) (serial_setbrg)
cpu/arm920t/s3c24x0/libs3c24x0.a(nand_flash.o)
                              drivers/nand/libnand.a(nand.o) (board_nand_init)
lib_arm/libarm.a(_ashldi3.o)  drivers/nand/libnand.a(nand_base.o) (__ashldi3)
lib_arm/libarm.a(_ashrdi3.o)  drivers/nand/libnand.a(nand_base.o) (__ashrdi3)
lib_arm/libarm.a(_divsi3.o)   common/libcommon.a(cmd_date.o) (__divsi3)
lib_arm/libarm.a(_modsi3.o)   net/libnet.a(nfs.o) (__modsi3)
lib_arm/libarm.a(_umodsi3.o)  net/libnet.a(tftp.o) (__umodsi3)
lib_arm/libarm.a(armlinux.o)  common/libcommon.a(cmd_bootm.o) (do_bootm_linux)
lib_arm/libarm.a(cache.o)     common/libcommon.a(cmd_elf.o) (flush_cache)
rtc/librtc.a(date.o)          common/libcommon.a(cmd_date.o) (GregorianDay)
rtc/librtc.a(s3c24x0_rtc.o)   common/libcommon.a(cmd_date.o) (rtc_get)
drivers/nand/libnand.a(nand_util.o)
                              common/libcommon.a(cmd_nand.o) (nand_erase_opts)
/opt/arm-linux-gcc-3.4.5/bin/../lib/gcc/arm-linux/3.4.5/libgcc.a(_udivdi3.oS)
                              drivers/nand/libnand.a(nand_util.o) (__udivdi3)
/opt/arm-linux-gcc-3.4.5/bin/../lib/gcc/arm-linux/3.4.5/libgcc.a(_clz.oS)
                              /opt/arm-linux-gcc-3.4.5/bin/../lib/gcc/arm-linux/3.4.5/libgcc.a(_udivdi3.oS) (__clz_tab)

Memory Configuration

Name             Origin             Length             Attributes
*default*        0x00000000         0xffffffff

Linker script and memory map

                0x00000000                . = 0x0
                0x00000000                . = ALIGN (0x4)

.text           0x33f80000    0x19948
 cpu/arm920t/start.o(.text)
 .text          0x33f80000      0x420 cpu/arm920t/start.o
                0x33f80000                _start
                0x33f80044                _armboot_start
                0x33f8004c                _bss_start
                0x33f80050                _bss_end
 board/mini2440/lowlevel_init.o(.text)
 .text          0x33f80420       0x70 board/mini2440/lowlevel_init.o
                0x33f80424                lowlevel_init
 board/mini2440/nand_read.o(.text)
 .text          0x33f80490      0x218 board/mini2440/nand_read.o
                0x33f80490                nand_read_ll
 *(.text)
 .text          0x33f806a8      0x260 cpu/arm920t/libarm920t.a(interrupts.o)
                0x33f808e4                do_irq
                0x33f8080c                do_undefined_instruction
                0x33f808c0                do_fiq
                0x33f806b4                bad_mode
                0x33f806a8                enable_interrupts
                0x33f806d0                show_regs
                0x33f806ac                disable_interrupts
                0x33f80854                do_prefetch_abort
                0x33f80830                do_software_interrupt
                0x33f80878                do_data_abort
                0x33f8089c                do_not_used
 .text          0x33f80908      0x25c cpu/arm920t/s3c24x0/libs3c24x0.a(interrupts.o)
                0x33f80aa8                udelay_masked
                0x33f80988                reset_timer_masked
                0x33f80b44                reset_cpu
                0x33f80b38                get_tbclk
                0x33f80b24                get_ticks
                0x33f80908                interrupt_init
                0x33f809b8                reset_timer
                0x33f80a4c                udelay
                0x33f80a3c                set_timer
                0x33f809bc                get_timer_masked
                0x33f80a28                get_timer
 .text          0x33f80b64      0x20c cpu/arm920t/s3c24x0/libs3c24x0.a(speed.o)
                0x33f80cb4                get_PCLK
                0x33f80d68                get_UCLK
                0x33f80c08                get_HCLK
                0x33f80c00                get_FCLK
 .text          0x33f80d70       0x98 lib_arm/libarm.a(_udivsi3.o)
                0x33f80d70                __udivsi3
 .text          0x33f80e08      0x30c lib_arm/libarm.a(board.o)
                0x33f80e08                sbrk
                0x33f80f00                start_armboot
                0x33f80ef0                hang
 .text          0x33f81114        0x4 lib_arm/libarm.a(div0.o)
                0x33f81114                __div0
 .text          0x33f81118     0x1600 net/libnet.a(net.o)
                0x33f8220c                getenv_VLAN
                0x33f8136c                NetSetHandler
                0x33f81508                NetCksum
                0x33f817fc                PingSend
                0x33f82158                VLAN_to_string
                0x33f81b20                NetReceive
                0x33f81694                NetSendUDPPacket
                0x33f81554                NetSetIP
                0x33f81a50                copy_filename
                0x33f81118                NetSetEther
                0x33f811d8                ArpRequest
                0x33f82224                NetLoop
                0x33f8147c                ArpTimeoutCheck
                0x33f81504                NetSendPacket
                0x33f81afc                print_IPaddr
                0x33f821b4                string_to_VLAN
                0x33f819e8                NetCksumOk
                0x33f81aa4                ip_to_string
                0x33f820c8                string_to_ip
                0x33f81a0c                NetEthHdrSize
                0x33f8137c                NetStartAgain
                0x33f82148                getenv_IPaddr
                0x33f81330                NetSetTimeout
 .text          0x33f82718      0x6cc net/libnet.a(tftp.o)
                0x33f82bac                TftpStart
 .text          0x33f82de4      0x65c net/libnet.a(bootp.o)
                0x33f83194                BootpRequest
 .text          0x33f83440      0x1a0 net/libnet.a(rarp.o)
                0x33f83498                RarpRequest
 .text          0x33f835e0      0x69c net/libnet.a(eth.o)
                0x33f83744                eth_initialize
                0x33f83650                eth_get_dev_index
                0x33f83ae0                eth_init
                0x33f83b80                eth_send
                0x33f83c5c                eth_get_name
                0x33f83bf0                eth_set_current
                0x33f835f0                eth_get_dev_by_name
                0x33f835e0                eth_get_dev
                0x33f83b50                eth_halt
                0x33f839a4                eth_set_enetaddr
                0x33f836a4                eth_register
                0x33f83a58                eth_try_another
                0x33f83bc0                eth_rx
 .text          0x33f83c7c      0xf04 net/libnet.a(nfs.o)
                0x33f84910                NfsStart
 .text          0x33f84b80      0x86c drivers/libdrivers.a(dm9000x.o)
                0x33f84c80                dm9000_eth_init
                0x33f85228                dm9000_eth_halt
                0x33f85150                dm9000_eth_send
                0x33f85390                dm9000_initialize
                0x33f85260                dm9000_eth_rx
 .text          0x33f853ec       0x94 drivers/nand/libnand.a(nand.o)
                0x33f853ec                nand_init
 .text          0x33f85480     0x29bc drivers/nand/libnand.a(nand_base.o)
                0x33f873e4                nand_scan
                0x33f86860                nand_read_raw
                0x33f87e00                nand_release
                0x33f87154                nand_erase_nand
 .text          0x33f87e3c      0x298 drivers/nand/libnand.a(nand_ecc.o)
                0x33f87e3c                nand_calculate_ecc
                0x33f87f50                nand_correct_data
 .text          0x33f880d4     0x15ec drivers/nand/libnand.a(nand_bbt.o)
                0x33f89658                nand_isbad_bbt
                0x33f89584                nand_default_bbt
                0x33f8912c                nand_scan_bbt
                0x33f88e38                nand_update_bbt
 .text          0x33f896c0      0x8f8 common/libcommon.a(main.o)
                0x33f89978                run_command
                0x33f89f3c                do_run
                0x33f8979c                readline
                0x33f89dc8                main_loop
 .text          0x33f89fb8      0x260 common/libcommon.a(cmd_autoscript.o)
                0x33f89fb8                autoscript
                0x33f8a1d8                do_autoscript
 .text          0x33f8a218       0xe4 common/libcommon.a(cmd_bdinfo.o)
                0x33f8a22c                do_bdinfo
 .text          0x33f8a2fc       0x88 common/libcommon.a(cmd_boot.o)
                0x33f8a2fc                do_go
 .text          0x33f8a384     0x1000 common/libcommon.a(cmd_bootm.o)
                0x33f8aac8                do_iminfo
                0x33f8aca0                do_bootm
                0x33f8a384                do_bootd
                0x33f8ab44                gunzip
                0x33f8a3a8                print_image_hdr
 .text          0x33f8b384      0x154 common/libcommon.a(cmd_cache.o)
                0x33f8b450                do_icache
                0x33f8b3c8                do_dcache
 .text          0x33f8b4d8       0xd8 common/libcommon.a(cmd_console.o)
                0x33f8b4d8                do_coninfo
 .text          0x33f8b5b0      0x33c common/libcommon.a(cmd_date.o)
                0x33f8b7e0                do_date
                0x33f8b5f8                mk_date
 .text          0x33f8b8ec      0x394 common/libcommon.a(cmd_elf.o)
                0x33f8ba5c                do_bootvx
                0x33f8bbd8                do_bootelf
                0x33f8b940                load_elf_image
                0x33f8b8ec                valid_elf_image
 .text          0x33f8bc80      0xbf4 common/libcommon.a(cmd_flash.o)
                0x33f8c1fc                flash_sect_erase
                0x33f8c5a4                do_protect
                0x33f8c15c                do_flinfo
                0x33f8c2e8                do_flerase
                0x33f8c4ac                flash_sect_protect
 .text          0x33f8c874      0x2f0 common/libcommon.a(cmd_itest.o)
                0x33f8c8dc                binary_test
                0x33f8cab8                do_itest
 .text          0x33f8cb64      0xe4c common/libcommon.a(cmd_load.o)
                0x33f8ce58                send_pad
                0x33f8d150                k_data_char
                0x33f8d060                k_data_init
                0x33f8cf80                send_nack
                0x33f8d3f8                do_load_serial_bin
                0x33f8d0ec                k_data_restore
                0x33f8d088                k_data_save
                0x33f8ce94                ktrans
                0x33f8cb64                do_load_serial
                0x33f8cec0                chk1
                0x33f8cf1c                send_ack
                0x33f8d1c4                handle_send_packet
                0x33f8cef0                s1_sendpacket
 .text          0x33f8d9b0      0xb28 common/libcommon.a(cmd_mem.o)
                0x33f8dd04                do_mem_cmp
                0x33f8dec0                do_mem_cp
                0x33f8da24                do_mem_md
                0x33f8e420                do_mem_crc
                0x33f8e3f8                do_mem_mm
                0x33f8dff4                do_mem_base
                0x33f8e3d0                do_mem_nm
                0x33f8dc38                do_mem_mw
                0x33f8e038                do_mem_loop
                0x33f8d9b0                cmd_get_data_size
                0x33f8e13c                do_mem_mtest
 .text          0x33f8e4d8       0x9c common/libcommon.a(cmd_misc.o)
                0x33f8e4d8                do_sleep
 .text          0x33f8e574      0xebc common/libcommon.a(cmd_nand.o)
                0x33f8e694                do_nand
                0x33f8f1c0                do_nandboot
 .text          0x33f8f430      0x388 common/libcommon.a(cmd_net.o)
                0x33f8f6fc                do_rarpb
                0x33f8f714                do_bootp
                0x33f8f720                do_ping
                0x33f8f708                do_tftpb
                0x33f8f6f0                do_nfs
 .text          0x33f8f7b8      0x914 common/libcommon.a(cmd_nvedit.o)
                0x33f8ff60                getenv
                0x33f8fee8                setenv
                0x33f8f9e8                _do_setenv
                0x33f8f82c                do_printenv
                0x33f8ff20                do_setenv
                0x33f900a0                do_saveenv
                0x33f8ffdc                getenv_r
 .text          0x33f900cc      0x308 common/libcommon.a(command.o)
                0x33f9016c                find_cmd
                0x33f900ec                do_echo
                0x33f900cc                do_version
                0x33f90214                do_help
 .text          0x33f903d4      0x570 common/libcommon.a(console.o)
                0x33f907a8                console_init_f
                0x33f9047c                serial_printf
                0x33f906e8                had_ctrlc
                0x33f90678                ctrlc
                0x33f907b8                console_init_r
                0x33f906f8                clear_ctrlc
                0x33f904b4                fgetc
                0x33f9064c                vprintf
                0x33f90504                fputc
                0x33f906d0                disable_ctrlc
                0x33f90534                fputs
                0x33f90560                fprintf
                0x33f9070c                dbg
                0x33f90718                console_assign
                0x33f905b8                tstc
                0x33f905a0                getc
                0x33f90614                printf
                0x33f905f8                puts
                0x33f905d0                putc
                0x33f904dc                ftstc
 .text          0x33f90944       0xf0 common/libcommon.a(devices.o)
                0x33f90944                device_register
                0x33f90968                devices_init
                0x33f90a18                devices_done
 .text          0x33f90a34     0x108c common/libcommon.a(dlmalloc.o)
                0x33f91a08                malloc_usable_size
                0x33f90a68                malloc_trim
                0x33f91934                calloc
                0x33f91398                realloc
                0x33f90d54                malloc
                0x33f90a34                malloc_bin_reloc
                0x33f91800                memalign
                0x33f91a48                mallopt
                0x33f91a04                cfree
                0x33f9191c                pvalloc
                0x33f90b40                free
                0x33f91910                valloc
 .text          0x33f91ac0      0x128 common/libcommon.a(env_common.o)
                0x33f91b14                env_get_char_memory
                0x33f91b54                env_relocate
                0x33f91b34                env_get_addr
                0x33f91ac0                env_crc_update
 .text          0x33f91be8      0x204 common/libcommon.a(env_nand.o)
                0x33f91c10                saveenv
                0x33f91d64                env_relocate_spec
                0x33f91be8                env_get_char_spec
                0x33f91bf4                env_init
 .text          0x33f91dec       0xc0 common/libcommon.a(exports.o)
                0x33f91df8                jumptable_init
                0x33f91df0                get_version
 .text          0x33f91eac      0x3d0 common/libcommon.a(flash.o)
                0x33f9219c                flash_perror
                0x33f91fbc                addr2info
                0x33f91eac                flash_protect
                0x33f92004                flash_write
 .text          0x33f9227c      0x3c8 common/libcommon.a(lists.o)
                0x33f923d4                ListSetAllocationPolicy
                0x33f923ec                ListInsertItems
                0x33f922dc                DisposeHandle
                0x33f92304                SetHandleSize
                0x33f92620                ListGetDataPtr
                0x33f925a8                ListGetItems
                0x33f9262c                ListGetItemSize
                0x33f92374                ListCreate
                0x33f925f0                ListGetPtrToItem
                0x33f923e8                ListDispose
                0x33f92638                ListNumItems
                0x33f925a0                ListInsertItem
                0x33f922fc                GetHandleSize
                0x33f9227c                NewHandle
 .text          0x33f92644      0x2f8 common/libcommon.a(s_record.o)
                0x33f926b8                srec_decode
 .text          0x33f9293c      0xa98 common/libcommon.a(xyzModem.o)
                0x33f93338                xyzModem_error
                0x33f929a4                parse_num
                0x33f92f60                xyzModem_stream_read
                0x33f92dec                xyzModem_stream_open
                0x33f9293c                CYGACC_COMM_IF_GETC_TIMEOUT
                0x33f92998                CYGACC_COMM_IF_PUTC
                0x33f93260                xyzModem_stream_terminate
                0x33f93208                xyzModem_stream_close
 .text          0x33f933d4       0x4c common/libcommon.a(crc16.o)
                0x33f933d4                cyg_crc16
 .text          0x33f93420      0x1f0 lib_generic/libgeneric.a(crc32.o)
                0x33f9351c                crc32_no_comp
                0x33f93420                crc32
 .text          0x33f93610       0xb4 lib_generic/libgeneric.a(display_options.o)
                0x33f93630                print_size
                0x33f93610                display_options
 .text          0x33f936c4      0x5a0 lib_generic/libgeneric.a(string.o)
                0x33f93aec                memcpy
                0x33f93ac0                bcopy
                0x33f938e4                strspn
                0x33f93704                strcat
                0x33f9383c                strrchr
                0x33f937a0                strncmp
                0x33f93818                strlen
                0x33f93b14                memmove
                0x33f93a08                strsep
                0x33f93730                strncat
                0x33f93984                strtok
                0x33f936e0                strncpy
                0x33f93a9c                memset
                0x33f93b74                memcmp
                0x33f93874                strnlen
                0x33f93c34                memchr
                0x33f93bcc                strstr
                0x33f93770                strcmp
                0x33f93a40                strswab
                0x33f93944                strpbrk
                0x33f937e8                strchr
                0x33f93ba8                memscan
                0x33f938ac                strdup
                0x33f936c4                strcpy
 .text          0x33f93c64      0x7a4 lib_generic/libgeneric.a(vsprintf.o)
                0x33f93d18                simple_strtol
                0x33f93fb8                vsprintf
                0x33f943a0                sprintf
                0x33f93c64                simple_strtoul
                0x33f943c0                panic
 .text          0x33f94408     0x2be8 lib_generic/libgeneric.a(zlib.o)
                0x33f945d8                inflateReset
                0x33f94538                inflateEnd
                0x33f948ac                inflateInit
                0x33f951d4                inflate
                0x33f94904                inflateIncomp
                0x33f94640                inflateSync
                0x33f9474c                inflateInit2
                0x33f96e7c                adler32
 .text          0x33f96ff0      0x148 board/mini2440/libmini2440.a(mini2440.o)
                0x33f97118                dram_init
                0x33f96ff0                board_init
 .text          0x33f97138      0x5ec board/mini2440/libmini2440.a(flash.o)
                0x33f97138                flash_init
                0x33f97598                write_buff
                0x33f97354                flash_erase
                0x33f97200                flash_print_info
 .text          0x33f97724      0x118 cpu/arm920t/libarm920t.a(cpu.o)
                0x33f977dc                icache_status
                0x33f977a4                icache_enable
                0x33f977c0                icache_disable
                0x33f977f0                dcache_enable
                0x33f97764                cleanup_before_linux
                0x33f9778c                do_reset
                0x33f9775c                cpu_init
                0x33f9780c                dcache_disable
                0x33f97828                dcache_status
 .text          0x33f9783c       0xdc cpu/arm920t/s3c24x0/libs3c24x0.a(serial.o)
                0x33f978e0                serial_tstc
                0x33f978f0                serial_puts
                0x33f97890                serial_init
                0x33f978b8                serial_putc
                0x33f978a0                serial_getc
                0x33f9783c                serial_setbrg
 .text          0x33f97918       0xf0 cpu/arm920t/s3c24x0/libs3c24x0.a(nand_flash.o)
                0x33f979ac                board_nand_init
 .text          0x33f97a08       0x1c lib_arm/libarm.a(_ashldi3.o)
                0x33f97a08                __ashldi3
 .text          0x33f97a24       0x1c lib_arm/libarm.a(_ashrdi3.o)
                0x33f97a24                __ashrdi3
 .text          0x33f97a40      0x140 lib_arm/libarm.a(_divsi3.o)
                0x33f97a40                __divsi3
 .text          0x33f97b80      0x100 lib_arm/libarm.a(_modsi3.o)
                0x33f97b80                __modsi3
 .text          0x33f97c80       0xb4 lib_arm/libarm.a(_umodsi3.o)
                0x33f97c80                __umodsi3
 .text          0x33f97d34      0x3b8 lib_arm/libarm.a(armlinux.o)
                0x33f97d34                do_bootm_linux
 .text          0x33f980ec        0x4 lib_arm/libarm.a(cache.o)
                0x33f980ec                flush_cache
 .text          0x33f980f0      0x2b8 rtc/librtc.a(date.o)
                0x33f980f0                GregorianDay
                0x33f98308                mktime
                0x33f981e0                to_tm
 .text          0x33f983a8      0x214 rtc/librtc.a(s3c24x0_rtc.o)
                0x33f984e0                rtc_set
                0x33f983f4                rtc_get
                0x33f98598                rtc_reset
 .text          0x33f985bc      0xe48 drivers/nand/libnand.a(nand_util.o)
                0x33f98e54                nand_read_opts
                0x33f992d4                nand_unlock
                0x33f99248                nand_get_lock_status
                0x33f985c4                nand_erase_opts
                0x33f98954                nand_write_opts
                0x33f991d4                nand_lock
 .text          0x33f99404      0x544 /opt/arm-linux-gcc-3.4.5/bin/../lib/gcc/arm-linux/3.4.5/libgcc.a(_udivdi3.oS)
                0x33f99404                __udivdi3

.glue_7         0x33f99948        0x0

.glue_7t        0x33f99948        0x0
                0x33f99948                . = ALIGN (0x4)

.rodata         0x33f99948      0x940
 *(.rodata)
 .rodata        0x33f99948       0x80 cpu/arm920t/libarm920t.a(interrupts.o)
 .rodata        0x33f999c8       0x38 lib_arm/libarm.a(board.o)
                0x33f999c8                version_string
 .rodata        0x33f99a00        0x8 net/libnet.a(net.o)
 .rodata        0x33f99a08        0x8 net/libnet.a(eth.o)
 .rodata        0x33f99a10        0x8 drivers/nand/libnand.a(nand.o)
 .rodata        0x33f99a18       0x14 drivers/nand/libnand.a(nand_base.o)
 .rodata        0x33f99a2c      0x100 drivers/nand/libnand.a(nand_ecc.o)
 .rodata        0x33f99b2c       0x14 common/libcommon.a(cmd_nvedit.o)
 .rodata        0x33f99b40      0x200 common/libcommon.a(crc16.o)
 .rodata        0x33f99d40      0x400 lib_generic/libgeneric.a(crc32.o)
 .rodata        0x33f9a140       0x18 cpu/arm920t/s3c24x0/libs3c24x0.a(nand_flash.o)
 .rodata        0x33f9a158       0x30 rtc/librtc.a(date.o)
 .rodata        0x33f9a188      0x100 /opt/arm-linux-gcc-3.4.5/bin/../lib/gcc/arm-linux/3.4.5/libgcc.a(_clz.oS)
                0x33f9a188                __clz_tab

.rodata.str1.4  0x33f9a288     0x583b
 .rodata.str1.4
                0x33f9a288      0x293 cpu/arm920t/libarm920t.a(interrupts.o)
                                0x29c (size before relaxing)
 *fill*         0x33f9a51b        0x1 00
 .rodata.str1.4
                0x33f9a51c       0x88 lib_arm/libarm.a(board.o)
                                 0x8c (size before relaxing)
 .rodata.str1.4
                0x33f9a5a4      0x241 net/libnet.a(net.o)
                                0x244 (size before relaxing)
 *fill*         0x33f9a7e5        0x3 00
 .rodata.str1.4
                0x33f9a7e8      0x1c7 net/libnet.a(tftp.o)
                                0x1e8 (size before relaxing)
 *fill*         0x33f9a9af        0x1 00
 .rodata.str1.4
                0x33f9a9b0       0x84 net/libnet.a(bootp.o)
                                 0xb8 (size before relaxing)
 .rodata.str1.4
                0x33f9aa34       0x13 net/libnet.a(rarp.o)
                                 0x4c (size before relaxing)
 *fill*         0x33f9aa47        0x1 00
 .rodata.str1.4
                0x33f9aa48       0xf0 net/libnet.a(eth.o)
                                 0xfc (size before relaxing)
 .rodata.str1.4
                0x33f9ab38      0x101 net/libnet.a(nfs.o)
                                0x1a0 (size before relaxing)
 *fill*         0x33f9ac39        0x3 00
 .rodata.str1.4
                0x33f9ac3c      0x14b drivers/libdrivers.a(dm9000x.o)
                                0x14c (size before relaxing)
 *fill*         0x33f9ad87        0x1 00
 .rodata.str1.4
                0x33f9ad88        0x9 drivers/nand/libnand.a(nand.o)
                                  0xc (size before relaxing)
 *fill*         0x33f9ad91        0x3 00
 .rodata.str1.4
                0x33f9ad94      0x366 drivers/nand/libnand.a(nand_base.o)
                                0x368 (size before relaxing)
 *fill*         0x33f9b0fa        0x2 00
 .rodata.str1.4
                0x33f9b0fc      0x43a drivers/nand/libnand.a(nand_ids.o)
                                0x43c (size before relaxing)
 *fill*         0x33f9b536        0x2 00
 .rodata.str1.4
                0x33f9b538      0x308 drivers/nand/libnand.a(nand_bbt.o)
 .rodata.str1.4
                0x33f9b840      0x100 common/libcommon.a(main.o)
 .rodata.str1.4
                0x33f9b940       0xf6 common/libcommon.a(cmd_autoscript.o)
                                 0xf8 (size before relaxing)
 *fill*         0x33f9ba36        0x2 00
 .rodata.str1.4
                0x33f9ba38       0xbf common/libcommon.a(cmd_bdinfo.o)
                                 0xc0 (size before relaxing)
 *fill*         0x33f9baf7        0x1 00
 .rodata.str1.4
                0x33f9baf8      0x10b common/libcommon.a(cmd_boot.o)
                                0x118 (size before relaxing)
 *fill*         0x33f9bc03        0x1 00
 .rodata.str1.4
                0x33f9bc04      0x8c5 common/libcommon.a(cmd_bootm.o)
                                0x908 (size before relaxing)
 *fill*         0x33f9c4c9        0x3 00
 .rodata.str1.4
                0x33f9c4cc      0x125 common/libcommon.a(cmd_cache.o)
                                0x13c (size before relaxing)
 *fill*         0x33f9c5f1        0x3 00
 .rodata.str1.4
                0x33f9c5f4       0x70 common/libcommon.a(cmd_console.o)
                                 0x74 (size before relaxing)
 .rodata.str1.4
                0x33f9c664      0x16c common/libcommon.a(cmd_date.o)
                                0x180 (size before relaxing)
 .rodata.str1.4
                0x33f9c7d0      0x2d7 common/libcommon.a(cmd_elf.o)
                                0x2f0 (size before relaxing)
 *fill*         0x33f9caa7        0x1 00
 .rodata.str1.4
                0x33f9caa8      0x767 common/libcommon.a(cmd_flash.o)
                                0x780 (size before relaxing)
 *fill*         0x33f9d20f        0x1 00
 .rodata.str1.4
                0x33f9d210       0xce common/libcommon.a(cmd_itest.o)
                                 0xdc (size before relaxing)
 *fill*         0x33f9d2de        0x2 00
 .rodata.str1.4
                0x33f9d2e0      0x378 common/libcommon.a(cmd_load.o)
                                0x398 (size before relaxing)
 .rodata.str1.4
                0x33f9d658      0x629 common/libcommon.a(cmd_mem.o)
                                0x648 (size before relaxing)
 *fill*         0x33f9dc81        0x3 00
 .rodata.str1.4
                0x33f9dc84       0x70 common/libcommon.a(cmd_misc.o)
                                 0x7c (size before relaxing)
 .rodata.str1.4
                0x33f9dcf4      0x905 common/libcommon.a(cmd_nand.o)
                                0x93c (size before relaxing)
 *fill*         0x33f9e5f9        0x3 00
 .rodata.str1.4
                0x33f9e5fc      0x22a common/libcommon.a(cmd_net.o)
                                0x27c (size before relaxing)
 *fill*         0x33f9e826        0x2 00
 .rodata.str1.4
                0x33f9e828      0x321 common/libcommon.a(cmd_nvedit.o)
                                0x3bc (size before relaxing)
 *fill*         0x33f9eb49        0x3 00
 .rodata.str1.4
                0x33f9eb4c      0x27e common/libcommon.a(command.o)
                                0x280 (size before relaxing)
 *fill*         0x33f9edca        0x2 00
 .rodata.str1.4
                0x33f9edcc       0x75 common/libcommon.a(console.o)
                                 0x7c (size before relaxing)
 *fill*         0x33f9ee41        0x3 00
 .rodata.str1.4
                0x33f9ee44       0x2f common/libcommon.a(devices.o)
                                 0x48 (size before relaxing)
 *fill*         0x33f9ee73        0x1 00
 .rodata.str1.4
                0x33f9ee74       0x33 common/libcommon.a(env_common.o)
                                 0x34 (size before relaxing)
 *fill*         0x33f9eea7        0x1 00
 .rodata.str1.4
                0x33f9eea8       0x97 common/libcommon.a(env_nand.o)
                                 0xa0 (size before relaxing)
 *fill*         0x33f9ef3f        0x1 00
 .rodata.str1.4
                0x33f9ef40      0x11d common/libcommon.a(flash.o)
                                0x120 (size before relaxing)
 *fill*         0x33f9f05d        0x3 00
 .rodata.str1.4
                0x33f9f060       0xf2 common/libcommon.a(xyzModem.o)
                                 0xf8 (size before relaxing)
 *fill*         0x33f9f152        0x2 00
 .rodata.str1.4
                0x33f9f154       0x17 lib_generic/libgeneric.a(display_options.o)
                                 0x20 (size before relaxing)
 *fill*         0x33f9f16b        0x1 00
 .rodata.str1.4
                0x33f9f16c       0x57 lib_generic/libgeneric.a(vsprintf.o)
                                 0x58 (size before relaxing)
 *fill*         0x33f9f1c3        0x1 00
 .rodata.str1.4
                0x33f9f1c4      0x20d lib_generic/libgeneric.a(zlib.o)
                                0x214 (size before relaxing)
 *fill*         0x33f9f3d1        0x3 00
 .rodata.str1.4
                0x33f9f3d4      0x125 board/mini2440/libmini2440.a(flash.o)
                                0x12c (size before relaxing)
 *fill*         0x33f9f4f9        0x3 00
 .rodata.str1.4
                0x33f9f4fc       0x14 cpu/arm920t/s3c24x0/libs3c24x0.a(nand_flash.o)
 .rodata.str1.4
                0x33f9f510       0x5b lib_arm/libarm.a(armlinux.o)
                                 0xc4 (size before relaxing)
 *fill*         0x33f9f56b        0x1 00
 .rodata.str1.4
                0x33f9f56c      0x557 drivers/nand/libnand.a(nand_util.o)
                                0x55c (size before relaxing)
                0x33f9fac4                . = ALIGN (0x4)

.data           0x33f9fac4     0x1598
 *(.data)
 .data          0x33f9fac4       0x2c lib_arm/libarm.a(board.o)
                0x33f9fac4                init_sequence
 .data          0x33f9faf0        0xa net/libnet.a(net.o)
                0x33f9faf2                NetOurVLAN
                0x33f9faf0                NetOurNativeVLAN
                0x33f9faf4                NetBcastAddr
 *fill*         0x33f9fafa        0x2 00
 .data          0x33f9fafc        0x4 net/libnet.a(nfs.o)
 .data          0x33f9fb00        0x4 drivers/libdrivers.a(dm9000x.o)
 .data          0x33f9fb04        0x4 drivers/nand/libnand.a(nand.o)
                0x33f9fb04                nand_curr_device
 .data          0x33f9fb08      0x298 drivers/nand/libnand.a(nand_base.o)
 .data          0x33f9fda0      0x548 drivers/nand/libnand.a(nand_ids.o)
                0x33f9fda0                nand_manuf_ids
                0x33f9fdd8                nand_flash_ids
 .data          0x33fa02e8      0x110 drivers/nand/libnand.a(nand_bbt.o)
 .data          0x33fa03f8       0x10 common/libcommon.a(main.o)
 .data          0x33fa0408        0x4 common/libcommon.a(cmd_bootm.o)
                0x33fa0408                load_addr
 .data          0x33fa040c       0x1c common/libcommon.a(cmd_date.o)
                0x33fa040c                weekdays
 .data          0x33fa0428       0x68 common/libcommon.a(cmd_itest.o)
                0x33fa0428                op_table
 .data          0x33fa0490        0x4 common/libcommon.a(cmd_load.o)
 .data          0x33fa0494        0x4 common/libcommon.a(cmd_mem.o)
                0x33fa0494                dp_last_length
 .data          0x33fa0498        0xc common/libcommon.a(devices.o)
                0x33fa0498                stdio_names
 .data          0x33fa04a4      0x414 common/libcommon.a(dlmalloc.o)
 .data          0x33fa08b8      0x178 common/libcommon.a(env_common.o)
                0x33fa08bc                default_environment
                0x33fa0a2c                env_get_char
                0x33fa08b8                default_environment_size
 .data          0x33fa0a30        0x4 common/libcommon.a(env_nand.o)
                0x33fa0a30                env_name_spec
 .data          0x33fa0a34      0x2a0 lib_generic/libgeneric.a(zlib.o)
                0x33fa0a34                z_errmsg
                0x33fa0a54                zlib_version
 .data          0x33fa0cd4      0x100 lib_generic/libgeneric.a(ctype.o)
                0x33fa0cd4                _ctype
 .data          0x33fa0dd4       0x30 rtc/librtc.a(date.o)
 .data          0x33fa0e04      0x258 drivers/nand/libnand.a(nand_util.o)

.got.plt        0x33fa105c        0xc
 .got.plt       0x33fa105c        0xc /opt/arm-linux-gcc-3.4.5/bin/../lib/gcc/arm-linux/3.4.5/libgcc.a(_udivdi3.oS)
                0x33fa105c                _GLOBAL_OFFSET_TABLE_
                0x33fa1068                . = ALIGN (0x4)

.got            0x33fa1068        0x4
 *(.got)
 .got           0x33fa1068        0x4 /opt/arm-linux-gcc-3.4.5/bin/../lib/gcc/arm-linux/3.4.5/libgcc.a(_udivdi3.oS)
                0x33fa106c                . = .
                0x33fa106c                __u_boot_cmd_start = .

.u_boot_cmd     0x33fa106c      0x480
 *(.u_boot_cmd)
 .u_boot_cmd    0x33fa106c       0x18 common/libcommon.a(cmd_autoscript.o)
                0x33fa106c                __u_boot_cmd_autoscr
 .u_boot_cmd    0x33fa1084       0x18 common/libcommon.a(cmd_bdinfo.o)
                0x33fa1084                __u_boot_cmd_bdinfo
 .u_boot_cmd    0x33fa109c       0x30 common/libcommon.a(cmd_boot.o)
                0x33fa109c                __u_boot_cmd_reset
                0x33fa10b4                __u_boot_cmd_go
 .u_boot_cmd    0x33fa10cc       0x78 common/libcommon.a(cmd_bootm.o)
                0x33fa112c                __u_boot_cmd_bootm
                0x33fa10e4                __u_boot_cmd_iminfo
                0x33fa10cc                __u_boot_cmd_imls
                0x33fa10fc                __u_boot_cmd_bootd
                0x33fa1114                __u_boot_cmd_boot
 .u_boot_cmd    0x33fa1144       0x30 common/libcommon.a(cmd_cache.o)
                0x33fa1144                __u_boot_cmd_dcache
                0x33fa115c                __u_boot_cmd_icache
 .u_boot_cmd    0x33fa1174       0x18 common/libcommon.a(cmd_console.o)
                0x33fa1174                __u_boot_cmd_coninfo
 .u_boot_cmd    0x33fa118c       0x18 common/libcommon.a(cmd_date.o)
                0x33fa118c                __u_boot_cmd_date
 .u_boot_cmd    0x33fa11a4       0x30 common/libcommon.a(cmd_elf.o)
                0x33fa11bc                __u_boot_cmd_bootelf
                0x33fa11a4                __u_boot_cmd_bootvx
 .u_boot_cmd    0x33fa11d4       0x48 common/libcommon.a(cmd_flash.o)
                0x33fa1204                __u_boot_cmd_flinfo
                0x33fa11d4                __u_boot_cmd_protect
                0x33fa11ec                __u_boot_cmd_erase
 .u_boot_cmd    0x33fa121c       0x18 common/libcommon.a(cmd_itest.o)
                0x33fa121c                __u_boot_cmd_itest
 .u_boot_cmd    0x33fa1234       0x48 common/libcommon.a(cmd_load.o)
                0x33fa1234                __u_boot_cmd_loady
                0x33fa1264                __u_boot_cmd_loads
                0x33fa124c                __u_boot_cmd_loadb
 .u_boot_cmd    0x33fa127c       0xf0 common/libcommon.a(cmd_mem.o)
                0x33fa133c                __u_boot_cmd_mm
                0x33fa12f4                __u_boot_cmd_cp
                0x33fa1294                __u_boot_cmd_loop
                0x33fa12ac                __u_boot_cmd_base
                0x33fa130c                __u_boot_cmd_mw
                0x33fa12dc                __u_boot_cmd_cmp
                0x33fa1324                __u_boot_cmd_nm
                0x33fa127c                __u_boot_cmd_mtest
                0x33fa12c4                __u_boot_cmd_crc32
                0x33fa1354                __u_boot_cmd_md
 .u_boot_cmd    0x33fa136c       0x18 common/libcommon.a(cmd_misc.o)
                0x33fa136c                __u_boot_cmd_sleep
 .u_boot_cmd    0x33fa1384       0x30 common/libcommon.a(cmd_nand.o)
                0x33fa139c                __u_boot_cmd_nand
                0x33fa1384                __u_boot_cmd_nboot
 .u_boot_cmd    0x33fa13b4       0x78 common/libcommon.a(cmd_net.o)
                0x33fa13b4                __u_boot_cmd_ping
                0x33fa13cc                __u_boot_cmd_nfs
                0x33fa13e4                __u_boot_cmd_rarpboot
                0x33fa1414                __u_boot_cmd_bootp
                0x33fa13fc                __u_boot_cmd_tftpboot
 .u_boot_cmd    0x33fa142c       0x60 common/libcommon.a(cmd_nvedit.o)
                0x33fa145c                __u_boot_cmd_setenv
                0x33fa1474                __u_boot_cmd_printenv
                0x33fa1444                __u_boot_cmd_saveenv
                0x33fa142c                __u_boot_cmd_run
 .u_boot_cmd    0x33fa148c       0x60 common/libcommon.a(command.o)
                0x33fa14d4                __u_boot_cmd_version
                0x33fa14bc                __u_boot_cmd_echo
                0x33fa14a4                __u_boot_cmd_help
                0x33fa148c                __u_boot_cmd_question_mark
                0x33fa14ec                __u_boot_cmd_end = .
                0x33fa14ec                . = ALIGN (0x4)
                0x33fa14ec                __bss_start = .

.bss            0x33fa14ec     0x5d0c
 *(.bss)
 .bss           0x33fa14ec        0xc cpu/arm920t/s3c24x0/libs3c24x0.a(interrupts.o)
                0x33fa14ec                timer_load_val
 .bss           0x33fa14f8       0x10 lib_arm/libarm.a(board.o)
                0x33fa14f8                monitor_flash_len
 .bss           0x33fa1508     0x25dc net/libnet.a(net.o)
                0x33fa1664                PktBuf
                0x33fa15a0                NetOurDNSIP
                0x33fa15c0                NetRxPackets
                0x33fa155e                NetOurHostName
                0x33fa15b8                NetOurIP
                0x33fa15a4                NetOurGatewayIP
                0x33fa150c                NetRestartWrap
                0x33fa15e0                BootFile
                0x33fa1508                NetTxPacket
                0x33fa3498                NetArpWaitPacketBuf
                0x33fa157e                NetOurNISDomain
                0x33fa151e                NetOurRootPath
                0x33fa1516                NetServerEther
                0x33fa15dc                NetState
                0x33fa15a8                NetOurSubnetMask
                0x33fa3484                NetArpWaitPacketIP
                0x33fa3ab8                NetArpWaitTimerStart
                0x33fa15bc                NetServerIP
                0x33fa1510                NetEtherNullAddr
                0x33fa3488                NetArpWaitReplyIP
                0x33fa348c                NetArpWaitPacketMAC
                0x33fa15b0                NetOurEther
                0x33fa15d8                NetIPID
                0x33fa3494                NetArpWaitTxPacketSize
                0x33fa3490                NetArpWaitTxPacket
                0x33fa151c                NetBootFileSize
                0x33fa3abc                NetArpWaitTry
                0x33fa1660                NetPingIP
                0x33fa15d4                NetRxPktLen
                0x33fa15ac                NetBootFileXferSize
                0x33fa15d0                NetRxPkt
 .bss           0x33fa3ae4       0x34 net/libnet.a(tftp.o)
 .bss           0x33fa3b18        0x8 net/libnet.a(bootp.o)
                0x33fa3b1c                BootpTry
                0x33fa3b18                BootpID
 .bss           0x33fa3b20        0x4 net/libnet.a(rarp.o)
                0x33fa3b20                RarpTry
 .bss           0x33fa3b24        0xc net/libnet.a(eth.o)
 .bss           0x33fa3b30      0x8b0 net/libnet.a(nfs.o)
 .bss           0x33fa43e0       0xdc drivers/libdrivers.a(dm9000x.o)
                0x33fa43e0                dmfe_info
 .bss           0x33fa44bc      0x208 drivers/nand/libnand.a(nand.o)
                0x33fa44bc                nand_info
 .bss           0x33fa46c4      0x200 common/libcommon.a(main.o)
                0x33fa46c4                console_buffer
 .bss           0x33fa48c4       0x40 common/libcommon.a(cmd_bootm.o)
                0x33fa48c4                header
 .bss           0x33fa4904       0x88 common/libcommon.a(cmd_load.o)
                0x33fa4928                his_eol
                0x33fa4934                os_data_init
                0x33fa4904                os_data_count
                0x33fa4930                his_pad_char
                0x33fa4950                send_ptr
                0x33fa4931                his_quote
                0x33fa493c                send_parms
                0x33fa4938                os_data_char
                0x33fa492c                his_pad_count
                0x33fa4908                os_data_header
 .bss           0x33fa498c       0x14 common/libcommon.a(cmd_mem.o)
                0x33fa4990                dp_last_size
                0x33fa4998                mm_last_size
                0x33fa4994                mm_last_addr
                0x33fa498c                dp_last_addr
 .bss           0x33fa49a0        0x8 common/libcommon.a(console.o)
 .bss           0x33fa49a8       0x10 common/libcommon.a(devices.o)
                0x33fa49a8                stdio_devices
                0x33fa49b4                devlist
 .bss           0x33fa49b8       0x3c common/libcommon.a(dlmalloc.o)
 .bss           0x33fa49f4        0x4 common/libcommon.a(env_nand.o)
                0x33fa49f4                env_ptr
 .bss           0x33fa49f8      0x43c common/libcommon.a(xyzModem.o)
 .bss           0x33fa4e34        0x4 lib_generic/libgeneric.a(string.o)
                0x33fa4e34                ___strtok
 .bss           0x33fa4e38     0x10a8 lib_generic/libgeneric.a(zlib.o)
 .bss           0x33fa5ee0      0xa0c board/mini2440/libmini2440.a(flash.o)
                0x33fa5ee0                flash_info
 .bss           0x33fa68ec        0x4 lib_arm/libarm.a(armlinux.o)
 .bss           0x33fa68f0      0x908 drivers/nand/libnand.a(nand_util.o)

.rel.dyn
                0x33fa71f8                _end = .
Address of section .text set to 0x33f80000
LOAD cpu/arm920t/start.o
START GROUP
LOAD lib_generic/libgeneric.a
LOAD board/mini2440/libmini2440.a
LOAD cpu/arm920t/libarm920t.a
LOAD cpu/arm920t/s3c24x0/libs3c24x0.a
LOAD lib_arm/libarm.a
LOAD fs/cramfs/libcramfs.a
LOAD fs/fat/libfat.a
LOAD fs/fdos/libfdos.a
LOAD fs/jffs2/libjffs2.a
LOAD fs/reiserfs/libreiserfs.a
LOAD fs/ext2/libext2fs.a
LOAD net/libnet.a
LOAD disk/libdisk.a
LOAD rtc/librtc.a
LOAD dtt/libdtt.a
LOAD drivers/libdrivers.a
LOAD drivers/nand/libnand.a
LOAD drivers/nand_legacy/libnand_legacy.a
LOAD drivers/sk98lin/libsk98lin.a
LOAD post/libpost.a
LOAD post/cpu/libcpu.a
LOAD common/libcommon.a
END GROUP
LOAD /opt/arm-linux-gcc-3.4.5/bin/../lib/gcc/arm-linux/3.4.5/libgcc.a
OUTPUT(u-boot elf32-littlearm)

.debug_line     0x00000000     0x7ebf
 .debug_line    0x00000000       0xb1 cpu/arm920t/start.o
 .debug_line    0x000000b1       0x48 board/mini2440/lowlevel_init.o
 .debug_line    0x000000f9       0x99 board/mini2440/nand_read.o
 .debug_line    0x00000192       0xc1 cpu/arm920t/libarm920t.a(interrupts.o)
 .debug_line    0x00000253      0x14f cpu/arm920t/s3c24x0/libs3c24x0.a(interrupts.o)
 .debug_line    0x000003a2      0x18e cpu/arm920t/s3c24x0/libs3c24x0.a(speed.o)
 .debug_line    0x00000530       0x5c lib_arm/libarm.a(_udivsi3.o)
 .debug_line    0x0000058c      0x1bc lib_arm/libarm.a(board.o)
 .debug_line    0x00000748       0x33 lib_arm/libarm.a(div0.o)
 .debug_line    0x0000077b      0x706 net/libnet.a(net.o)
 .debug_line    0x00000e81      0x29b net/libnet.a(tftp.o)
 .debug_line    0x0000111c      0x2dd net/libnet.a(bootp.o)
 .debug_line    0x000013f9       0xfe net/libnet.a(rarp.o)
 .debug_line    0x000014f7      0x1bb net/libnet.a(eth.o)
 .debug_line    0x000016b2      0x4b7 net/libnet.a(nfs.o)
 .debug_line    0x00001b69      0x26b drivers/libdrivers.a(dm9000x.o)
 .debug_line    0x00001dd4      0x18e drivers/nand/libnand.a(nand.o)
 .debug_line    0x00001f62      0x795 drivers/nand/libnand.a(nand_base.o)
 .debug_line    0x000026f7       0x71 drivers/nand/libnand.a(nand_ids.o)
 .debug_line    0x00002768      0x1c7 drivers/nand/libnand.a(nand_ecc.o)
 .debug_line    0x0000292f      0x484 drivers/nand/libnand.a(nand_bbt.o)
 .debug_line    0x00002db3      0x1f6 common/libcommon.a(main.o)
 .debug_line    0x00002fa9      0x20a common/libcommon.a(cmd_autoscript.o)
 .debug_line    0x000031b3      0x12e common/libcommon.a(cmd_bdinfo.o)
 .debug_line    0x000032e1       0xd9 common/libcommon.a(cmd_boot.o)
 .debug_line    0x000033ba      0x509 common/libcommon.a(cmd_bootm.o)
 .debug_line    0x000038c3       0xae common/libcommon.a(cmd_cache.o)
 .debug_line    0x00003971       0xa9 common/libcommon.a(cmd_console.o)
 .debug_line    0x00003a1a      0x16f common/libcommon.a(cmd_date.o)
 .debug_line    0x00003b89      0x1b7 common/libcommon.a(cmd_elf.o)
 .debug_line    0x00003d40      0x258 common/libcommon.a(cmd_flash.o)
 .debug_line    0x00003f98      0x11e common/libcommon.a(cmd_itest.o)
 .debug_line    0x000040b6      0x3a5 common/libcommon.a(cmd_load.o)
 .debug_line    0x0000445b      0x2a2 common/libcommon.a(cmd_mem.o)
 .debug_line    0x000046fd       0xd2 common/libcommon.a(cmd_misc.o)
 .debug_line    0x000047cf      0x3af common/libcommon.a(cmd_nand.o)
 .debug_line    0x00004b7e      0x141 common/libcommon.a(cmd_net.o)
 .debug_line    0x00004cbf      0x2bc common/libcommon.a(cmd_nvedit.o)
 .debug_line    0x00004f7b      0x113 common/libcommon.a(command.o)
 .debug_line    0x0000508e      0x259 common/libcommon.a(console.o)
 .debug_line    0x000052e7      0x153 common/libcommon.a(devices.o)
 .debug_line    0x0000543a      0x3a9 common/libcommon.a(dlmalloc.o)
 .debug_line    0x000057e3      0x152 common/libcommon.a(env_common.o)
 .debug_line    0x00005935      0x22e common/libcommon.a(env_nand.o)
 .debug_line    0x00005b63       0xdf common/libcommon.a(exports.o)
 .debug_line    0x00005c42      0x14d common/libcommon.a(flash.o)
 .debug_line    0x00005d8f      0x107 common/libcommon.a(lists.o)
 .debug_line    0x00005e96      0x109 common/libcommon.a(s_record.o)
 .debug_line    0x00005f9f      0x22a common/libcommon.a(xyzModem.o)
 .debug_line    0x000061c9       0xc7 common/libcommon.a(crc16.o)
 .debug_line    0x00006290       0x9a lib_generic/libgeneric.a(crc32.o)
 .debug_line    0x0000632a       0xa1 lib_generic/libgeneric.a(display_options.o)
 .debug_line    0x000063cb      0x1be lib_generic/libgeneric.a(string.o)
 .debug_line    0x00006589      0x1d4 lib_generic/libgeneric.a(vsprintf.o)
 .debug_line    0x0000675d      0x5d5 lib_generic/libgeneric.a(zlib.o)
 .debug_line    0x00006d32       0x25 lib_generic/libgeneric.a(ctype.o)
 .debug_line    0x00006d57      0x176 board/mini2440/libmini2440.a(mini2440.o)
 .debug_line    0x00006ecd      0x1d7 board/mini2440/libmini2440.a(flash.o)
 .debug_line    0x000070a4       0xe7 cpu/arm920t/libarm920t.a(cpu.o)
 .debug_line    0x0000718b      0x163 cpu/arm920t/s3c24x0/libs3c24x0.a(serial.o)
 .debug_line    0x000072ee      0x1da cpu/arm920t/s3c24x0/libs3c24x0.a(nand_flash.o)
 .debug_line    0x000074c8       0x3d lib_arm/libarm.a(_ashldi3.o)
 .debug_line    0x00007505       0x3d lib_arm/libarm.a(_ashrdi3.o)
 .debug_line    0x00007542       0x63 lib_arm/libarm.a(_divsi3.o)
 .debug_line    0x000075a5       0x51 lib_arm/libarm.a(_modsi3.o)
 .debug_line    0x000075f6       0x63 lib_arm/libarm.a(_umodsi3.o)
 .debug_line    0x00007659      0x246 lib_arm/libarm.a(armlinux.o)
 .debug_line    0x0000789f       0x34 lib_arm/libarm.a(cache.o)
 .debug_line    0x000078d3       0xc6 rtc/librtc.a(date.o)
 .debug_line    0x00007999      0x138 rtc/librtc.a(s3c24x0_rtc.o)
 .debug_line    0x00007ad1      0x3ba drivers/nand/libnand.a(nand_util.o)
 .debug_line    0x00007e8b       0x1a /opt/arm-linux-gcc-3.4.5/bin/../lib/gcc/arm-linux/3.4.5/libgcc.a(_udivdi3.oS)
 .debug_line    0x00007ea5       0x1a /opt/arm-linux-gcc-3.4.5/bin/../lib/gcc/arm-linux/3.4.5/libgcc.a(_clz.oS)

.debug_info     0x00000000    0x1cac7
 .debug_info    0x00000000       0x67 cpu/arm920t/start.o
 .debug_info    0x00000067       0x72 board/mini2440/lowlevel_init.o
 .debug_info    0x000000d9      0x243 board/mini2440/nand_read.o
 .debug_info    0x0000031c      0x242 cpu/arm920t/libarm920t.a(interrupts.o)
 .debug_info    0x0000055e      0x439 cpu/arm920t/s3c24x0/libs3c24x0.a(interrupts.o)
 .debug_info    0x00000997      0x3ec cpu/arm920t/s3c24x0/libs3c24x0.a(speed.o)
 .debug_info    0x00000d83       0x66 lib_arm/libarm.a(_udivsi3.o)
 .debug_info    0x00000de9      0x4dd lib_arm/libarm.a(board.o)
 .debug_info    0x000012c6       0x44 lib_arm/libarm.a(div0.o)
 .debug_info    0x0000130a     0x16c4 net/libnet.a(net.o)
 .debug_info    0x000029ce      0x41a net/libnet.a(tftp.o)
 .debug_info    0x00002de8      0x8c2 net/libnet.a(bootp.o)
 .debug_info    0x000036aa      0x245 net/libnet.a(rarp.o)
 .debug_info    0x000038ef      0x5f2 net/libnet.a(eth.o)
 .debug_info    0x00003ee1      0xe3a net/libnet.a(nfs.o)
 .debug_info    0x00004d1b      0x836 drivers/libdrivers.a(dm9000x.o)
 .debug_info    0x00005551      0xc63 drivers/nand/libnand.a(nand.o)
 .debug_info    0x000061b4     0x214e drivers/nand/libnand.a(nand_base.o)
 .debug_info    0x00008302      0x156 drivers/nand/libnand.a(nand_ids.o)
 .debug_info    0x00008458      0x7e4 drivers/nand/libnand.a(nand_ecc.o)
 .debug_info    0x00008c3c     0x1794 drivers/nand/libnand.a(nand_bbt.o)
 .debug_info    0x0000a3d0      0x620 common/libcommon.a(main.o)
 .debug_info    0x0000a9f0      0x3fc common/libcommon.a(cmd_autoscript.o)
 .debug_info    0x0000adec      0x368 common/libcommon.a(cmd_bdinfo.o)
 .debug_info    0x0000b154      0x1c8 common/libcommon.a(cmd_boot.o)
 .debug_info    0x0000b31c     0x1368 common/libcommon.a(cmd_bootm.o)
 .debug_info    0x0000c684      0x218 common/libcommon.a(cmd_cache.o)
 .debug_info    0x0000c89c      0x37d common/libcommon.a(cmd_console.o)
 .debug_info    0x0000cc19      0x4fb common/libcommon.a(cmd_date.o)
 .debug_info    0x0000d114      0x506 common/libcommon.a(cmd_elf.o)
 .debug_info    0x0000d61a      0x7b0 common/libcommon.a(cmd_flash.o)
 .debug_info    0x0000ddca      0x42a common/libcommon.a(cmd_itest.o)
 .debug_info    0x0000e1f4      0xd34 common/libcommon.a(cmd_load.o)
 .debug_info    0x0000ef28      0xa16 common/libcommon.a(cmd_mem.o)
 .debug_info    0x0000f93e      0x1aa common/libcommon.a(cmd_misc.o)
 .debug_info    0x0000fae8     0x1577 common/libcommon.a(cmd_nand.o)
 .debug_info    0x0001105f      0x533 common/libcommon.a(cmd_net.o)
 .debug_info    0x00011592      0x852 common/libcommon.a(cmd_nvedit.o)
 .debug_info    0x00011de4      0x3f4 common/libcommon.a(command.o)
 .debug_info    0x000121d8      0x855 common/libcommon.a(console.o)
 .debug_info    0x00012a2d      0x485 common/libcommon.a(devices.o)
 .debug_info    0x00012eb2      0xb59 common/libcommon.a(dlmalloc.o)
 .debug_info    0x00013a0b      0x379 common/libcommon.a(env_common.o)
 .debug_info    0x00013d84      0xa33 common/libcommon.a(env_nand.o)
 .debug_info    0x000147b7      0x255 common/libcommon.a(exports.o)
 .debug_info    0x00014a0c      0x2f8 common/libcommon.a(flash.o)
 .debug_info    0x00014d04      0x4df common/libcommon.a(lists.o)
 .debug_info    0x000151e3      0x17a common/libcommon.a(s_record.o)
 .debug_info    0x0001535d      0x625 common/libcommon.a(xyzModem.o)
 .debug_info    0x00015982      0x10f common/libcommon.a(crc16.o)
 .debug_info    0x00015a91      0x16d lib_generic/libgeneric.a(crc32.o)
 .debug_info    0x00015bfe      0x120 lib_generic/libgeneric.a(display_options.o)
 .debug_info    0x00015d1e      0x828 lib_generic/libgeneric.a(string.o)
 .debug_info    0x00016546      0x401 lib_generic/libgeneric.a(vsprintf.o)
 .debug_info    0x00016947     0x16ca lib_generic/libgeneric.a(zlib.o)
 .debug_info    0x00018011       0x56 lib_generic/libgeneric.a(ctype.o)
 .debug_info    0x00018067      0x640 board/mini2440/libmini2440.a(mini2440.o)
 .debug_info    0x000186a7      0x407 board/mini2440/libmini2440.a(flash.o)
 .debug_info    0x00018aae      0x2f0 cpu/arm920t/libarm920t.a(cpu.o)
 .debug_info    0x00018d9e      0x47f cpu/arm920t/s3c24x0/libs3c24x0.a(serial.o)
 .debug_info    0x0001921d      0xf35 cpu/arm920t/s3c24x0/libs3c24x0.a(nand_flash.o)
 .debug_info    0x0001a152       0x66 lib_arm/libarm.a(_ashldi3.o)
 .debug_info    0x0001a1b8       0x66 lib_arm/libarm.a(_ashrdi3.o)
 .debug_info    0x0001a21e       0x65 lib_arm/libarm.a(_divsi3.o)
 .debug_info    0x0001a283       0x65 lib_arm/libarm.a(_modsi3.o)
 .debug_info    0x0001a2e8       0x66 lib_arm/libarm.a(_umodsi3.o)
 .debug_info    0x0001a34e      0xa94 lib_arm/libarm.a(armlinux.o)
 .debug_info    0x0001ade2       0xa8 lib_arm/libarm.a(cache.o)
 .debug_info    0x0001ae8a      0x253 rtc/librtc.a(date.o)
 .debug_info    0x0001b0dd      0x6ac rtc/librtc.a(s3c24x0_rtc.o)
 .debug_info    0x0001b789     0x133e drivers/nand/libnand.a(nand_util.o)

.debug_abbrev   0x00000000     0x639d
 .debug_abbrev  0x00000000       0x14 cpu/arm920t/start.o
 .debug_abbrev  0x00000014       0x14 board/mini2440/lowlevel_init.o
 .debug_abbrev  0x00000028      0x12d board/mini2440/nand_read.o
 .debug_abbrev  0x00000155       0xe0 cpu/arm920t/libarm920t.a(interrupts.o)
 .debug_abbrev  0x00000235      0x1c8 cpu/arm920t/s3c24x0/libs3c24x0.a(interrupts.o)
 .debug_abbrev  0x000003fd      0x147 cpu/arm920t/s3c24x0/libs3c24x0.a(speed.o)
 .debug_abbrev  0x00000544       0x14 lib_arm/libarm.a(_udivsi3.o)
 .debug_abbrev  0x00000558      0x1fc lib_arm/libarm.a(board.o)
 .debug_abbrev  0x00000754       0x3a lib_arm/libarm.a(div0.o)
 .debug_abbrev  0x0000078e      0x2ef net/libnet.a(net.o)
 .debug_abbrev  0x00000a7d      0x19e net/libnet.a(tftp.o)
 .debug_abbrev  0x00000c1b      0x261 net/libnet.a(bootp.o)
 .debug_abbrev  0x00000e7c      0x108 net/libnet.a(rarp.o)
 .debug_abbrev  0x00000f84      0x1f9 net/libnet.a(eth.o)
 .debug_abbrev  0x0000117d      0x2e3 net/libnet.a(nfs.o)
 .debug_abbrev  0x00001460      0x25f drivers/libdrivers.a(dm9000x.o)
 .debug_abbrev  0x000016bf      0x17d drivers/nand/libnand.a(nand.o)
 .debug_abbrev  0x0000183c      0x316 drivers/nand/libnand.a(nand_base.o)
 .debug_abbrev  0x00001b52       0x83 drivers/nand/libnand.a(nand_ids.o)
 .debug_abbrev  0x00001bd5      0x171 drivers/nand/libnand.a(nand_ecc.o)
 .debug_abbrev  0x00001d46      0x2b1 drivers/nand/libnand.a(nand_bbt.o)
 .debug_abbrev  0x00001ff7      0x208 common/libcommon.a(main.o)
 .debug_abbrev  0x000021ff      0x141 common/libcommon.a(cmd_autoscript.o)
 .debug_abbrev  0x00002340      0x119 common/libcommon.a(cmd_bdinfo.o)
 .debug_abbrev  0x00002459       0xd6 common/libcommon.a(cmd_boot.o)
 .debug_abbrev  0x0000252f      0x2d8 common/libcommon.a(cmd_bootm.o)
 .debug_abbrev  0x00002807       0xe5 common/libcommon.a(cmd_cache.o)
 .debug_abbrev  0x000028ec      0x134 common/libcommon.a(cmd_console.o)
 .debug_abbrev  0x00002a20      0x15a common/libcommon.a(cmd_date.o)
 .debug_abbrev  0x00002b7a      0x178 common/libcommon.a(cmd_elf.o)
 .debug_abbrev  0x00002cf2      0x1ad common/libcommon.a(cmd_flash.o)
 .debug_abbrev  0x00002e9f      0x17f common/libcommon.a(cmd_itest.o)
 .debug_abbrev  0x0000301e      0x301 common/libcommon.a(cmd_load.o)
 .debug_abbrev  0x0000331f      0x1c0 common/libcommon.a(cmd_mem.o)
 .debug_abbrev  0x000034df       0xc7 common/libcommon.a(cmd_misc.o)
 .debug_abbrev  0x000035a6      0x2e2 common/libcommon.a(cmd_nand.o)
 .debug_abbrev  0x00003888      0x17b common/libcommon.a(cmd_net.o)
 .debug_abbrev  0x00003a03      0x22e common/libcommon.a(cmd_nvedit.o)
 .debug_abbrev  0x00003c31      0x18b common/libcommon.a(command.o)
 .debug_abbrev  0x00003dbc      0x23a common/libcommon.a(console.o)
 .debug_abbrev  0x00003ff6      0x15b common/libcommon.a(devices.o)
 .debug_abbrev  0x00004151      0x1d6 common/libcommon.a(dlmalloc.o)
 .debug_abbrev  0x00004327      0x152 common/libcommon.a(env_common.o)
 .debug_abbrev  0x00004479      0x22a common/libcommon.a(env_nand.o)
 .debug_abbrev  0x000046a3       0xf3 common/libcommon.a(exports.o)
 .debug_abbrev  0x00004796      0x116 common/libcommon.a(flash.o)
 .debug_abbrev  0x000048ac      0x18e common/libcommon.a(lists.o)
 .debug_abbrev  0x00004a3a       0xac common/libcommon.a(s_record.o)
 .debug_abbrev  0x00004ae6      0x214 common/libcommon.a(xyzModem.o)
 .debug_abbrev  0x00004cfa       0x9f common/libcommon.a(crc16.o)
 .debug_abbrev  0x00004d99       0x90 lib_generic/libgeneric.a(crc32.o)
 .debug_abbrev  0x00004e29       0xc3 lib_generic/libgeneric.a(display_options.o)
 .debug_abbrev  0x00004eec      0x136 lib_generic/libgeneric.a(string.o)
 .debug_abbrev  0x00005022      0x1ad lib_generic/libgeneric.a(vsprintf.o)
 .debug_abbrev  0x000051cf      0x271 lib_generic/libgeneric.a(zlib.o)
 .debug_abbrev  0x00005440       0x42 lib_generic/libgeneric.a(ctype.o)
 .debug_abbrev  0x00005482      0x17a board/mini2440/libmini2440.a(mini2440.o)
 .debug_abbrev  0x000055fc      0x1c7 board/mini2440/libmini2440.a(flash.o)
 .debug_abbrev  0x000057c3      0x124 cpu/arm920t/libarm920t.a(cpu.o)
 .debug_abbrev  0x000058e7      0x17c cpu/arm920t/s3c24x0/libs3c24x0.a(serial.o)
 .debug_abbrev  0x00005a63      0x1ef cpu/arm920t/s3c24x0/libs3c24x0.a(nand_flash.o)
 .debug_abbrev  0x00005c52       0x14 lib_arm/libarm.a(_ashldi3.o)
 .debug_abbrev  0x00005c66       0x14 lib_arm/libarm.a(_ashrdi3.o)
 .debug_abbrev  0x00005c7a       0x14 lib_arm/libarm.a(_divsi3.o)
 .debug_abbrev  0x00005c8e       0x14 lib_arm/libarm.a(_modsi3.o)
 .debug_abbrev  0x00005ca2       0x14 lib_arm/libarm.a(_umodsi3.o)
 .debug_abbrev  0x00005cb6      0x1f7 lib_arm/libarm.a(armlinux.o)
 .debug_abbrev  0x00005ead       0x4e lib_arm/libarm.a(cache.o)
 .debug_abbrev  0x00005efb       0xdc rtc/librtc.a(date.o)
 .debug_abbrev  0x00005fd7      0x1c0 rtc/librtc.a(s3c24x0_rtc.o)
 .debug_abbrev  0x00006197      0x206 drivers/nand/libnand.a(nand_util.o)

.debug_aranges  0x00000000      0x8a0
 .debug_aranges
                0x00000000       0x20 cpu/arm920t/start.o
 .debug_aranges
                0x00000020       0x20 board/mini2440/lowlevel_init.o
 .debug_aranges
                0x00000040       0x20 board/mini2440/nand_read.o
 .debug_aranges
                0x00000060       0x20 cpu/arm920t/libarm920t.a(interrupts.o)
 .debug_aranges
                0x00000080       0x20 cpu/arm920t/s3c24x0/libs3c24x0.a(interrupts.o)
 .debug_aranges
                0x000000a0       0x20 cpu/arm920t/s3c24x0/libs3c24x0.a(speed.o)
 .debug_aranges
                0x000000c0       0x20 lib_arm/libarm.a(_udivsi3.o)
 .debug_aranges
                0x000000e0       0x20 lib_arm/libarm.a(board.o)
 .debug_aranges
                0x00000100       0x20 lib_arm/libarm.a(div0.o)
 .debug_aranges
                0x00000120       0x20 net/libnet.a(net.o)
 .debug_aranges
                0x00000140       0x20 net/libnet.a(tftp.o)
 .debug_aranges
                0x00000160       0x20 net/libnet.a(bootp.o)
 .debug_aranges
                0x00000180       0x20 net/libnet.a(rarp.o)
 .debug_aranges
                0x000001a0       0x20 net/libnet.a(eth.o)
 .debug_aranges
                0x000001c0       0x20 net/libnet.a(nfs.o)
 .debug_aranges
                0x000001e0       0x20 drivers/libdrivers.a(dm9000x.o)
 .debug_aranges
                0x00000200       0x20 drivers/nand/libnand.a(nand.o)
 .debug_aranges
                0x00000220       0x20 drivers/nand/libnand.a(nand_base.o)
 .debug_aranges
                0x00000240       0x20 drivers/nand/libnand.a(nand_ecc.o)
 .debug_aranges
                0x00000260       0x20 drivers/nand/libnand.a(nand_bbt.o)
 .debug_aranges
                0x00000280       0x20 common/libcommon.a(main.o)
 .debug_aranges
                0x000002a0       0x20 common/libcommon.a(cmd_autoscript.o)
 .debug_aranges
                0x000002c0       0x20 common/libcommon.a(cmd_bdinfo.o)
 .debug_aranges
                0x000002e0       0x20 common/libcommon.a(cmd_boot.o)
 .debug_aranges
                0x00000300       0x20 common/libcommon.a(cmd_bootm.o)
 .debug_aranges
                0x00000320       0x20 common/libcommon.a(cmd_cache.o)
 .debug_aranges
                0x00000340       0x20 common/libcommon.a(cmd_console.o)
 .debug_aranges
                0x00000360       0x20 common/libcommon.a(cmd_date.o)
 .debug_aranges
                0x00000380       0x20 common/libcommon.a(cmd_elf.o)
 .debug_aranges
                0x000003a0       0x20 common/libcommon.a(cmd_flash.o)
 .debug_aranges
                0x000003c0       0x20 common/libcommon.a(cmd_itest.o)
 .debug_aranges
                0x000003e0       0x20 common/libcommon.a(cmd_load.o)
 .debug_aranges
                0x00000400       0x20 common/libcommon.a(cmd_mem.o)
 .debug_aranges
                0x00000420       0x20 common/libcommon.a(cmd_misc.o)
 .debug_aranges
                0x00000440       0x20 common/libcommon.a(cmd_nand.o)
 .debug_aranges
                0x00000460       0x20 common/libcommon.a(cmd_net.o)
 .debug_aranges
                0x00000480       0x20 common/libcommon.a(cmd_nvedit.o)
 .debug_aranges
                0x000004a0       0x20 common/libcommon.a(command.o)
 .debug_aranges
                0x000004c0       0x20 common/libcommon.a(console.o)
 .debug_aranges
                0x000004e0       0x20 common/libcommon.a(devices.o)
 .debug_aranges
                0x00000500       0x20 common/libcommon.a(dlmalloc.o)
 .debug_aranges
                0x00000520       0x20 common/libcommon.a(env_common.o)
 .debug_aranges
                0x00000540       0x20 common/libcommon.a(env_nand.o)
 .debug_aranges
                0x00000560       0x20 common/libcommon.a(exports.o)
 .debug_aranges
                0x00000580       0x20 common/libcommon.a(flash.o)
 .debug_aranges
                0x000005a0       0x20 common/libcommon.a(lists.o)
 .debug_aranges
                0x000005c0       0x20 common/libcommon.a(s_record.o)
 .debug_aranges
                0x000005e0       0x20 common/libcommon.a(xyzModem.o)
 .debug_aranges
                0x00000600       0x20 common/libcommon.a(crc16.o)
 .debug_aranges
                0x00000620       0x20 lib_generic/libgeneric.a(crc32.o)
 .debug_aranges
                0x00000640       0x20 lib_generic/libgeneric.a(display_options.o)
 .debug_aranges
                0x00000660       0x20 lib_generic/libgeneric.a(string.o)
 .debug_aranges
                0x00000680       0x20 lib_generic/libgeneric.a(vsprintf.o)
 .debug_aranges
                0x000006a0       0x20 lib_generic/libgeneric.a(zlib.o)
 .debug_aranges
                0x000006c0       0x20 board/mini2440/libmini2440.a(mini2440.o)
 .debug_aranges
                0x000006e0       0x20 board/mini2440/libmini2440.a(flash.o)
 .debug_aranges
                0x00000700       0x20 cpu/arm920t/libarm920t.a(cpu.o)
 .debug_aranges
                0x00000720       0x20 cpu/arm920t/s3c24x0/libs3c24x0.a(serial.o)
 .debug_aranges
                0x00000740       0x20 cpu/arm920t/s3c24x0/libs3c24x0.a(nand_flash.o)
 .debug_aranges
                0x00000760       0x20 lib_arm/libarm.a(_ashldi3.o)
 .debug_aranges
                0x00000780       0x20 lib_arm/libarm.a(_ashrdi3.o)
 .debug_aranges
                0x000007a0       0x20 lib_arm/libarm.a(_divsi3.o)
 .debug_aranges
                0x000007c0       0x20 lib_arm/libarm.a(_modsi3.o)
 .debug_aranges
                0x000007e0       0x20 lib_arm/libarm.a(_umodsi3.o)
 .debug_aranges
                0x00000800       0x20 lib_arm/libarm.a(armlinux.o)
 .debug_aranges
                0x00000820       0x20 lib_arm/libarm.a(cache.o)
 .debug_aranges
                0x00000840       0x20 rtc/librtc.a(date.o)
 .debug_aranges
                0x00000860       0x20 rtc/librtc.a(s3c24x0_rtc.o)
 .debug_aranges
                0x00000880       0x20 drivers/nand/libnand.a(nand_util.o)

.debug_frame    0x00000000     0x3010
 .debug_frame   0x00000000       0x30 board/mini2440/nand_read.o
 .debug_frame   0x00000030      0x110 cpu/arm920t/libarm920t.a(interrupts.o)
 .debug_frame   0x00000140       0xf8 cpu/arm920t/s3c24x0/libs3c24x0.a(interrupts.o)
 .debug_frame   0x00000238       0x7c cpu/arm920t/s3c24x0/libs3c24x0.a(speed.o)
 .debug_frame   0x000002b4       0x9c lib_arm/libarm.a(board.o)
 .debug_frame   0x00000350       0x20 lib_arm/libarm.a(div0.o)
 .debug_frame   0x00000370      0x2c4 net/libnet.a(net.o)
 .debug_frame   0x00000634       0x8c net/libnet.a(tftp.o)
 .debug_frame   0x000006c0       0x8c net/libnet.a(bootp.o)
 .debug_frame   0x0000074c       0x60 net/libnet.a(rarp.o)
 .debug_frame   0x000007ac      0x164 net/libnet.a(eth.o)
 .debug_frame   0x00000910      0x14c net/libnet.a(nfs.o)
 .debug_frame   0x00000a5c      0x10c drivers/libdrivers.a(dm9000x.o)
 .debug_frame   0x00000b68       0x28 drivers/nand/libnand.a(nand.o)
 .debug_frame   0x00000b90      0x438 drivers/nand/libnand.a(nand_base.o)
 .debug_frame   0x00000fc8       0x54 drivers/nand/libnand.a(nand_ecc.o)
 .debug_frame   0x0000101c      0x1a0 drivers/nand/libnand.a(nand_bbt.o)
 .debug_frame   0x000011bc       0xb8 common/libcommon.a(main.o)
 .debug_frame   0x00001274       0x4c common/libcommon.a(cmd_autoscript.o)
 .debug_frame   0x000012c0       0x3c common/libcommon.a(cmd_bdinfo.o)
 .debug_frame   0x000012fc       0x2c common/libcommon.a(cmd_boot.o)
 .debug_frame   0x00001328      0x120 common/libcommon.a(cmd_bootm.o)
 .debug_frame   0x00001448       0x58 common/libcommon.a(cmd_cache.o)
 .debug_frame   0x000014a0       0x30 common/libcommon.a(cmd_console.o)
 .debug_frame   0x000014d0       0x64 common/libcommon.a(cmd_date.o)
 .debug_frame   0x00001534       0x88 common/libcommon.a(cmd_elf.o)
 .debug_frame   0x000015bc      0x124 common/libcommon.a(cmd_flash.o)
 .debug_frame   0x000016e0       0x74 common/libcommon.a(cmd_itest.o)
 .debug_frame   0x00001754      0x198 common/libcommon.a(cmd_load.o)
 .debug_frame   0x000018ec      0x184 common/libcommon.a(cmd_mem.o)
 .debug_frame   0x00001a70       0x30 common/libcommon.a(cmd_misc.o)
 .debug_frame   0x00001aa0       0x88 common/libcommon.a(cmd_nand.o)
 .debug_frame   0x00001b28       0x90 common/libcommon.a(cmd_net.o)
 .debug_frame   0x00001bb8      0x108 common/libcommon.a(cmd_nvedit.o)
 .debug_frame   0x00001cc0       0x98 common/libcommon.a(command.o)
 .debug_frame   0x00001d58      0x214 common/libcommon.a(console.o)
 .debug_frame   0x00001f6c       0x5c common/libcommon.a(devices.o)
 .debug_frame   0x00001fc8      0x13c common/libcommon.a(dlmalloc.o)
 .debug_frame   0x00002104       0x7c common/libcommon.a(env_common.o)
 .debug_frame   0x00002180       0x88 common/libcommon.a(env_nand.o)
 .debug_frame   0x00002208       0x48 common/libcommon.a(exports.o)
 .debug_frame   0x00002250       0x80 common/libcommon.a(flash.o)
 .debug_frame   0x000022d0      0x134 common/libcommon.a(lists.o)
 .debug_frame   0x00002404       0x64 common/libcommon.a(s_record.o)
 .debug_frame   0x00002468      0x128 common/libcommon.a(xyzModem.o)
 .debug_frame   0x00002590       0x28 common/libcommon.a(crc16.o)
 .debug_frame   0x000025b8       0x40 lib_generic/libgeneric.a(crc32.o)
 .debug_frame   0x000025f8       0x48 lib_generic/libgeneric.a(display_options.o)
 .debug_frame   0x00002640      0x1dc lib_generic/libgeneric.a(string.o)
 .debug_frame   0x0000281c       0xe4 lib_generic/libgeneric.a(vsprintf.o)
 .debug_frame   0x00002900      0x1f4 lib_generic/libgeneric.a(zlib.o)
 .debug_frame   0x00002af4       0x38 board/mini2440/libmini2440.a(mini2440.o)
 .debug_frame   0x00002b2c       0xac board/mini2440/libmini2440.a(flash.o)
 .debug_frame   0x00002bd8      0x114 cpu/arm920t/libarm920t.a(cpu.o)
 .debug_frame   0x00002cec       0x88 cpu/arm920t/s3c24x0/libs3c24x0.a(serial.o)
 .debug_frame   0x00002d74       0x50 cpu/arm920t/s3c24x0/libs3c24x0.a(nand_flash.o)
 .debug_frame   0x00002dc4       0x38 lib_arm/libarm.a(armlinux.o)
 .debug_frame   0x00002dfc       0x20 lib_arm/libarm.a(cache.o)
 .debug_frame   0x00002e1c       0x6c rtc/librtc.a(date.o)
 .debug_frame   0x00002e88       0x94 rtc/librtc.a(s3c24x0_rtc.o)
 .debug_frame   0x00002f1c       0xf4 drivers/nand/libnand.a(nand_util.o)

.debug_pubnames
                0x00000000     0x2117
 .debug_pubnames
                0x00000000       0x23 board/mini2440/nand_read.o
 .debug_pubnames
                0x00000023       0xdf cpu/arm920t/libarm920t.a(interrupts.o)
 .debug_pubnames
                0x00000102       0xd7 cpu/arm920t/s3c24x0/libs3c24x0.a(interrupts.o)
 .debug_pubnames
                0x000001d9       0x46 cpu/arm920t/s3c24x0/libs3c24x0.a(speed.o)
 .debug_pubnames
                0x0000021f       0x71 lib_arm/libarm.a(board.o)
 .debug_pubnames
                0x00000290       0x1d lib_arm/libarm.a(div0.o)
 .debug_pubnames
                0x000002ad      0x405 net/libnet.a(net.o)
 .debug_pubnames
                0x000006b2       0x20 net/libnet.a(tftp.o)
 .debug_pubnames
                0x000006d2       0x3c net/libnet.a(bootp.o)
 .debug_pubnames
                0x0000070e       0x2e net/libnet.a(rarp.o)
 .debug_pubnames
                0x0000073c       0xf4 net/libnet.a(eth.o)
 .debug_pubnames
                0x00000830       0x1f net/libnet.a(nfs.o)
 .debug_pubnames
                0x0000084f       0x84 drivers/libdrivers.a(dm9000x.o)
 .debug_pubnames
                0x000008d3       0x43 drivers/nand/libnand.a(nand.o)
 .debug_pubnames
                0x00000916       0x57 drivers/nand/libnand.a(nand_base.o)
 .debug_pubnames
                0x0000096d       0x38 drivers/nand/libnand.a(nand_ids.o)
 .debug_pubnames
                0x000009a5       0x3f drivers/nand/libnand.a(nand_ecc.o)
 .debug_pubnames
                0x000009e4       0x60 drivers/nand/libnand.a(nand_bbt.o)
 .debug_pubnames
                0x00000a44       0x5b common/libcommon.a(main.o)
 .debug_pubnames
                0x00000a9f       0x4c common/libcommon.a(cmd_autoscript.o)
 .debug_pubnames
                0x00000aeb       0x38 common/libcommon.a(cmd_bdinfo.o)
 .debug_pubnames
                0x00000b23       0x47 common/libcommon.a(cmd_boot.o)
 .debug_pubnames
                0x00000b6a       0xe4 common/libcommon.a(cmd_bootm.o)
 .debug_pubnames
                0x00000c4e       0x5e common/libcommon.a(cmd_cache.o)
 .debug_pubnames
                0x00000cac       0x3a common/libcommon.a(cmd_console.o)
 .debug_pubnames
                0x00000ce6       0x4d common/libcommon.a(cmd_date.o)
 .debug_pubnames
                0x00000d33       0x87 common/libcommon.a(cmd_elf.o)
 .debug_pubnames
                0x00000dba       0xb2 common/libcommon.a(cmd_flash.o)
 .debug_pubnames
                0x00000e6c       0x53 common/libcommon.a(cmd_itest.o)
 .debug_pubnames
                0x00000ebf      0x1c9 common/libcommon.a(cmd_load.o)
 .debug_pubnames
                0x00001088      0x1e7 common/libcommon.a(cmd_mem.o)
 .debug_pubnames
                0x0000126f       0x36 common/libcommon.a(cmd_misc.o)
 .debug_pubnames
                0x000012a5       0x5b common/libcommon.a(cmd_nand.o)
 .debug_pubnames
                0x00001300       0xc6 common/libcommon.a(cmd_net.o)
 .debug_pubnames
                0x000013c6       0xd1 common/libcommon.a(cmd_nvedit.o)
 .debug_pubnames
                0x00001497       0xaa common/libcommon.a(command.o)
 .debug_pubnames
                0x00001541      0x10e common/libcommon.a(console.o)
 .debug_pubnames
                0x0000164f       0x76 common/libcommon.a(devices.o)
 .debug_pubnames
                0x000016c5       0xb3 common/libcommon.a(dlmalloc.o)
 .debug_pubnames
                0x00001778       0xa5 common/libcommon.a(env_common.o)
 .debug_pubnames
                0x0000181d       0x75 common/libcommon.a(env_nand.o)
 .debug_pubnames
                0x00001892       0x35 common/libcommon.a(exports.o)
 .debug_pubnames
                0x000018c7       0x53 common/libcommon.a(flash.o)
 .debug_pubnames
                0x0000191a      0x116 common/libcommon.a(lists.o)
 .debug_pubnames
                0x00001a30       0x22 common/libcommon.a(s_record.o)
 .debug_pubnames
                0x00001a52       0xd5 common/libcommon.a(xyzModem.o)
 .debug_pubnames
                0x00001b27       0x20 common/libcommon.a(crc16.o)
 .debug_pubnames
                0x00001b47       0x2e lib_generic/libgeneric.a(crc32.o)
 .debug_pubnames
                0x00001b75       0x35 lib_generic/libgeneric.a(display_options.o)
 .debug_pubnames
                0x00001baa      0x130 lib_generic/libgeneric.a(string.o)
 .debug_pubnames
                0x00001cda       0x5a lib_generic/libgeneric.a(vsprintf.o)
 .debug_pubnames
                0x00001d34       0xab lib_generic/libgeneric.a(zlib.o)
 .debug_pubnames
                0x00001ddf       0x1d lib_generic/libgeneric.a(ctype.o)
 .debug_pubnames
                0x00001dfc       0x2f board/mini2440/libmini2440.a(mini2440.o)
 .debug_pubnames
                0x00001e2b       0x64 board/mini2440/libmini2440.a(flash.o)
 .debug_pubnames
                0x00001e8f       0xb3 cpu/arm920t/libarm920t.a(cpu.o)
 .debug_pubnames
                0x00001f42       0x74 cpu/arm920t/s3c24x0/libs3c24x0.a(serial.o)
 .debug_pubnames
                0x00001fb6       0x26 cpu/arm920t/s3c24x0/libs3c24x0.a(nand_flash.o)
 .debug_pubnames
                0x00001fdc       0x25 lib_arm/libarm.a(armlinux.o)
 .debug_pubnames
                0x00002001       0x22 lib_arm/libarm.a(cache.o)
 .debug_pubnames
                0x00002023       0x38 rtc/librtc.a(date.o)
 .debug_pubnames
                0x0000205b       0x38 rtc/librtc.a(s3c24x0_rtc.o)
 .debug_pubnames
                0x00002093       0x84 drivers/nand/libnand.a(nand_util.o)

.debug_str      0x00000000     0x4cac
 .debug_str     0x00000000      0x123 board/mini2440/nand_read.o
                                0x176 (size before relaxing)
 .debug_str     0x00000123      0x105 cpu/arm920t/libarm920t.a(interrupts.o)
                                0x1a5 (size before relaxing)
 .debug_str     0x00000228      0x1b5 cpu/arm920t/s3c24x0/libs3c24x0.a(interrupts.o)
                                0x277 (size before relaxing)
 .debug_str     0x000003dd      0x162 cpu/arm920t/s3c24x0/libs3c24x0.a(speed.o)
                                0x267 (size before relaxing)
 .debug_str     0x0000053f      0x175 lib_arm/libarm.a(board.o)
                                0x2e2 (size before relaxing)
 .debug_str     0x000006b4        0xe lib_arm/libarm.a(div0.o)
                                 0x54 (size before relaxing)
 .debug_str     0x000006c2      0x61a net/libnet.a(net.o)
                                0x7eb (size before relaxing)
 .debug_str     0x00000cdc       0xec net/libnet.a(tftp.o)
                                0x281 (size before relaxing)
 .debug_str     0x00000dc8      0x176 net/libnet.a(bootp.o)
                                0x37f (size before relaxing)
 .debug_str     0x00000f3e       0x4c net/libnet.a(rarp.o)
                                0x19d (size before relaxing)
 .debug_str     0x00000f8a      0x129 net/libnet.a(eth.o)
                                0x2d7 (size before relaxing)
 .debug_str     0x000010b3      0x263 net/libnet.a(nfs.o)
                                0x466 (size before relaxing)
 .debug_str     0x00001316      0x268 drivers/libdrivers.a(dm9000x.o)
                                0x3f1 (size before relaxing)
 .debug_str     0x0000157e      0x34e drivers/nand/libnand.a(nand.o)
                                0x5a0 (size before relaxing)
 .debug_str     0x000018cc      0x495 drivers/nand/libnand.a(nand_base.o)
                                0xa0f (size before relaxing)
 .debug_str     0x00001d61        0xb drivers/nand/libnand.a(nand_ids.o)
                                0x143 (size before relaxing)
 .debug_str     0x00001d6c       0x76 drivers/nand/libnand.a(nand_ecc.o)
                                0x381 (size before relaxing)
 .debug_str     0x00001de2      0x238 drivers/nand/libnand.a(nand_bbt.o)
                                0x7af (size before relaxing)
 .debug_str     0x0000201a      0x17b common/libcommon.a(main.o)
                                0x242 (size before relaxing)
 .debug_str     0x00002195       0xbc common/libcommon.a(cmd_autoscript.o)
                                0x229 (size before relaxing)
 .debug_str     0x00002251       0x35 common/libcommon.a(cmd_bdinfo.o)
                                0x21e (size before relaxing)
 .debug_str     0x00002286       0x34 common/libcommon.a(cmd_boot.o)
                                0x15a (size before relaxing)
 .debug_str     0x000022ba      0x2b0 common/libcommon.a(cmd_bootm.o)
                                0x5be (size before relaxing)
 .debug_str     0x0000256a       0x4f common/libcommon.a(cmd_cache.o)
                                0x164 (size before relaxing)
 .debug_str     0x000025b9       0xc5 common/libcommon.a(cmd_console.o)
                                0x1f9 (size before relaxing)
 .debug_str     0x0000267e       0x52 common/libcommon.a(cmd_date.o)
                                0x28f (size before relaxing)
 .debug_str     0x000026d0      0x1b4 common/libcommon.a(cmd_elf.o)
                                0x307 (size before relaxing)
 .debug_str     0x00002884      0x14d common/libcommon.a(cmd_flash.o)
                                0x2d7 (size before relaxing)
 .debug_str     0x000029d1       0x80 common/libcommon.a(cmd_itest.o)
                                0x1b5 (size before relaxing)
 .debug_str     0x00002a51      0x317 common/libcommon.a(cmd_load.o)
                                0x596 (size before relaxing)
 .debug_str     0x00002d68      0x208 common/libcommon.a(cmd_mem.o)
                                0x38e (size before relaxing)
 .debug_str     0x00002f70       0x27 common/libcommon.a(cmd_misc.o)
                                0x14e (size before relaxing)
 .debug_str     0x00002f97      0x156 common/libcommon.a(cmd_nand.o)
                                0x7fd (size before relaxing)
 .debug_str     0x000030ed       0xb8 common/libcommon.a(cmd_net.o)
                                0x2b4 (size before relaxing)
 .debug_str     0x000031a5       0xdc common/libcommon.a(cmd_nvedit.o)
                                0x318 (size before relaxing)
 .debug_str     0x00003281       0xd1 common/libcommon.a(command.o)
                                0x203 (size before relaxing)
 .debug_str     0x00003352       0xe6 common/libcommon.a(console.o)
                                0x386 (size before relaxing)
 .debug_str     0x00003438       0x44 common/libcommon.a(devices.o)
                                0x290 (size before relaxing)
 .debug_str     0x0000347c      0x2a3 common/libcommon.a(dlmalloc.o)
                                0x4ab (size before relaxing)
 .debug_str     0x0000371f       0x97 common/libcommon.a(env_common.o)
                                0x24c (size before relaxing)
 .debug_str     0x000037b6       0x44 common/libcommon.a(env_nand.o)
                                0x4a1 (size before relaxing)
 .debug_str     0x000037fa       0x25 common/libcommon.a(exports.o)
                                0x1c2 (size before relaxing)
 .debug_str     0x0000381f       0x46 common/libcommon.a(flash.o)
                                0x192 (size before relaxing)
 .debug_str     0x00003865      0x1dc common/libcommon.a(lists.o)
                                0x31d (size before relaxing)
 .debug_str     0x00003a41       0x3a common/libcommon.a(s_record.o)
                                0x11f (size before relaxing)
 .debug_str     0x00003a7b      0x1ae common/libcommon.a(xyzModem.o)
                                0x2e0 (size before relaxing)
 .debug_str     0x00003c29       0x1c common/libcommon.a(crc16.o)
                                 0xfa (size before relaxing)
 .debug_str     0x00003c45       0x60 lib_generic/libgeneric.a(crc32.o)
                                0x111 (size before relaxing)
 .debug_str     0x00003ca5       0x2d lib_generic/libgeneric.a(display_options.o)
                                0x115 (size before relaxing)
 .debug_str     0x00003cd2       0xd0 lib_generic/libgeneric.a(string.o)
                                0x1dd (size before relaxing)
 .debug_str     0x00003da2       0x79 lib_generic/libgeneric.a(vsprintf.o)
                                0x1ab (size before relaxing)
 .debug_str     0x00003e1b      0x3b8 lib_generic/libgeneric.a(zlib.o)
                                0x5bd (size before relaxing)
 .debug_str     0x000041d3        0x8 lib_generic/libgeneric.a(ctype.o)
                                 0x6f (size before relaxing)
 .debug_str     0x000041db      0x199 board/mini2440/libmini2440.a(mini2440.o)
                                0x394 (size before relaxing)
 .debug_str     0x00004374       0x5d board/mini2440/libmini2440.a(flash.o)
                                0x1db (size before relaxing)
 .debug_str     0x000043d1       0xa5 cpu/arm920t/libarm920t.a(cpu.o)
                                0x1cb (size before relaxing)
 .debug_str     0x00004476       0xfb cpu/arm920t/s3c24x0/libs3c24x0.a(serial.o)
                                0x2a9 (size before relaxing)
 .debug_str     0x00004571      0x120 cpu/arm920t/s3c24x0/libs3c24x0.a(nand_flash.o)
                                0x721 (size before relaxing)
 .debug_str     0x00004691      0x24b lib_arm/libarm.a(armlinux.o)
                                0x55a (size before relaxing)
 .debug_str     0x000048dc       0x1a lib_arm/libarm.a(cache.o)
                                 0xec (size before relaxing)
 .debug_str     0x000048f6       0x77 rtc/librtc.a(date.o)
                                0x16c (size before relaxing)
 .debug_str     0x0000496d      0x16d rtc/librtc.a(s3c24x0_rtc.o)
                                0x2c4 (size before relaxing)
 .debug_str     0x00004ada      0x1d2 drivers/nand/libnand.a(nand_util.o)
                                0x843 (size before relaxing)

.comment        0x00000000      0x492
 .comment       0x00000000       0x12 board/mini2440/nand_read.o
 .comment       0x00000012       0x12 cpu/arm920t/libarm920t.a(interrupts.o)
 .comment       0x00000024       0x12 cpu/arm920t/s3c24x0/libs3c24x0.a(interrupts.o)
 .comment       0x00000036       0x12 cpu/arm920t/s3c24x0/libs3c24x0.a(speed.o)
 .comment       0x00000048       0x12 lib_arm/libarm.a(board.o)
 .comment       0x0000005a       0x12 lib_arm/libarm.a(div0.o)
 .comment       0x0000006c       0x12 net/libnet.a(net.o)
 .comment       0x0000007e       0x12 net/libnet.a(tftp.o)
 .comment       0x00000090       0x12 net/libnet.a(bootp.o)
 .comment       0x000000a2       0x12 net/libnet.a(rarp.o)
 .comment       0x000000b4       0x12 net/libnet.a(eth.o)
 .comment       0x000000c6       0x12 net/libnet.a(nfs.o)
 .comment       0x000000d8       0x12 drivers/libdrivers.a(dm9000x.o)
 .comment       0x000000ea       0x12 drivers/nand/libnand.a(nand.o)
 .comment       0x000000fc       0x12 drivers/nand/libnand.a(nand_base.o)
 .comment       0x0000010e       0x12 drivers/nand/libnand.a(nand_ids.o)
 .comment       0x00000120       0x12 drivers/nand/libnand.a(nand_ecc.o)
 .comment       0x00000132       0x12 drivers/nand/libnand.a(nand_bbt.o)
 .comment       0x00000144       0x12 common/libcommon.a(main.o)
 .comment       0x00000156       0x12 common/libcommon.a(cmd_autoscript.o)
 .comment       0x00000168       0x12 common/libcommon.a(cmd_bdinfo.o)
 .comment       0x0000017a       0x12 common/libcommon.a(cmd_boot.o)
 .comment       0x0000018c       0x12 common/libcommon.a(cmd_bootm.o)
 .comment       0x0000019e       0x12 common/libcommon.a(cmd_cache.o)
 .comment       0x000001b0       0x12 common/libcommon.a(cmd_console.o)
 .comment       0x000001c2       0x12 common/libcommon.a(cmd_date.o)
 .comment       0x000001d4       0x12 common/libcommon.a(cmd_elf.o)
 .comment       0x000001e6       0x12 common/libcommon.a(cmd_flash.o)
 .comment       0x000001f8       0x12 common/libcommon.a(cmd_itest.o)
 .comment       0x0000020a       0x12 common/libcommon.a(cmd_load.o)
 .comment       0x0000021c       0x12 common/libcommon.a(cmd_mem.o)
 .comment       0x0000022e       0x12 common/libcommon.a(cmd_misc.o)
 .comment       0x00000240       0x12 common/libcommon.a(cmd_nand.o)
 .comment       0x00000252       0x12 common/libcommon.a(cmd_net.o)
 .comment       0x00000264       0x12 common/libcommon.a(cmd_nvedit.o)
 .comment       0x00000276       0x12 common/libcommon.a(command.o)
 .comment       0x00000288       0x12 common/libcommon.a(console.o)
 .comment       0x0000029a       0x12 common/libcommon.a(devices.o)
 .comment       0x000002ac       0x12 common/libcommon.a(dlmalloc.o)
 .comment       0x000002be       0x12 common/libcommon.a(env_common.o)
 .comment       0x000002d0       0x12 common/libcommon.a(env_nand.o)
 .comment       0x000002e2       0x12 common/libcommon.a(exports.o)
 .comment       0x000002f4       0x12 common/libcommon.a(flash.o)
 .comment       0x00000306       0x12 common/libcommon.a(lists.o)
 .comment       0x00000318       0x12 common/libcommon.a(s_record.o)
 .comment       0x0000032a       0x12 common/libcommon.a(xyzModem.o)
 .comment       0x0000033c       0x12 common/libcommon.a(crc16.o)
 .comment       0x0000034e       0x12 lib_generic/libgeneric.a(crc32.o)
 .comment       0x00000360       0x12 lib_generic/libgeneric.a(display_options.o)
 .comment       0x00000372       0x12 lib_generic/libgeneric.a(string.o)
 .comment       0x00000384       0x12 lib_generic/libgeneric.a(vsprintf.o)
 .comment       0x00000396       0x12 lib_generic/libgeneric.a(zlib.o)
 .comment       0x000003a8       0x12 lib_generic/libgeneric.a(ctype.o)
 .comment       0x000003ba       0x12 board/mini2440/libmini2440.a(mini2440.o)
 .comment       0x000003cc       0x12 board/mini2440/libmini2440.a(flash.o)
 .comment       0x000003de       0x12 cpu/arm920t/libarm920t.a(cpu.o)
 .comment       0x000003f0       0x12 cpu/arm920t/s3c24x0/libs3c24x0.a(serial.o)
 .comment       0x00000402       0x12 cpu/arm920t/s3c24x0/libs3c24x0.a(nand_flash.o)
 .comment       0x00000414       0x12 lib_arm/libarm.a(armlinux.o)
 .comment       0x00000426       0x12 lib_arm/libarm.a(cache.o)
 .comment       0x00000438       0x12 rtc/librtc.a(date.o)
 .comment       0x0000044a       0x12 rtc/librtc.a(s3c24x0_rtc.o)
 .comment       0x0000045c       0x12 drivers/nand/libnand.a(nand_util.o)
 .comment       0x0000046e       0x12 /opt/arm-linux-gcc-3.4.5/bin/../lib/gcc/arm-linux/3.4.5/libgcc.a(_udivdi3.oS)
 .comment       0x00000480       0x12 /opt/arm-linux-gcc-3.4.5/bin/../lib/gcc/arm-linux/3.4.5/libgcc.a(_clz.oS)

.debug_ranges   0x00000000      0x7d8
 .debug_ranges  0x00000000       0x38 cpu/arm920t/s3c24x0/libs3c24x0.a(interrupts.o)
 .debug_ranges  0x00000038       0x18 lib_arm/libarm.a(board.o)
 .debug_ranges  0x00000050       0xa0 net/libnet.a(net.o)
 .debug_ranges  0x000000f0       0x20 net/libnet.a(tftp.o)
 .debug_ranges  0x00000110       0x30 net/libnet.a(bootp.o)
 .debug_ranges  0x00000140       0x30 net/libnet.a(eth.o)
 .debug_ranges  0x00000170       0x40 net/libnet.a(nfs.o)
 .debug_ranges  0x000001b0       0x30 drivers/libdrivers.a(dm9000x.o)
 .debug_ranges  0x000001e0       0xb0 drivers/nand/libnand.a(nand_base.o)
 .debug_ranges  0x00000290       0x68 drivers/nand/libnand.a(nand_bbt.o)
 .debug_ranges  0x000002f8       0x50 common/libcommon.a(main.o)
 .debug_ranges  0x00000348       0x18 common/libcommon.a(cmd_autoscript.o)
 .debug_ranges  0x00000360       0x18 common/libcommon.a(cmd_flash.o)
 .debug_ranges  0x00000378       0x18 common/libcommon.a(cmd_itest.o)
 .debug_ranges  0x00000390       0x30 common/libcommon.a(cmd_load.o)
 .debug_ranges  0x000003c0       0x30 common/libcommon.a(cmd_mem.o)
 .debug_ranges  0x000003f0       0x58 common/libcommon.a(cmd_nand.o)
 .debug_ranges  0x00000448       0x18 common/libcommon.a(cmd_nvedit.o)
 .debug_ranges  0x00000460       0x38 common/libcommon.a(command.o)
 .debug_ranges  0x00000498       0x38 common/libcommon.a(console.o)
 .debug_ranges  0x000004d0       0x18 common/libcommon.a(devices.o)
 .debug_ranges  0x000004e8       0x50 common/libcommon.a(dlmalloc.o)
 .debug_ranges  0x00000538       0x18 common/libcommon.a(env_nand.o)
 .debug_ranges  0x00000550       0x58 common/libcommon.a(flash.o)
 .debug_ranges  0x000005a8       0x18 common/libcommon.a(xyzModem.o)
 .debug_ranges  0x000005c0       0x18 lib_generic/libgeneric.a(vsprintf.o)
 .debug_ranges  0x000005d8      0x108 lib_generic/libgeneric.a(zlib.o)
 .debug_ranges  0x000006e0       0x28 board/mini2440/libmini2440.a(flash.o)
 .debug_ranges  0x00000708       0x18 cpu/arm920t/s3c24x0/libs3c24x0.a(nand_flash.o)
 .debug_ranges  0x00000720       0x38 rtc/librtc.a(s3c24x0_rtc.o)
 .debug_ranges  0x00000758       0x80 drivers/nand/libnand.a(nand_util.o)
