Archive member included because of file (symbol)

cpu/arm920t/libarm920t.a(interrupts.o)
                              cpu/arm920t/start.o (do_undefined_instruction)
cpu/arm920t/s3c24x0/libs3c24x0.a(interrupts.o)
                              cpu/arm920t/libarm920t.a(interrupts.o) (reset_cpu)
cpu/arm920t/s3c24x0/libs3c24x0.a(speed.o)
                              cpu/arm920t/s3c24x0/libs3c24x0.a(interrupts.o) (get_PCLK)
lib_arm/libarm.a(_udivsi3.o)  cpu/arm920t/s3c24x0/libs3c24x0.a(interrupts.o) (__udivsi3)
lib_arm/libarm.a(board.o)     cpu/arm920t/s3c24x0/libs3c24x0.a(speed.o) (hang)
lib_arm/libarm.a(div0.o)      lib_arm/libarm.a(_udivsi3.o) (__div0)
net/libnet.a(net.o)           lib_arm/libarm.a(board.o) (copy_filename)
net/libnet.a(tftp.o)          net/libnet.a(net.o) (TftpStart)
net/libnet.a(bootp.o)         net/libnet.a(net.o) (BootpRequest)
net/libnet.a(rarp.o)          net/libnet.a(net.o) (RarpRequest)
net/libnet.a(eth.o)           lib_arm/libarm.a(board.o) (eth_initialize)
net/libnet.a(nfs.o)           net/libnet.a(net.o) (NfsStart)
drivers/libdrivers.a(cs8900.o)
                              lib_arm/libarm.a(board.o) (cs8900_get_enetaddr)
drivers/nand/libnand.a(nand.o)
                              lib_arm/libarm.a(board.o) (nand_init)
drivers/nand/libnand.a(nand_base.o)
                              drivers/nand/libnand.a(nand.o) (nand_scan)
drivers/nand/libnand.a(nand_ids.o)
                              drivers/nand/libnand.a(nand_base.o) (nand_manuf_ids)
drivers/nand/libnand.a(nand_ecc.o)
                              drivers/nand/libnand.a(nand_base.o) (nand_calculate_ecc)
drivers/nand/libnand.a(nand_bbt.o)
                              drivers/nand/libnand.a(nand_base.o) (nand_update_bbt)
common/libcommon.a(main.o)    lib_arm/libarm.a(board.o) (main_loop)
common/libcommon.a(cmd_autoscript.o)
                              (__u_boot_cmd_autoscr)
common/libcommon.a(cmd_bdinfo.o)
                              (__u_boot_cmd_bdinfo)
common/libcommon.a(cmd_boot.o)
                              (__u_boot_cmd_reset)
common/libcommon.a(cmd_bootm.o)
                              (__u_boot_cmd_imls)
common/libcommon.a(cmd_cache.o)
                              (__u_boot_cmd_dcache)
common/libcommon.a(cmd_console.o)
                              (__u_boot_cmd_coninfo)
common/libcommon.a(cmd_date.o)
                              (__u_boot_cmd_date)
common/libcommon.a(cmd_elf.o)
                              (__u_boot_cmd_bootvx)
common/libcommon.a(cmd_flash.o)
                              (__u_boot_cmd_protect)
common/libcommon.a(cmd_itest.o)
                              (__u_boot_cmd_itest)
common/libcommon.a(cmd_load.o)
                              (__u_boot_cmd_loady)
common/libcommon.a(cmd_mem.o)
                              (__u_boot_cmd_mtest)
common/libcommon.a(cmd_misc.o)
                              (__u_boot_cmd_sleep)
common/libcommon.a(cmd_nand.o)
                              (__u_boot_cmd_nboot)
common/libcommon.a(cmd_net.o)
                              (__u_boot_cmd_nfs)
common/libcommon.a(cmd_nvedit.o)
                              (__u_boot_cmd_run)
common/libcommon.a(command.o)
                              (__u_boot_cmd_question_mark)
common/libcommon.a(console.o)
                              cpu/arm920t/libarm920t.a(interrupts.o) (printf)
common/libcommon.a(devices.o)
                              common/libcommon.a(cmd_console.o) (stdio_names)
common/libcommon.a(dlmalloc.o)
                              drivers/nand/libnand.a(nand_base.o) (free)
common/libcommon.a(env_common.o)
                              common/libcommon.a(cmd_nvedit.o) (env_get_char)
common/libcommon.a(env_flash.o)
                              common/libcommon.a(env_common.o) (env_ptr)
common/libcommon.a(exports.o)
                              lib_arm/libarm.a(board.o) (jumptable_init)
common/libcommon.a(flash.o)   common/libcommon.a(cmd_load.o) (addr2info)
common/libcommon.a(lists.o)   common/libcommon.a(devices.o) (ListCreate)
common/libcommon.a(s_record.o)
                              common/libcommon.a(cmd_load.o) (srec_decode)
common/libcommon.a(xyzModem.o)
                              common/libcommon.a(cmd_load.o) (xyzModem_stream_open)
common/libcommon.a(crc16.o)   common/libcommon.a(xyzModem.o) (cyg_crc16)
lib_generic/libgeneric.a(crc32.o)
                              common/libcommon.a(cmd_autoscript.o) (crc32)
lib_generic/libgeneric.a(display_options.o)
                              lib_arm/libarm.a(board.o) (print_size)
lib_generic/libgeneric.a(string.o)
                              net/libnet.a(net.o) (strcpy)
lib_generic/libgeneric.a(vsprintf.o)
                              lib_arm/libarm.a(board.o) (simple_strtoul)
lib_generic/libgeneric.a(zlib.o)
                              common/libcommon.a(cmd_bootm.o) (inflateEnd)
lib_generic/libgeneric.a(ctype.o)
                              lib_generic/libgeneric.a(vsprintf.o) (_ctype)
board/mini2440/libmini2440.a(mini2440.o)
                              lib_arm/libarm.a(board.o) (board_init)
board/mini2440/libmini2440.a(flash.o)
                              lib_arm/libarm.a(board.o) (flash_init)
cpu/arm920t/libarm920t.a(cpu.o)
                              lib_arm/libarm.a(board.o) (cpu_init)
cpu/arm920t/s3c24x0/libs3c24x0.a(serial.o)
                              common/libcommon.a(cmd_load.o) (serial_setbrg)
cpu/arm920t/s3c24x0/libs3c24x0.a(nand_flash.o)
                              drivers/nand/libnand.a(nand.o) (board_nand_init)
lib_arm/libarm.a(_ashldi3.o)  drivers/nand/libnand.a(nand_base.o) (__ashldi3)
lib_arm/libarm.a(_ashrdi3.o)  drivers/nand/libnand.a(nand_base.o) (__ashrdi3)
lib_arm/libarm.a(_divsi3.o)   common/libcommon.a(cmd_date.o) (__divsi3)
lib_arm/libarm.a(_modsi3.o)   net/libnet.a(nfs.o) (__modsi3)
lib_arm/libarm.a(_umodsi3.o)  net/libnet.a(tftp.o) (__umodsi3)
lib_arm/libarm.a(armlinux.o)  common/libcommon.a(cmd_bootm.o) (do_bootm_linux)
lib_arm/libarm.a(cache.o)     common/libcommon.a(cmd_elf.o) (flush_cache)
rtc/librtc.a(date.o)          common/libcommon.a(cmd_date.o) (GregorianDay)
rtc/librtc.a(s3c24x0_rtc.o)   common/libcommon.a(cmd_date.o) (rtc_get)
drivers/nand/libnand.a(nand_util.o)
                              common/libcommon.a(cmd_nand.o) (nand_erase_opts)
/opt/arm-linux-gcc-3.4.5/bin/../lib/gcc/arm-linux/3.4.5/libgcc.a(_udivdi3.oS)
                              drivers/nand/libnand.a(nand_util.o) (__udivdi3)
/opt/arm-linux-gcc-3.4.5/bin/../lib/gcc/arm-linux/3.4.5/libgcc.a(_clz.oS)
                              /opt/arm-linux-gcc-3.4.5/bin/../lib/gcc/arm-linux/3.4.5/libgcc.a(_udivdi3.oS) (__clz_tab)

Memory Configuration

Name             Origin             Length             Attributes
*default*        0x00000000         0xffffffff

Linker script and memory map

                0x00000000                . = 0x0
                0x00000000                . = ALIGN (0x4)

.text           0x33f80000    0x18984
 cpu/arm920t/start.o(.text)
 .text          0x33f80000      0x420 cpu/arm920t/start.o
                0x33f80000                _start
                0x33f80044                _armboot_start
                0x33f8004c                _bss_start
                0x33f80050                _bss_end
 board/mini2440/lowlevel_init.o(.text)
 .text          0x33f80420       0x70 board/mini2440/lowlevel_init.o
                0x33f80424                lowlevel_init
 board/mini2440/nand_read.o(.text)
 .text          0x33f80490      0x218 board/mini2440/nand_read.o
                0x33f80490                nand_read_ll
 *(.text)
 .text          0x33f806a8      0x260 cpu/arm920t/libarm920t.a(interrupts.o)
                0x33f808e4                do_irq
                0x33f8080c                do_undefined_instruction
                0x33f808c0                do_fiq
                0x33f806b4                bad_mode
                0x33f806a8                enable_interrupts
                0x33f806d0                show_regs
                0x33f806ac                disable_interrupts
                0x33f80854                do_prefetch_abort
                0x33f80830                do_software_interrupt
                0x33f80878                do_data_abort
                0x33f8089c                do_not_used
 .text          0x33f80908      0x25c cpu/arm920t/s3c24x0/libs3c24x0.a(interrupts.o)
                0x33f80aa8                udelay_masked
                0x33f80988                reset_timer_masked
                0x33f80b44                reset_cpu
                0x33f80b38                get_tbclk
                0x33f80b24                get_ticks
                0x33f80908                interrupt_init
                0x33f809b8                reset_timer
                0x33f80a4c                udelay
                0x33f80a3c                set_timer
                0x33f809bc                get_timer_masked
                0x33f80a28                get_timer
 .text          0x33f80b64      0x20c cpu/arm920t/s3c24x0/libs3c24x0.a(speed.o)
                0x33f80cb4                get_PCLK
                0x33f80d68                get_UCLK
                0x33f80c08                get_HCLK
                0x33f80c00                get_FCLK
 .text          0x33f80d70       0x98 lib_arm/libarm.a(_udivsi3.o)
                0x33f80d70                __udivsi3
 .text          0x33f80e08      0x30c lib_arm/libarm.a(board.o)
                0x33f80e08                sbrk
                0x33f80f00                start_armboot
                0x33f80ef0                hang
 .text          0x33f81114        0x4 lib_arm/libarm.a(div0.o)
                0x33f81114                __div0
 .text          0x33f81118     0x129c net/libnet.a(net.o)
                0x33f81f88                getenv_VLAN
                0x33f8136c                NetSetHandler
                0x33f81488                NetCksum
                0x33f81ed4                VLAN_to_string
                0x33f818b4                NetReceive
                0x33f81614                NetSendUDPPacket
                0x33f814d4                NetSetIP
                0x33f817e4                copy_filename
                0x33f81118                NetSetEther
                0x33f811d8                ArpRequest
                0x33f81fa0                NetLoop
                0x33f813fc                ArpTimeoutCheck
                0x33f81484                NetSendPacket
                0x33f81890                print_IPaddr
                0x33f81f30                string_to_VLAN
                0x33f8177c                NetCksumOk
                0x33f81838                ip_to_string
                0x33f81e44                string_to_ip
                0x33f817a0                NetEthHdrSize
                0x33f8137c                NetStartAgain
                0x33f81ec4                getenv_IPaddr
                0x33f81330                NetSetTimeout
 .text          0x33f823b4      0x6b8 net/libnet.a(tftp.o)
                0x33f82848                TftpStart
 .text          0x33f82a6c      0x65c net/libnet.a(bootp.o)
                0x33f82e1c                BootpRequest
 .text          0x33f830c8      0x1a0 net/libnet.a(rarp.o)
                0x33f83120                RarpRequest
 .text          0x33f83268        0x8 net/libnet.a(eth.o)
                0x33f83268                eth_initialize
 .text          0x33f83270      0xef0 net/libnet.a(nfs.o)
                0x33f83f04                NfsStart
 .text          0x33f84160      0x5a8 drivers/libdrivers.a(cs8900.o)
                0x33f842a8                cs8900_get_enetaddr
                0x33f84490                eth_init
                0x33f84594                eth_send
                0x33f8467c                cs8900_e2prom_read
                0x33f84470                eth_halt
                0x33f84514                eth_rx
                0x33f846b0                cs8900_e2prom_write
 .text          0x33f84708       0x94 drivers/nand/libnand.a(nand.o)
                0x33f84708                nand_init
 .text          0x33f8479c     0x29bc drivers/nand/libnand.a(nand_base.o)
                0x33f86700                nand_scan
                0x33f85b7c                nand_read_raw
                0x33f8711c                nand_release
                0x33f86470                nand_erase_nand
 .text          0x33f87158      0x298 drivers/nand/libnand.a(nand_ecc.o)
                0x33f87158                nand_calculate_ecc
                0x33f8726c                nand_correct_data
 .text          0x33f873f0     0x15ec drivers/nand/libnand.a(nand_bbt.o)
                0x33f88974                nand_isbad_bbt
                0x33f888a0                nand_default_bbt
                0x33f88448                nand_scan_bbt
                0x33f88154                nand_update_bbt
 .text          0x33f889dc      0x8f8 common/libcommon.a(main.o)
                0x33f88c94                run_command
                0x33f89258                do_run
                0x33f88ab8                readline
                0x33f890e4                main_loop
 .text          0x33f892d4      0x260 common/libcommon.a(cmd_autoscript.o)
                0x33f892d4                autoscript
                0x33f894f4                do_autoscript
 .text          0x33f89534       0xe4 common/libcommon.a(cmd_bdinfo.o)
                0x33f89548                do_bdinfo
 .text          0x33f89618       0x88 common/libcommon.a(cmd_boot.o)
                0x33f89618                do_go
 .text          0x33f896a0     0x1000 common/libcommon.a(cmd_bootm.o)
                0x33f89de4                do_iminfo
                0x33f89fbc                do_bootm
                0x33f896a0                do_bootd
                0x33f89e60                gunzip
                0x33f896c4                print_image_hdr
 .text          0x33f8a6a0      0x154 common/libcommon.a(cmd_cache.o)
                0x33f8a76c                do_icache
                0x33f8a6e4                do_dcache
 .text          0x33f8a7f4       0xd8 common/libcommon.a(cmd_console.o)
                0x33f8a7f4                do_coninfo
 .text          0x33f8a8cc      0x33c common/libcommon.a(cmd_date.o)
                0x33f8aafc                do_date
                0x33f8a914                mk_date
 .text          0x33f8ac08      0x394 common/libcommon.a(cmd_elf.o)
                0x33f8ad78                do_bootvx
                0x33f8aef4                do_bootelf
                0x33f8ac5c                load_elf_image
                0x33f8ac08                valid_elf_image
 .text          0x33f8af9c      0xbf4 common/libcommon.a(cmd_flash.o)
                0x33f8b518                flash_sect_erase
                0x33f8b8c0                do_protect
                0x33f8b478                do_flinfo
                0x33f8b604                do_flerase
                0x33f8b7c8                flash_sect_protect
 .text          0x33f8bb90      0x2f0 common/libcommon.a(cmd_itest.o)
                0x33f8bbf8                binary_test
                0x33f8bdd4                do_itest
 .text          0x33f8be80      0xe4c common/libcommon.a(cmd_load.o)
                0x33f8c174                send_pad
                0x33f8c46c                k_data_char
                0x33f8c37c                k_data_init
                0x33f8c29c                send_nack
                0x33f8c714                do_load_serial_bin
                0x33f8c408                k_data_restore
                0x33f8c3a4                k_data_save
                0x33f8c1b0                ktrans
                0x33f8be80                do_load_serial
                0x33f8c1dc                chk1
                0x33f8c238                send_ack
                0x33f8c4e0                handle_send_packet
                0x33f8c20c                s1_sendpacket
 .text          0x33f8cccc      0xb28 common/libcommon.a(cmd_mem.o)
                0x33f8d020                do_mem_cmp
                0x33f8d1dc                do_mem_cp
                0x33f8cd40                do_mem_md
                0x33f8d73c                do_mem_crc
                0x33f8d714                do_mem_mm
                0x33f8d310                do_mem_base
                0x33f8d6ec                do_mem_nm
                0x33f8cf54                do_mem_mw
                0x33f8d354                do_mem_loop
                0x33f8cccc                cmd_get_data_size
                0x33f8d458                do_mem_mtest
 .text          0x33f8d7f4       0x9c common/libcommon.a(cmd_misc.o)
                0x33f8d7f4                do_sleep
 .text          0x33f8d890      0xebc common/libcommon.a(cmd_nand.o)
                0x33f8d9b0                do_nand
                0x33f8e4dc                do_nandboot
 .text          0x33f8e74c      0x2f0 common/libcommon.a(cmd_net.o)
                0x33f8ea18                do_rarpb
                0x33f8ea30                do_bootp
                0x33f8ea24                do_tftpb
                0x33f8ea0c                do_nfs
 .text          0x33f8ea3c      0x8b8 common/libcommon.a(cmd_nvedit.o)
                0x33f8f188                getenv
                0x33f8f110                setenv
                0x33f8ec6c                _do_setenv
                0x33f8eab0                do_printenv
                0x33f8f148                do_setenv
                0x33f8f2c8                do_saveenv
                0x33f8f204                getenv_r
 .text          0x33f8f2f4      0x308 common/libcommon.a(command.o)
                0x33f8f394                find_cmd
                0x33f8f314                do_echo
                0x33f8f2f4                do_version
                0x33f8f43c                do_help
 .text          0x33f8f5fc      0x570 common/libcommon.a(console.o)
                0x33f8f9d0                console_init_f
                0x33f8f6a4                serial_printf
                0x33f8f910                had_ctrlc
                0x33f8f8a0                ctrlc
                0x33f8f9e0                console_init_r
                0x33f8f920                clear_ctrlc
                0x33f8f6dc                fgetc
                0x33f8f874                vprintf
                0x33f8f72c                fputc
                0x33f8f8f8                disable_ctrlc
                0x33f8f75c                fputs
                0x33f8f788                fprintf
                0x33f8f934                dbg
                0x33f8f940                console_assign
                0x33f8f7e0                tstc
                0x33f8f7c8                getc
                0x33f8f83c                printf
                0x33f8f820                puts
                0x33f8f7f8                putc
                0x33f8f704                ftstc
 .text          0x33f8fb6c       0xf0 common/libcommon.a(devices.o)
                0x33f8fb6c                device_register
                0x33f8fb90                devices_init
                0x33f8fc40                devices_done
 .text          0x33f8fc5c     0x108c common/libcommon.a(dlmalloc.o)
                0x33f90c30                malloc_usable_size
                0x33f8fc90                malloc_trim
                0x33f90b5c                calloc
                0x33f905c0                realloc
                0x33f8ff7c                malloc
                0x33f8fc5c                malloc_bin_reloc
                0x33f90a28                memalign
                0x33f90c70                mallopt
                0x33f90c2c                cfree
                0x33f90b44                pvalloc
                0x33f8fd68                free
                0x33f90b38                valloc
 .text          0x33f90ce8      0x124 common/libcommon.a(env_common.o)
                0x33f90d3c                env_get_char_memory
                0x33f90d7c                env_relocate
                0x33f90d5c                env_get_addr
                0x33f90ce8                env_crc_update
 .text          0x33f90e0c      0x144 common/libcommon.a(env_flash.o)
                0x33f90e70                saveenv
                0x33f90f30                env_relocate_spec
                0x33f90e0c                env_get_char_spec
                0x33f90e18                env_init
 .text          0x33f90f50       0xc0 common/libcommon.a(exports.o)
                0x33f90f5c                jumptable_init
                0x33f90f54                get_version
 .text          0x33f91010      0x3d0 common/libcommon.a(flash.o)
                0x33f91300                flash_perror
                0x33f91120                addr2info
                0x33f91010                flash_protect
                0x33f91168                flash_write
 .text          0x33f913e0      0x3c8 common/libcommon.a(lists.o)
                0x33f91538                ListSetAllocationPolicy
                0x33f91550                ListInsertItems
                0x33f91440                DisposeHandle
                0x33f91468                SetHandleSize
                0x33f91784                ListGetDataPtr
                0x33f9170c                ListGetItems
                0x33f91790                ListGetItemSize
                0x33f914d8                ListCreate
                0x33f91754                ListGetPtrToItem
                0x33f9154c                ListDispose
                0x33f9179c                ListNumItems
                0x33f91704                ListInsertItem
                0x33f91460                GetHandleSize
                0x33f913e0                NewHandle
 .text          0x33f917a8      0x2f8 common/libcommon.a(s_record.o)
                0x33f9181c                srec_decode
 .text          0x33f91aa0      0xa98 common/libcommon.a(xyzModem.o)
                0x33f9249c                xyzModem_error
                0x33f91b08                parse_num
                0x33f920c4                xyzModem_stream_read
                0x33f91f50                xyzModem_stream_open
                0x33f91aa0                CYGACC_COMM_IF_GETC_TIMEOUT
                0x33f91afc                CYGACC_COMM_IF_PUTC
                0x33f923c4                xyzModem_stream_terminate
                0x33f9236c                xyzModem_stream_close
 .text          0x33f92538       0x4c common/libcommon.a(crc16.o)
                0x33f92538                cyg_crc16
 .text          0x33f92584      0x1f0 lib_generic/libgeneric.a(crc32.o)
                0x33f92680                crc32_no_comp
                0x33f92584                crc32
 .text          0x33f92774       0xb4 lib_generic/libgeneric.a(display_options.o)
                0x33f92794                print_size
                0x33f92774                display_options
 .text          0x33f92828      0x5a0 lib_generic/libgeneric.a(string.o)
                0x33f92c50                memcpy
                0x33f92c24                bcopy
                0x33f92a48                strspn
                0x33f92868                strcat
                0x33f929a0                strrchr
                0x33f92904                strncmp
                0x33f9297c                strlen
                0x33f92c78                memmove
                0x33f92b6c                strsep
                0x33f92894                strncat
                0x33f92ae8                strtok
                0x33f92844                strncpy
                0x33f92c00                memset
                0x33f92cd8                memcmp
                0x33f929d8                strnlen
                0x33f92d98                memchr
                0x33f92d30                strstr
                0x33f928d4                strcmp
                0x33f92ba4                strswab
                0x33f92aa8                strpbrk
                0x33f9294c                strchr
                0x33f92d0c                memscan
                0x33f92a10                strdup
                0x33f92828                strcpy
 .text          0x33f92dc8      0x7a4 lib_generic/libgeneric.a(vsprintf.o)
                0x33f92e7c                simple_strtol
                0x33f9311c                vsprintf
                0x33f93504                sprintf
                0x33f92dc8                simple_strtoul
                0x33f93524                panic
 .text          0x33f9356c     0x2be8 lib_generic/libgeneric.a(zlib.o)
                0x33f9373c                inflateReset
                0x33f9369c                inflateEnd
                0x33f93a10                inflateInit
                0x33f94338                inflate
                0x33f93a68                inflateIncomp
                0x33f937a4                inflateSync
                0x33f938b0                inflateInit2
                0x33f95fe0                adler32
 .text          0x33f96154      0x148 board/mini2440/libmini2440.a(mini2440.o)
                0x33f9627c                dram_init
                0x33f96154                board_init
 .text          0x33f9629c      0x5ec board/mini2440/libmini2440.a(flash.o)
                0x33f9629c                flash_init
                0x33f966fc                write_buff
                0x33f964b8                flash_erase
                0x33f96364                flash_print_info
 .text          0x33f96888      0x118 cpu/arm920t/libarm920t.a(cpu.o)
                0x33f96940                icache_status
                0x33f96908                icache_enable
                0x33f96924                icache_disable
                0x33f96954                dcache_enable
                0x33f968c8                cleanup_before_linux
                0x33f968f0                do_reset
                0x33f968c0                cpu_init
                0x33f96970                dcache_disable
                0x33f9698c                dcache_status
 .text          0x33f969a0       0xdc cpu/arm920t/s3c24x0/libs3c24x0.a(serial.o)
                0x33f96a44                serial_tstc
                0x33f96a54                serial_puts
                0x33f969f4                serial_init
                0x33f96a1c                serial_putc
                0x33f96a04                serial_getc
                0x33f969a0                serial_setbrg
 .text          0x33f96a7c       0xf0 cpu/arm920t/s3c24x0/libs3c24x0.a(nand_flash.o)
                0x33f96b10                board_nand_init
 .text          0x33f96b6c       0x1c lib_arm/libarm.a(_ashldi3.o)
                0x33f96b6c                __ashldi3
 .text          0x33f96b88       0x1c lib_arm/libarm.a(_ashrdi3.o)
                0x33f96b88                __ashrdi3
 *fill*         0x33f96ba4       0x1c 00
 .text          0x33f96bc0      0x140 lib_arm/libarm.a(_divsi3.o)
                0x33f96bc0                __divsi3
 .text          0x33f96d00      0x100 lib_arm/libarm.a(_modsi3.o)
                0x33f96d00                __modsi3
 .text          0x33f96e00       0xb4 lib_arm/libarm.a(_umodsi3.o)
                0x33f96e00                __umodsi3
 .text          0x33f96eb4      0x274 lib_arm/libarm.a(armlinux.o)
                0x33f96eb4                do_bootm_linux
 .text          0x33f97128        0x4 lib_arm/libarm.a(cache.o)
                0x33f97128                flush_cache
 .text          0x33f9712c      0x2b8 rtc/librtc.a(date.o)
                0x33f9712c                GregorianDay
                0x33f97344                mktime
                0x33f9721c                to_tm
 .text          0x33f973e4      0x214 rtc/librtc.a(s3c24x0_rtc.o)
                0x33f9751c                rtc_set
                0x33f97430                rtc_get
                0x33f975d4                rtc_reset
 .text          0x33f975f8      0xe48 drivers/nand/libnand.a(nand_util.o)
                0x33f97e90                nand_read_opts
                0x33f98310                nand_unlock
                0x33f98284                nand_get_lock_status
                0x33f97600                nand_erase_opts
                0x33f97990                nand_write_opts
                0x33f98210                nand_lock
 .text          0x33f98440      0x544 /opt/arm-linux-gcc-3.4.5/bin/../lib/gcc/arm-linux/3.4.5/libgcc.a(_udivdi3.oS)
                0x33f98440                __udivdi3

.glue_7         0x33f98984        0x0

.glue_7t        0x33f98984        0x0
                0x33f98984                . = ALIGN (0x4)

.rodata         0x33f98984      0x940
 *(.rodata)
 .rodata        0x33f98984       0x80 cpu/arm920t/libarm920t.a(interrupts.o)
 .rodata        0x33f98a04       0x38 lib_arm/libarm.a(board.o)
                0x33f98a04                version_string
 .rodata        0x33f98a3c        0x8 net/libnet.a(net.o)
 .rodata        0x33f98a44        0x8 drivers/libdrivers.a(cs8900.o)
 .rodata        0x33f98a4c        0x8 drivers/nand/libnand.a(nand.o)
 .rodata        0x33f98a54       0x14 drivers/nand/libnand.a(nand_base.o)
 .rodata        0x33f98a68      0x100 drivers/nand/libnand.a(nand_ecc.o)
 .rodata        0x33f98b68       0x14 common/libcommon.a(cmd_nvedit.o)
 .rodata        0x33f98b7c      0x200 common/libcommon.a(crc16.o)
 .rodata        0x33f98d7c      0x400 lib_generic/libgeneric.a(crc32.o)
 .rodata        0x33f9917c       0x18 cpu/arm920t/s3c24x0/libs3c24x0.a(nand_flash.o)
 .rodata        0x33f99194       0x30 rtc/librtc.a(date.o)
 .rodata        0x33f991c4      0x100 /opt/arm-linux-gcc-3.4.5/bin/../lib/gcc/arm-linux/3.4.5/libgcc.a(_clz.oS)
                0x33f991c4                __clz_tab

.rodata.str1.4  0x33f992c4     0x556b
 .rodata.str1.4
                0x33f992c4      0x293 cpu/arm920t/libarm920t.a(interrupts.o)
                                0x29c (size before relaxing)
 *fill*         0x33f99557        0x1 00
 .rodata.str1.4
                0x33f99558       0x7d lib_arm/libarm.a(board.o)
                                 0x84 (size before relaxing)
 *fill*         0x33f995d5        0x3 00
 .rodata.str1.4
                0x33f995d8      0x1c9 net/libnet.a(net.o)
                                0x1cc (size before relaxing)
 *fill*         0x33f997a1        0x3 00
 .rodata.str1.4
                0x33f997a4      0x1c7 net/libnet.a(tftp.o)
                                0x1d4 (size before relaxing)
 *fill*         0x33f9996b        0x1 00
 .rodata.str1.4
                0x33f9996c       0x84 net/libnet.a(bootp.o)
                                 0xb8 (size before relaxing)
 .rodata.str1.4
                0x33f999f0       0x13 net/libnet.a(rarp.o)
                                 0x4c (size before relaxing)
 *fill*         0x33f99a03        0x1 00
 .rodata.str1.4
                0x33f99a04      0x101 net/libnet.a(nfs.o)
                                0x18c (size before relaxing)
 *fill*         0x33f99b05        0x3 00
 .rodata.str1.4
                0x33f99b08       0xd2 drivers/libdrivers.a(cs8900.o)
                                 0xdc (size before relaxing)
 *fill*         0x33f99bda        0x2 00
 .rodata.str1.4
                0x33f99bdc        0x9 drivers/nand/libnand.a(nand.o)
                                  0xc (size before relaxing)
 *fill*         0x33f99be5        0x3 00
 .rodata.str1.4
                0x33f99be8      0x366 drivers/nand/libnand.a(nand_base.o)
                                0x368 (size before relaxing)
 *fill*         0x33f99f4e        0x2 00
 .rodata.str1.4
                0x33f99f50      0x43a drivers/nand/libnand.a(nand_ids.o)
                                0x43c (size before relaxing)
 *fill*         0x33f9a38a        0x2 00
 .rodata.str1.4
                0x33f9a38c      0x308 drivers/nand/libnand.a(nand_bbt.o)
 .rodata.str1.4
                0x33f9a694      0x100 common/libcommon.a(main.o)
 .rodata.str1.4
                0x33f9a794       0xf6 common/libcommon.a(cmd_autoscript.o)
                                 0xf8 (size before relaxing)
 *fill*         0x33f9a88a        0x2 00
 .rodata.str1.4
                0x33f9a88c       0xbf common/libcommon.a(cmd_bdinfo.o)
                                 0xc0 (size before relaxing)
 *fill*         0x33f9a94b        0x1 00
 .rodata.str1.4
                0x33f9a94c      0x10b common/libcommon.a(cmd_boot.o)
                                0x118 (size before relaxing)
 *fill*         0x33f9aa57        0x1 00
 .rodata.str1.4
                0x33f9aa58      0x8c5 common/libcommon.a(cmd_bootm.o)
                                0x908 (size before relaxing)
 *fill*         0x33f9b31d        0x3 00
 .rodata.str1.4
                0x33f9b320      0x125 common/libcommon.a(cmd_cache.o)
                                0x13c (size before relaxing)
 *fill*         0x33f9b445        0x3 00
 .rodata.str1.4
                0x33f9b448       0x70 common/libcommon.a(cmd_console.o)
                                 0x74 (size before relaxing)
 .rodata.str1.4
                0x33f9b4b8      0x16c common/libcommon.a(cmd_date.o)
                                0x180 (size before relaxing)
 .rodata.str1.4
                0x33f9b624      0x2d7 common/libcommon.a(cmd_elf.o)
                                0x2f0 (size before relaxing)
 *fill*         0x33f9b8fb        0x1 00
 .rodata.str1.4
                0x33f9b8fc      0x767 common/libcommon.a(cmd_flash.o)
                                0x780 (size before relaxing)
 *fill*         0x33f9c063        0x1 00
 .rodata.str1.4
                0x33f9c064       0xce common/libcommon.a(cmd_itest.o)
                                 0xdc (size before relaxing)
 *fill*         0x33f9c132        0x2 00
 .rodata.str1.4
                0x33f9c134      0x378 common/libcommon.a(cmd_load.o)
                                0x398 (size before relaxing)
 .rodata.str1.4
                0x33f9c4ac      0x629 common/libcommon.a(cmd_mem.o)
                                0x648 (size before relaxing)
 *fill*         0x33f9cad5        0x3 00
 .rodata.str1.4
                0x33f9cad8       0x70 common/libcommon.a(cmd_misc.o)
                                 0x7c (size before relaxing)
 .rodata.str1.4
                0x33f9cb48      0x905 common/libcommon.a(cmd_nand.o)
                                0x93c (size before relaxing)
 *fill*         0x33f9d44d        0x3 00
 .rodata.str1.4
                0x33f9d450      0x1a9 common/libcommon.a(cmd_net.o)
                                0x1fc (size before relaxing)
 *fill*         0x33f9d5f9        0x3 00
 .rodata.str1.4
                0x33f9d5fc      0x31d common/libcommon.a(cmd_nvedit.o)
                                0x3b0 (size before relaxing)
 *fill*         0x33f9d919        0x3 00
 .rodata.str1.4
                0x33f9d91c      0x27e common/libcommon.a(command.o)
                                0x280 (size before relaxing)
 *fill*         0x33f9db9a        0x2 00
 .rodata.str1.4
                0x33f9db9c       0x75 common/libcommon.a(console.o)
                                 0x7c (size before relaxing)
 *fill*         0x33f9dc11        0x3 00
 .rodata.str1.4
                0x33f9dc14       0x2f common/libcommon.a(devices.o)
                                 0x48 (size before relaxing)
 *fill*         0x33f9dc43        0x1 00
 .rodata.str1.4
                0x33f9dc44       0x33 common/libcommon.a(env_common.o)
                                 0x34 (size before relaxing)
 *fill*         0x33f9dc77        0x1 00
 .rodata.str1.4
                0x33f9dc78       0x31 common/libcommon.a(env_flash.o)
                                 0x3c (size before relaxing)
 *fill*         0x33f9dca9        0x3 00
 .rodata.str1.4
                0x33f9dcac      0x11d common/libcommon.a(flash.o)
                                0x120 (size before relaxing)
 *fill*         0x33f9ddc9        0x3 00
 .rodata.str1.4
                0x33f9ddcc       0xf2 common/libcommon.a(xyzModem.o)
                                 0xf8 (size before relaxing)
 *fill*         0x33f9debe        0x2 00
 .rodata.str1.4
                0x33f9dec0       0x17 lib_generic/libgeneric.a(display_options.o)
                                 0x20 (size before relaxing)
 *fill*         0x33f9ded7        0x1 00
 .rodata.str1.4
                0x33f9ded8       0x57 lib_generic/libgeneric.a(vsprintf.o)
                                 0x58 (size before relaxing)
 *fill*         0x33f9df2f        0x1 00
 .rodata.str1.4
                0x33f9df30      0x20d lib_generic/libgeneric.a(zlib.o)
                                0x214 (size before relaxing)
 *fill*         0x33f9e13d        0x3 00
 .rodata.str1.4
                0x33f9e140      0x125 board/mini2440/libmini2440.a(flash.o)
                                0x12c (size before relaxing)
 *fill*         0x33f9e265        0x3 00
 .rodata.str1.4
                0x33f9e268       0x14 cpu/arm920t/s3c24x0/libs3c24x0.a(nand_flash.o)
 .rodata.str1.4
                0x33f9e27c       0x5b lib_arm/libarm.a(armlinux.o)
                                 0xb8 (size before relaxing)
 *fill*         0x33f9e2d7        0x1 00
 .rodata.str1.4
                0x33f9e2d8      0x557 drivers/nand/libnand.a(nand_util.o)
                                0x55c (size before relaxing)
                0x33f9e830                . = ALIGN (0x4)

.data           0x33f9e830     0x1480
 *(.data)
 .data          0x33f9e830       0x2c lib_arm/libarm.a(board.o)
                0x33f9e830                init_sequence
 .data          0x33f9e85c        0xa net/libnet.a(net.o)
                0x33f9e85e                NetOurVLAN
                0x33f9e85c                NetOurNativeVLAN
                0x33f9e860                NetBcastAddr
 *fill*         0x33f9e866        0x2 00
 .data          0x33f9e868        0x4 net/libnet.a(nfs.o)
 .data          0x33f9e86c        0x4 drivers/nand/libnand.a(nand.o)
                0x33f9e86c                nand_curr_device
 .data          0x33f9e870      0x298 drivers/nand/libnand.a(nand_base.o)
 .data          0x33f9eb08      0x548 drivers/nand/libnand.a(nand_ids.o)
                0x33f9eb08                nand_manuf_ids
                0x33f9eb40                nand_flash_ids
 .data          0x33f9f050      0x110 drivers/nand/libnand.a(nand_bbt.o)
 .data          0x33f9f160       0x10 common/libcommon.a(main.o)
 .data          0x33f9f170        0x4 common/libcommon.a(cmd_bootm.o)
                0x33f9f170                load_addr
 .data          0x33f9f174       0x1c common/libcommon.a(cmd_date.o)
                0x33f9f174                weekdays
 .data          0x33f9f190       0x68 common/libcommon.a(cmd_itest.o)
                0x33f9f190                op_table
 .data          0x33f9f1f8        0x4 common/libcommon.a(cmd_load.o)
 .data          0x33f9f1fc        0x4 common/libcommon.a(cmd_mem.o)
                0x33f9f1fc                dp_last_length
 .data          0x33f9f200        0xc common/libcommon.a(devices.o)
                0x33f9f200                stdio_names
 .data          0x33f9f20c      0x414 common/libcommon.a(dlmalloc.o)
 .data          0x33f9f620       0x5c common/libcommon.a(env_common.o)
                0x33f9f620                default_environment
                0x33f9f678                env_get_char
 .data          0x33f9f67c        0xc common/libcommon.a(env_flash.o)
                0x33f9f680                env_name_spec
                0x33f9f67c                env_ptr
 .data          0x33f9f688      0x2a0 lib_generic/libgeneric.a(zlib.o)
                0x33f9f688                z_errmsg
                0x33f9f6a8                zlib_version
 .data          0x33f9f928      0x100 lib_generic/libgeneric.a(ctype.o)
                0x33f9f928                _ctype
 .data          0x33f9fa28       0x30 rtc/librtc.a(date.o)
 .data          0x33f9fa58      0x258 drivers/nand/libnand.a(nand_util.o)

.got.plt        0x33f9fcb0        0xc
 .got.plt       0x33f9fcb0        0xc /opt/arm-linux-gcc-3.4.5/bin/../lib/gcc/arm-linux/3.4.5/libgcc.a(_udivdi3.oS)
                0x33f9fcb0                _GLOBAL_OFFSET_TABLE_
                0x33f9fcbc                . = ALIGN (0x4)

.got            0x33f9fcbc        0x4
 *(.got)
 .got           0x33f9fcbc        0x4 /opt/arm-linux-gcc-3.4.5/bin/../lib/gcc/arm-linux/3.4.5/libgcc.a(_udivdi3.oS)
                0x33f9fcc0                . = .
                0x33f9fcc0                __u_boot_cmd_start = .

.u_boot_cmd     0x33f9fcc0      0x468
 *(.u_boot_cmd)
 .u_boot_cmd    0x33f9fcc0       0x18 common/libcommon.a(cmd_autoscript.o)
                0x33f9fcc0                __u_boot_cmd_autoscr
 .u_boot_cmd    0x33f9fcd8       0x18 common/libcommon.a(cmd_bdinfo.o)
                0x33f9fcd8                __u_boot_cmd_bdinfo
 .u_boot_cmd    0x33f9fcf0       0x30 common/libcommon.a(cmd_boot.o)
                0x33f9fcf0                __u_boot_cmd_reset
                0x33f9fd08                __u_boot_cmd_go
 .u_boot_cmd    0x33f9fd20       0x78 common/libcommon.a(cmd_bootm.o)
                0x33f9fd80                __u_boot_cmd_bootm
                0x33f9fd38                __u_boot_cmd_iminfo
                0x33f9fd20                __u_boot_cmd_imls
                0x33f9fd50                __u_boot_cmd_bootd
                0x33f9fd68                __u_boot_cmd_boot
 .u_boot_cmd    0x33f9fd98       0x30 common/libcommon.a(cmd_cache.o)
                0x33f9fd98                __u_boot_cmd_dcache
                0x33f9fdb0                __u_boot_cmd_icache
 .u_boot_cmd    0x33f9fdc8       0x18 common/libcommon.a(cmd_console.o)
                0x33f9fdc8                __u_boot_cmd_coninfo
 .u_boot_cmd    0x33f9fde0       0x18 common/libcommon.a(cmd_date.o)
                0x33f9fde0                __u_boot_cmd_date
 .u_boot_cmd    0x33f9fdf8       0x30 common/libcommon.a(cmd_elf.o)
                0x33f9fe10                __u_boot_cmd_bootelf
                0x33f9fdf8                __u_boot_cmd_bootvx
 .u_boot_cmd    0x33f9fe28       0x48 common/libcommon.a(cmd_flash.o)
                0x33f9fe58                __u_boot_cmd_flinfo
                0x33f9fe28                __u_boot_cmd_protect
                0x33f9fe40                __u_boot_cmd_erase
 .u_boot_cmd    0x33f9fe70       0x18 common/libcommon.a(cmd_itest.o)
                0x33f9fe70                __u_boot_cmd_itest
 .u_boot_cmd    0x33f9fe88       0x48 common/libcommon.a(cmd_load.o)
                0x33f9fe88                __u_boot_cmd_loady
                0x33f9feb8                __u_boot_cmd_loads
                0x33f9fea0                __u_boot_cmd_loadb
 .u_boot_cmd    0x33f9fed0       0xf0 common/libcommon.a(cmd_mem.o)
                0x33f9ff90                __u_boot_cmd_mm
                0x33f9ff48                __u_boot_cmd_cp
                0x33f9fee8                __u_boot_cmd_loop
                0x33f9ff00                __u_boot_cmd_base
                0x33f9ff60                __u_boot_cmd_mw
                0x33f9ff30                __u_boot_cmd_cmp
                0x33f9ff78                __u_boot_cmd_nm
                0x33f9fed0                __u_boot_cmd_mtest
                0x33f9ff18                __u_boot_cmd_crc32
                0x33f9ffa8                __u_boot_cmd_md
 .u_boot_cmd    0x33f9ffc0       0x18 common/libcommon.a(cmd_misc.o)
                0x33f9ffc0                __u_boot_cmd_sleep
 .u_boot_cmd    0x33f9ffd8       0x30 common/libcommon.a(cmd_nand.o)
                0x33f9fff0                __u_boot_cmd_nand
                0x33f9ffd8                __u_boot_cmd_nboot
 .u_boot_cmd    0x33fa0008       0x60 common/libcommon.a(cmd_net.o)
                0x33fa0008                __u_boot_cmd_nfs
                0x33fa0020                __u_boot_cmd_rarpboot
                0x33fa0050                __u_boot_cmd_bootp
                0x33fa0038                __u_boot_cmd_tftpboot
 .u_boot_cmd    0x33fa0068       0x60 common/libcommon.a(cmd_nvedit.o)
                0x33fa0098                __u_boot_cmd_setenv
                0x33fa00b0                __u_boot_cmd_printenv
                0x33fa0080                __u_boot_cmd_saveenv
                0x33fa0068                __u_boot_cmd_run
 .u_boot_cmd    0x33fa00c8       0x60 common/libcommon.a(command.o)
                0x33fa0110                __u_boot_cmd_version
                0x33fa00f8                __u_boot_cmd_echo
                0x33fa00e0                __u_boot_cmd_help
                0x33fa00c8                __u_boot_cmd_question_mark
                0x33fa0128                __u_boot_cmd_end = .
                0x33fa0128                . = ALIGN (0x4)
                0x33fa0128                __bss_start = .

.bss            0x33fa0128     0x5c00
 *(.bss)
 .bss           0x33fa0128        0xc cpu/arm920t/s3c24x0/libs3c24x0.a(interrupts.o)
                0x33fa0128                timer_load_val
 .bss           0x33fa0134       0x10 lib_arm/libarm.a(board.o)
                0x33fa0134                monitor_flash_len
 .bss           0x33fa0144     0x25c0 net/libnet.a(net.o)
                0x33fa0298                PktBuf
                0x33fa01d8                NetOurDNSIP
                0x33fa01f8                NetRxPackets
                0x33fa0196                NetOurHostName
                0x33fa01f0                NetOurIP
                0x33fa01dc                NetOurGatewayIP
                0x33fa0218                BootFile
                0x33fa0144                NetTxPacket
                0x33fa20cc                NetArpWaitPacketBuf
                0x33fa01b6                NetOurNISDomain
                0x33fa0156                NetOurRootPath
                0x33fa014e                NetServerEther
                0x33fa0214                NetState
                0x33fa01e0                NetOurSubnetMask
                0x33fa20b8                NetArpWaitPacketIP
                0x33fa26ec                NetArpWaitTimerStart
                0x33fa01f4                NetServerIP
                0x33fa0148                NetEtherNullAddr
                0x33fa20bc                NetArpWaitReplyIP
                0x33fa20c0                NetArpWaitPacketMAC
                0x33fa01e8                NetOurEther
                0x33fa0210                NetIPID
                0x33fa20c8                NetArpWaitTxPacketSize
                0x33fa20c4                NetArpWaitTxPacket
                0x33fa0154                NetBootFileSize
                0x33fa26f0                NetArpWaitTry
                0x33fa020c                NetRxPktLen
                0x33fa01e4                NetBootFileXferSize
                0x33fa0208                NetRxPkt
 .bss           0x33fa2704       0x34 net/libnet.a(tftp.o)
 .bss           0x33fa2738        0x8 net/libnet.a(bootp.o)
                0x33fa273c                BootpTry
                0x33fa2738                BootpID
 .bss           0x33fa2740        0x4 net/libnet.a(rarp.o)
                0x33fa2740                RarpTry
 .bss           0x33fa2744      0x8b0 net/libnet.a(nfs.o)
 .bss           0x33fa2ff4      0x208 drivers/nand/libnand.a(nand.o)
                0x33fa2ff4                nand_info
 .bss           0x33fa31fc      0x200 common/libcommon.a(main.o)
                0x33fa31fc                console_buffer
 .bss           0x33fa33fc       0x40 common/libcommon.a(cmd_bootm.o)
                0x33fa33fc                header
 .bss           0x33fa343c       0x88 common/libcommon.a(cmd_load.o)
                0x33fa3460                his_eol
                0x33fa346c                os_data_init
                0x33fa343c                os_data_count
                0x33fa3468                his_pad_char
                0x33fa3488                send_ptr
                0x33fa3469                his_quote
                0x33fa3474                send_parms
                0x33fa3470                os_data_char
                0x33fa3464                his_pad_count
                0x33fa3440                os_data_header
 .bss           0x33fa34c4       0x14 common/libcommon.a(cmd_mem.o)
                0x33fa34c8                dp_last_size
                0x33fa34d0                mm_last_size
                0x33fa34cc                mm_last_addr
                0x33fa34c4                dp_last_addr
 .bss           0x33fa34d8        0x8 common/libcommon.a(console.o)
 .bss           0x33fa34e0       0x10 common/libcommon.a(devices.o)
                0x33fa34e0                stdio_devices
                0x33fa34ec                devlist
 .bss           0x33fa34f0       0x3c common/libcommon.a(dlmalloc.o)
 .bss           0x33fa352c      0x43c common/libcommon.a(xyzModem.o)
 .bss           0x33fa3968        0x4 lib_generic/libgeneric.a(string.o)
                0x33fa3968                ___strtok
 .bss           0x33fa396c     0x10a8 lib_generic/libgeneric.a(zlib.o)
 .bss           0x33fa4a14      0xa0c board/mini2440/libmini2440.a(flash.o)
                0x33fa4a14                flash_info
 .bss           0x33fa5420      0x908 drivers/nand/libnand.a(nand_util.o)

.rel.dyn
                0x33fa5d28                _end = .
Address of section .text set to 0x33f80000
LOAD cpu/arm920t/start.o
START GROUP
LOAD lib_generic/libgeneric.a
LOAD board/mini2440/libmini2440.a
LOAD cpu/arm920t/libarm920t.a
LOAD cpu/arm920t/s3c24x0/libs3c24x0.a
LOAD lib_arm/libarm.a
LOAD fs/cramfs/libcramfs.a
LOAD fs/fat/libfat.a
LOAD fs/fdos/libfdos.a
LOAD fs/jffs2/libjffs2.a
LOAD fs/reiserfs/libreiserfs.a
LOAD fs/ext2/libext2fs.a
LOAD net/libnet.a
LOAD disk/libdisk.a
LOAD rtc/librtc.a
LOAD dtt/libdtt.a
LOAD drivers/libdrivers.a
LOAD drivers/nand/libnand.a
LOAD drivers/nand_legacy/libnand_legacy.a
LOAD drivers/sk98lin/libsk98lin.a
LOAD post/libpost.a
LOAD post/cpu/libcpu.a
LOAD common/libcommon.a
END GROUP
LOAD /opt/arm-linux-gcc-3.4.5/bin/../lib/gcc/arm-linux/3.4.5/libgcc.a
OUTPUT(u-boot elf32-littlearm)

.debug_line     0x00000000     0x7b16
 .debug_line    0x00000000       0xb1 cpu/arm920t/start.o
 .debug_line    0x000000b1       0x48 board/mini2440/lowlevel_init.o
 .debug_line    0x000000f9       0x99 board/mini2440/nand_read.o
 .debug_line    0x00000192       0xc1 cpu/arm920t/libarm920t.a(interrupts.o)
 .debug_line    0x00000253      0x14f cpu/arm920t/s3c24x0/libs3c24x0.a(interrupts.o)
 .debug_line    0x000003a2      0x18e cpu/arm920t/s3c24x0/libs3c24x0.a(speed.o)
 .debug_line    0x00000530       0x5c lib_arm/libarm.a(_udivsi3.o)
 .debug_line    0x0000058c      0x1bc lib_arm/libarm.a(board.o)
 .debug_line    0x00000748       0x33 lib_arm/libarm.a(div0.o)
 .debug_line    0x0000077b      0x63c net/libnet.a(net.o)
 .debug_line    0x00000db7      0x29a net/libnet.a(tftp.o)
 .debug_line    0x00001051      0x2dd net/libnet.a(bootp.o)
 .debug_line    0x0000132e       0xfe net/libnet.a(rarp.o)
 .debug_line    0x0000142c       0xbf net/libnet.a(eth.o)
 .debug_line    0x000014eb      0x4b6 net/libnet.a(nfs.o)
 .debug_line    0x000019a1      0x198 drivers/libdrivers.a(cs8900.o)
 .debug_line    0x00001b39      0x18e drivers/nand/libnand.a(nand.o)
 .debug_line    0x00001cc7      0x795 drivers/nand/libnand.a(nand_base.o)
 .debug_line    0x0000245c       0x71 drivers/nand/libnand.a(nand_ids.o)
 .debug_line    0x000024cd      0x1c7 drivers/nand/libnand.a(nand_ecc.o)
 .debug_line    0x00002694      0x484 drivers/nand/libnand.a(nand_bbt.o)
 .debug_line    0x00002b18      0x1f6 common/libcommon.a(main.o)
 .debug_line    0x00002d0e      0x20a common/libcommon.a(cmd_autoscript.o)
 .debug_line    0x00002f18      0x12e common/libcommon.a(cmd_bdinfo.o)
 .debug_line    0x00003046       0xd9 common/libcommon.a(cmd_boot.o)
 .debug_line    0x0000311f      0x509 common/libcommon.a(cmd_bootm.o)
 .debug_line    0x00003628       0xae common/libcommon.a(cmd_cache.o)
 .debug_line    0x000036d6       0xa9 common/libcommon.a(cmd_console.o)
 .debug_line    0x0000377f      0x16f common/libcommon.a(cmd_date.o)
 .debug_line    0x000038ee      0x1b7 common/libcommon.a(cmd_elf.o)
 .debug_line    0x00003aa5      0x258 common/libcommon.a(cmd_flash.o)
 .debug_line    0x00003cfd      0x11e common/libcommon.a(cmd_itest.o)
 .debug_line    0x00003e1b      0x3a5 common/libcommon.a(cmd_load.o)
 .debug_line    0x000041c0      0x2a2 common/libcommon.a(cmd_mem.o)
 .debug_line    0x00004462       0xd2 common/libcommon.a(cmd_misc.o)
 .debug_line    0x00004534      0x3af common/libcommon.a(cmd_nand.o)
 .debug_line    0x000048e3      0x128 common/libcommon.a(cmd_net.o)
 .debug_line    0x00004a0b      0x2b7 common/libcommon.a(cmd_nvedit.o)
 .debug_line    0x00004cc2      0x113 common/libcommon.a(command.o)
 .debug_line    0x00004dd5      0x259 common/libcommon.a(console.o)
 .debug_line    0x0000502e      0x153 common/libcommon.a(devices.o)
 .debug_line    0x00005181      0x3a9 common/libcommon.a(dlmalloc.o)
 .debug_line    0x0000552a      0x152 common/libcommon.a(env_common.o)
 .debug_line    0x0000567c      0x168 common/libcommon.a(env_flash.o)
 .debug_line    0x000057e4       0xdf common/libcommon.a(exports.o)
 .debug_line    0x000058c3      0x14d common/libcommon.a(flash.o)
 .debug_line    0x00005a10      0x107 common/libcommon.a(lists.o)
 .debug_line    0x00005b17      0x109 common/libcommon.a(s_record.o)
 .debug_line    0x00005c20      0x22a common/libcommon.a(xyzModem.o)
 .debug_line    0x00005e4a       0xc7 common/libcommon.a(crc16.o)
 .debug_line    0x00005f11       0x9a lib_generic/libgeneric.a(crc32.o)
 .debug_line    0x00005fab       0xa1 lib_generic/libgeneric.a(display_options.o)
 .debug_line    0x0000604c      0x1be lib_generic/libgeneric.a(string.o)
 .debug_line    0x0000620a      0x1d4 lib_generic/libgeneric.a(vsprintf.o)
 .debug_line    0x000063de      0x5d5 lib_generic/libgeneric.a(zlib.o)
 .debug_line    0x000069b3       0x25 lib_generic/libgeneric.a(ctype.o)
 .debug_line    0x000069d8      0x176 board/mini2440/libmini2440.a(mini2440.o)
 .debug_line    0x00006b4e      0x1d7 board/mini2440/libmini2440.a(flash.o)
 .debug_line    0x00006d25       0xe7 cpu/arm920t/libarm920t.a(cpu.o)
 .debug_line    0x00006e0c      0x163 cpu/arm920t/s3c24x0/libs3c24x0.a(serial.o)
 .debug_line    0x00006f6f      0x1da cpu/arm920t/s3c24x0/libs3c24x0.a(nand_flash.o)
 .debug_line    0x00007149       0x3d lib_arm/libarm.a(_ashldi3.o)
 .debug_line    0x00007186       0x3d lib_arm/libarm.a(_ashrdi3.o)
 .debug_line    0x000071c3       0x63 lib_arm/libarm.a(_divsi3.o)
 .debug_line    0x00007226       0x51 lib_arm/libarm.a(_modsi3.o)
 .debug_line    0x00007277       0x63 lib_arm/libarm.a(_umodsi3.o)
 .debug_line    0x000072da      0x21c lib_arm/libarm.a(armlinux.o)
 .debug_line    0x000074f6       0x34 lib_arm/libarm.a(cache.o)
 .debug_line    0x0000752a       0xc6 rtc/librtc.a(date.o)
 .debug_line    0x000075f0      0x138 rtc/librtc.a(s3c24x0_rtc.o)
 .debug_line    0x00007728      0x3ba drivers/nand/libnand.a(nand_util.o)
 .debug_line    0x00007ae2       0x1a /opt/arm-linux-gcc-3.4.5/bin/../lib/gcc/arm-linux/3.4.5/libgcc.a(_udivdi3.oS)
 .debug_line    0x00007afc       0x1a /opt/arm-linux-gcc-3.4.5/bin/../lib/gcc/arm-linux/3.4.5/libgcc.a(_clz.oS)

.debug_info     0x00000000    0x1b454
 .debug_info    0x00000000       0x67 cpu/arm920t/start.o
 .debug_info    0x00000067       0x72 board/mini2440/lowlevel_init.o
 .debug_info    0x000000d9      0x243 board/mini2440/nand_read.o
 .debug_info    0x0000031c      0x242 cpu/arm920t/libarm920t.a(interrupts.o)
 .debug_info    0x0000055e      0x439 cpu/arm920t/s3c24x0/libs3c24x0.a(interrupts.o)
 .debug_info    0x00000997      0x3ec cpu/arm920t/s3c24x0/libs3c24x0.a(speed.o)
 .debug_info    0x00000d83       0x66 lib_arm/libarm.a(_udivsi3.o)
 .debug_info    0x00000de9      0x4dd lib_arm/libarm.a(board.o)
 .debug_info    0x000012c6       0x44 lib_arm/libarm.a(div0.o)
 .debug_info    0x0000130a     0x14ed net/libnet.a(net.o)
 .debug_info    0x000027f7      0x41a net/libnet.a(tftp.o)
 .debug_info    0x00002c11      0x8c2 net/libnet.a(bootp.o)
 .debug_info    0x000034d3      0x245 net/libnet.a(rarp.o)
 .debug_info    0x00003718      0x17d net/libnet.a(eth.o)
 .debug_info    0x00003895      0xe3a net/libnet.a(nfs.o)
 .debug_info    0x000046cf      0x489 drivers/libdrivers.a(cs8900.o)
 .debug_info    0x00004b58      0xc63 drivers/nand/libnand.a(nand.o)
 .debug_info    0x000057bb     0x214e drivers/nand/libnand.a(nand_base.o)
 .debug_info    0x00007909      0x156 drivers/nand/libnand.a(nand_ids.o)
 .debug_info    0x00007a5f      0x7e4 drivers/nand/libnand.a(nand_ecc.o)
 .debug_info    0x00008243     0x1794 drivers/nand/libnand.a(nand_bbt.o)
 .debug_info    0x000099d7      0x620 common/libcommon.a(main.o)
 .debug_info    0x00009ff7      0x3fc common/libcommon.a(cmd_autoscript.o)
 .debug_info    0x0000a3f3      0x368 common/libcommon.a(cmd_bdinfo.o)
 .debug_info    0x0000a75b      0x1c8 common/libcommon.a(cmd_boot.o)
 .debug_info    0x0000a923     0x1366 common/libcommon.a(cmd_bootm.o)
 .debug_info    0x0000bc89      0x218 common/libcommon.a(cmd_cache.o)
 .debug_info    0x0000bea1      0x37d common/libcommon.a(cmd_console.o)
 .debug_info    0x0000c21e      0x4fb common/libcommon.a(cmd_date.o)
 .debug_info    0x0000c719      0x506 common/libcommon.a(cmd_elf.o)
 .debug_info    0x0000cc1f      0x7b0 common/libcommon.a(cmd_flash.o)
 .debug_info    0x0000d3cf      0x42a common/libcommon.a(cmd_itest.o)
 .debug_info    0x0000d7f9      0xd34 common/libcommon.a(cmd_load.o)
 .debug_info    0x0000e52d      0xa16 common/libcommon.a(cmd_mem.o)
 .debug_info    0x0000ef43      0x1aa common/libcommon.a(cmd_misc.o)
 .debug_info    0x0000f0ed     0x1577 common/libcommon.a(cmd_nand.o)
 .debug_info    0x00010664      0x4c3 common/libcommon.a(cmd_net.o)
 .debug_info    0x00010b27      0x825 common/libcommon.a(cmd_nvedit.o)
 .debug_info    0x0001134c      0x3f4 common/libcommon.a(command.o)
 .debug_info    0x00011740      0x855 common/libcommon.a(console.o)
 .debug_info    0x00011f95      0x485 common/libcommon.a(devices.o)
 .debug_info    0x0001241a      0xb59 common/libcommon.a(dlmalloc.o)
 .debug_info    0x00012f73      0x364 common/libcommon.a(env_common.o)
 .debug_info    0x000132d7      0x376 common/libcommon.a(env_flash.o)
 .debug_info    0x0001364d      0x255 common/libcommon.a(exports.o)
 .debug_info    0x000138a2      0x2f8 common/libcommon.a(flash.o)
 .debug_info    0x00013b9a      0x4df common/libcommon.a(lists.o)
 .debug_info    0x00014079      0x17a common/libcommon.a(s_record.o)
 .debug_info    0x000141f3      0x625 common/libcommon.a(xyzModem.o)
 .debug_info    0x00014818      0x10f common/libcommon.a(crc16.o)
 .debug_info    0x00014927      0x16d lib_generic/libgeneric.a(crc32.o)
 .debug_info    0x00014a94      0x120 lib_generic/libgeneric.a(display_options.o)
 .debug_info    0x00014bb4      0x828 lib_generic/libgeneric.a(string.o)
 .debug_info    0x000153dc      0x401 lib_generic/libgeneric.a(vsprintf.o)
 .debug_info    0x000157dd     0x16ca lib_generic/libgeneric.a(zlib.o)
 .debug_info    0x00016ea7       0x56 lib_generic/libgeneric.a(ctype.o)
 .debug_info    0x00016efd      0x640 board/mini2440/libmini2440.a(mini2440.o)
 .debug_info    0x0001753d      0x407 board/mini2440/libmini2440.a(flash.o)
 .debug_info    0x00017944      0x2f0 cpu/arm920t/libarm920t.a(cpu.o)
 .debug_info    0x00017c34      0x47f cpu/arm920t/s3c24x0/libs3c24x0.a(serial.o)
 .debug_info    0x000180b3      0xf35 cpu/arm920t/s3c24x0/libs3c24x0.a(nand_flash.o)
 .debug_info    0x00018fe8       0x66 lib_arm/libarm.a(_ashldi3.o)
 .debug_info    0x0001904e       0x66 lib_arm/libarm.a(_ashrdi3.o)
 .debug_info    0x000190b4       0x65 lib_arm/libarm.a(_divsi3.o)
 .debug_info    0x00019119       0x65 lib_arm/libarm.a(_modsi3.o)
 .debug_info    0x0001917e       0x66 lib_arm/libarm.a(_umodsi3.o)
 .debug_info    0x000191e4      0x58b lib_arm/libarm.a(armlinux.o)
 .debug_info    0x0001976f       0xa8 lib_arm/libarm.a(cache.o)
 .debug_info    0x00019817      0x253 rtc/librtc.a(date.o)
 .debug_info    0x00019a6a      0x6ac rtc/librtc.a(s3c24x0_rtc.o)
 .debug_info    0x0001a116     0x133e drivers/nand/libnand.a(nand_util.o)

.debug_abbrev   0x00000000     0x607b
 .debug_abbrev  0x00000000       0x14 cpu/arm920t/start.o
 .debug_abbrev  0x00000014       0x14 board/mini2440/lowlevel_init.o
 .debug_abbrev  0x00000028      0x12d board/mini2440/nand_read.o
 .debug_abbrev  0x00000155       0xe0 cpu/arm920t/libarm920t.a(interrupts.o)
 .debug_abbrev  0x00000235      0x1c8 cpu/arm920t/s3c24x0/libs3c24x0.a(interrupts.o)
 .debug_abbrev  0x000003fd      0x147 cpu/arm920t/s3c24x0/libs3c24x0.a(speed.o)
 .debug_abbrev  0x00000544       0x14 lib_arm/libarm.a(_udivsi3.o)
 .debug_abbrev  0x00000558      0x1fc lib_arm/libarm.a(board.o)
 .debug_abbrev  0x00000754       0x3a lib_arm/libarm.a(div0.o)
 .debug_abbrev  0x0000078e      0x2e2 net/libnet.a(net.o)
 .debug_abbrev  0x00000a70      0x19e net/libnet.a(tftp.o)
 .debug_abbrev  0x00000c0e      0x261 net/libnet.a(bootp.o)
 .debug_abbrev  0x00000e6f      0x108 net/libnet.a(rarp.o)
 .debug_abbrev  0x00000f77       0xac net/libnet.a(eth.o)
 .debug_abbrev  0x00001023      0x2e3 net/libnet.a(nfs.o)
 .debug_abbrev  0x00001306      0x1d7 drivers/libdrivers.a(cs8900.o)
 .debug_abbrev  0x000014dd      0x17d drivers/nand/libnand.a(nand.o)
 .debug_abbrev  0x0000165a      0x316 drivers/nand/libnand.a(nand_base.o)
 .debug_abbrev  0x00001970       0x83 drivers/nand/libnand.a(nand_ids.o)
 .debug_abbrev  0x000019f3      0x171 drivers/nand/libnand.a(nand_ecc.o)
 .debug_abbrev  0x00001b64      0x2b1 drivers/nand/libnand.a(nand_bbt.o)
 .debug_abbrev  0x00001e15      0x208 common/libcommon.a(main.o)
 .debug_abbrev  0x0000201d      0x141 common/libcommon.a(cmd_autoscript.o)
 .debug_abbrev  0x0000215e      0x119 common/libcommon.a(cmd_bdinfo.o)
 .debug_abbrev  0x00002277       0xd6 common/libcommon.a(cmd_boot.o)
 .debug_abbrev  0x0000234d      0x2cf common/libcommon.a(cmd_bootm.o)
 .debug_abbrev  0x0000261c       0xe5 common/libcommon.a(cmd_cache.o)
 .debug_abbrev  0x00002701      0x134 common/libcommon.a(cmd_console.o)
 .debug_abbrev  0x00002835      0x15a common/libcommon.a(cmd_date.o)
 .debug_abbrev  0x0000298f      0x178 common/libcommon.a(cmd_elf.o)
 .debug_abbrev  0x00002b07      0x1ad common/libcommon.a(cmd_flash.o)
 .debug_abbrev  0x00002cb4      0x17f common/libcommon.a(cmd_itest.o)
 .debug_abbrev  0x00002e33      0x301 common/libcommon.a(cmd_load.o)
 .debug_abbrev  0x00003134      0x1c0 common/libcommon.a(cmd_mem.o)
 .debug_abbrev  0x000032f4       0xc7 common/libcommon.a(cmd_misc.o)
 .debug_abbrev  0x000033bb      0x2e2 common/libcommon.a(cmd_nand.o)
 .debug_abbrev  0x0000369d      0x17b common/libcommon.a(cmd_net.o)
 .debug_abbrev  0x00003818      0x22e common/libcommon.a(cmd_nvedit.o)
 .debug_abbrev  0x00003a46      0x18b common/libcommon.a(command.o)
 .debug_abbrev  0x00003bd1      0x23a common/libcommon.a(console.o)
 .debug_abbrev  0x00003e0b      0x15b common/libcommon.a(devices.o)
 .debug_abbrev  0x00003f66      0x1d6 common/libcommon.a(dlmalloc.o)
 .debug_abbrev  0x0000413c      0x149 common/libcommon.a(env_common.o)
 .debug_abbrev  0x00004285      0x180 common/libcommon.a(env_flash.o)
 .debug_abbrev  0x00004405       0xf3 common/libcommon.a(exports.o)
 .debug_abbrev  0x000044f8      0x116 common/libcommon.a(flash.o)
 .debug_abbrev  0x0000460e      0x18e common/libcommon.a(lists.o)
 .debug_abbrev  0x0000479c       0xac common/libcommon.a(s_record.o)
 .debug_abbrev  0x00004848      0x214 common/libcommon.a(xyzModem.o)
 .debug_abbrev  0x00004a5c       0x9f common/libcommon.a(crc16.o)
 .debug_abbrev  0x00004afb       0x90 lib_generic/libgeneric.a(crc32.o)
 .debug_abbrev  0x00004b8b       0xc3 lib_generic/libgeneric.a(display_options.o)
 .debug_abbrev  0x00004c4e      0x136 lib_generic/libgeneric.a(string.o)
 .debug_abbrev  0x00004d84      0x1ad lib_generic/libgeneric.a(vsprintf.o)
 .debug_abbrev  0x00004f31      0x271 lib_generic/libgeneric.a(zlib.o)
 .debug_abbrev  0x000051a2       0x42 lib_generic/libgeneric.a(ctype.o)
 .debug_abbrev  0x000051e4      0x17a board/mini2440/libmini2440.a(mini2440.o)
 .debug_abbrev  0x0000535e      0x1c7 board/mini2440/libmini2440.a(flash.o)
 .debug_abbrev  0x00005525      0x124 cpu/arm920t/libarm920t.a(cpu.o)
 .debug_abbrev  0x00005649      0x17c cpu/arm920t/s3c24x0/libs3c24x0.a(serial.o)
 .debug_abbrev  0x000057c5      0x1ef cpu/arm920t/s3c24x0/libs3c24x0.a(nand_flash.o)
 .debug_abbrev  0x000059b4       0x14 lib_arm/libarm.a(_ashldi3.o)
 .debug_abbrev  0x000059c8       0x14 lib_arm/libarm.a(_ashrdi3.o)
 .debug_abbrev  0x000059dc       0x14 lib_arm/libarm.a(_divsi3.o)
 .debug_abbrev  0x000059f0       0x14 lib_arm/libarm.a(_modsi3.o)
 .debug_abbrev  0x00005a04       0x14 lib_arm/libarm.a(_umodsi3.o)
 .debug_abbrev  0x00005a18      0x173 lib_arm/libarm.a(armlinux.o)
 .debug_abbrev  0x00005b8b       0x4e lib_arm/libarm.a(cache.o)
 .debug_abbrev  0x00005bd9       0xdc rtc/librtc.a(date.o)
 .debug_abbrev  0x00005cb5      0x1c0 rtc/librtc.a(s3c24x0_rtc.o)
 .debug_abbrev  0x00005e75      0x206 drivers/nand/libnand.a(nand_util.o)

.debug_aranges  0x00000000      0x8a0
 .debug_aranges
                0x00000000       0x20 cpu/arm920t/start.o
 .debug_aranges
                0x00000020       0x20 board/mini2440/lowlevel_init.o
 .debug_aranges
                0x00000040       0x20 board/mini2440/nand_read.o
 .debug_aranges
                0x00000060       0x20 cpu/arm920t/libarm920t.a(interrupts.o)
 .debug_aranges
                0x00000080       0x20 cpu/arm920t/s3c24x0/libs3c24x0.a(interrupts.o)
 .debug_aranges
                0x000000a0       0x20 cpu/arm920t/s3c24x0/libs3c24x0.a(speed.o)
 .debug_aranges
                0x000000c0       0x20 lib_arm/libarm.a(_udivsi3.o)
 .debug_aranges
                0x000000e0       0x20 lib_arm/libarm.a(board.o)
 .debug_aranges
                0x00000100       0x20 lib_arm/libarm.a(div0.o)
 .debug_aranges
                0x00000120       0x20 net/libnet.a(net.o)
 .debug_aranges
                0x00000140       0x20 net/libnet.a(tftp.o)
 .debug_aranges
                0x00000160       0x20 net/libnet.a(bootp.o)
 .debug_aranges
                0x00000180       0x20 net/libnet.a(rarp.o)
 .debug_aranges
                0x000001a0       0x20 net/libnet.a(eth.o)
 .debug_aranges
                0x000001c0       0x20 net/libnet.a(nfs.o)
 .debug_aranges
                0x000001e0       0x20 drivers/libdrivers.a(cs8900.o)
 .debug_aranges
                0x00000200       0x20 drivers/nand/libnand.a(nand.o)
 .debug_aranges
                0x00000220       0x20 drivers/nand/libnand.a(nand_base.o)
 .debug_aranges
                0x00000240       0x20 drivers/nand/libnand.a(nand_ecc.o)
 .debug_aranges
                0x00000260       0x20 drivers/nand/libnand.a(nand_bbt.o)
 .debug_aranges
                0x00000280       0x20 common/libcommon.a(main.o)
 .debug_aranges
                0x000002a0       0x20 common/libcommon.a(cmd_autoscript.o)
 .debug_aranges
                0x000002c0       0x20 common/libcommon.a(cmd_bdinfo.o)
 .debug_aranges
                0x000002e0       0x20 common/libcommon.a(cmd_boot.o)
 .debug_aranges
                0x00000300       0x20 common/libcommon.a(cmd_bootm.o)
 .debug_aranges
                0x00000320       0x20 common/libcommon.a(cmd_cache.o)
 .debug_aranges
                0x00000340       0x20 common/libcommon.a(cmd_console.o)
 .debug_aranges
                0x00000360       0x20 common/libcommon.a(cmd_date.o)
 .debug_aranges
                0x00000380       0x20 common/libcommon.a(cmd_elf.o)
 .debug_aranges
                0x000003a0       0x20 common/libcommon.a(cmd_flash.o)
 .debug_aranges
                0x000003c0       0x20 common/libcommon.a(cmd_itest.o)
 .debug_aranges
                0x000003e0       0x20 common/libcommon.a(cmd_load.o)
 .debug_aranges
                0x00000400       0x20 common/libcommon.a(cmd_mem.o)
 .debug_aranges
                0x00000420       0x20 common/libcommon.a(cmd_misc.o)
 .debug_aranges
                0x00000440       0x20 common/libcommon.a(cmd_nand.o)
 .debug_aranges
                0x00000460       0x20 common/libcommon.a(cmd_net.o)
 .debug_aranges
                0x00000480       0x20 common/libcommon.a(cmd_nvedit.o)
 .debug_aranges
                0x000004a0       0x20 common/libcommon.a(command.o)
 .debug_aranges
                0x000004c0       0x20 common/libcommon.a(console.o)
 .debug_aranges
                0x000004e0       0x20 common/libcommon.a(devices.o)
 .debug_aranges
                0x00000500       0x20 common/libcommon.a(dlmalloc.o)
 .debug_aranges
                0x00000520       0x20 common/libcommon.a(env_common.o)
 .debug_aranges
                0x00000540       0x20 common/libcommon.a(env_flash.o)
 .debug_aranges
                0x00000560       0x20 common/libcommon.a(exports.o)
 .debug_aranges
                0x00000580       0x20 common/libcommon.a(flash.o)
 .debug_aranges
                0x000005a0       0x20 common/libcommon.a(lists.o)
 .debug_aranges
                0x000005c0       0x20 common/libcommon.a(s_record.o)
 .debug_aranges
                0x000005e0       0x20 common/libcommon.a(xyzModem.o)
 .debug_aranges
                0x00000600       0x20 common/libcommon.a(crc16.o)
 .debug_aranges
                0x00000620       0x20 lib_generic/libgeneric.a(crc32.o)
 .debug_aranges
                0x00000640       0x20 lib_generic/libgeneric.a(display_options.o)
 .debug_aranges
                0x00000660       0x20 lib_generic/libgeneric.a(string.o)
 .debug_aranges
                0x00000680       0x20 lib_generic/libgeneric.a(vsprintf.o)
 .debug_aranges
                0x000006a0       0x20 lib_generic/libgeneric.a(zlib.o)
 .debug_aranges
                0x000006c0       0x20 board/mini2440/libmini2440.a(mini2440.o)
 .debug_aranges
                0x000006e0       0x20 board/mini2440/libmini2440.a(flash.o)
 .debug_aranges
                0x00000700       0x20 cpu/arm920t/libarm920t.a(cpu.o)
 .debug_aranges
                0x00000720       0x20 cpu/arm920t/s3c24x0/libs3c24x0.a(serial.o)
 .debug_aranges
                0x00000740       0x20 cpu/arm920t/s3c24x0/libs3c24x0.a(nand_flash.o)
 .debug_aranges
                0x00000760       0x20 lib_arm/libarm.a(_ashldi3.o)
 .debug_aranges
                0x00000780       0x20 lib_arm/libarm.a(_ashrdi3.o)
 .debug_aranges
                0x000007a0       0x20 lib_arm/libarm.a(_divsi3.o)
 .debug_aranges
                0x000007c0       0x20 lib_arm/libarm.a(_modsi3.o)
 .debug_aranges
                0x000007e0       0x20 lib_arm/libarm.a(_umodsi3.o)
 .debug_aranges
                0x00000800       0x20 lib_arm/libarm.a(armlinux.o)
 .debug_aranges
                0x00000820       0x20 lib_arm/libarm.a(cache.o)
 .debug_aranges
                0x00000840       0x20 rtc/librtc.a(date.o)
 .debug_aranges
                0x00000860       0x20 rtc/librtc.a(s3c24x0_rtc.o)
 .debug_aranges
                0x00000880       0x20 drivers/nand/libnand.a(nand_util.o)

.debug_frame    0x00000000     0x2e74
 .debug_frame   0x00000000       0x30 board/mini2440/nand_read.o
 .debug_frame   0x00000030      0x110 cpu/arm920t/libarm920t.a(interrupts.o)
 .debug_frame   0x00000140       0xf8 cpu/arm920t/s3c24x0/libs3c24x0.a(interrupts.o)
 .debug_frame   0x00000238       0x7c cpu/arm920t/s3c24x0/libs3c24x0.a(speed.o)
 .debug_frame   0x000002b4       0x9c lib_arm/libarm.a(board.o)
 .debug_frame   0x00000350       0x20 lib_arm/libarm.a(div0.o)
 .debug_frame   0x00000370      0x26c net/libnet.a(net.o)
 .debug_frame   0x000005dc       0x8c net/libnet.a(tftp.o)
 .debug_frame   0x00000668       0x8c net/libnet.a(bootp.o)
 .debug_frame   0x000006f4       0x60 net/libnet.a(rarp.o)
 .debug_frame   0x00000754       0x20 net/libnet.a(eth.o)
 .debug_frame   0x00000774      0x14c net/libnet.a(nfs.o)
 .debug_frame   0x000008c0      0x148 drivers/libdrivers.a(cs8900.o)
 .debug_frame   0x00000a08       0x28 drivers/nand/libnand.a(nand.o)
 .debug_frame   0x00000a30      0x438 drivers/nand/libnand.a(nand_base.o)
 .debug_frame   0x00000e68       0x54 drivers/nand/libnand.a(nand_ecc.o)
 .debug_frame   0x00000ebc      0x1a0 drivers/nand/libnand.a(nand_bbt.o)
 .debug_frame   0x0000105c       0xb8 common/libcommon.a(main.o)
 .debug_frame   0x00001114       0x4c common/libcommon.a(cmd_autoscript.o)
 .debug_frame   0x00001160       0x3c common/libcommon.a(cmd_bdinfo.o)
 .debug_frame   0x0000119c       0x2c common/libcommon.a(cmd_boot.o)
 .debug_frame   0x000011c8      0x120 common/libcommon.a(cmd_bootm.o)
 .debug_frame   0x000012e8       0x58 common/libcommon.a(cmd_cache.o)
 .debug_frame   0x00001340       0x30 common/libcommon.a(cmd_console.o)
 .debug_frame   0x00001370       0x64 common/libcommon.a(cmd_date.o)
 .debug_frame   0x000013d4       0x88 common/libcommon.a(cmd_elf.o)
 .debug_frame   0x0000145c      0x124 common/libcommon.a(cmd_flash.o)
 .debug_frame   0x00001580       0x74 common/libcommon.a(cmd_itest.o)
 .debug_frame   0x000015f4      0x198 common/libcommon.a(cmd_load.o)
 .debug_frame   0x0000178c      0x184 common/libcommon.a(cmd_mem.o)
 .debug_frame   0x00001910       0x30 common/libcommon.a(cmd_misc.o)
 .debug_frame   0x00001940       0x88 common/libcommon.a(cmd_nand.o)
 .debug_frame   0x000019c8       0x74 common/libcommon.a(cmd_net.o)
 .debug_frame   0x00001a3c      0x108 common/libcommon.a(cmd_nvedit.o)
 .debug_frame   0x00001b44       0x98 common/libcommon.a(command.o)
 .debug_frame   0x00001bdc      0x214 common/libcommon.a(console.o)
 .debug_frame   0x00001df0       0x5c common/libcommon.a(devices.o)
 .debug_frame   0x00001e4c      0x13c common/libcommon.a(dlmalloc.o)
 .debug_frame   0x00001f88       0x7c common/libcommon.a(env_common.o)
 .debug_frame   0x00002004       0x68 common/libcommon.a(env_flash.o)
 .debug_frame   0x0000206c       0x48 common/libcommon.a(exports.o)
 .debug_frame   0x000020b4       0x80 common/libcommon.a(flash.o)
 .debug_frame   0x00002134      0x134 common/libcommon.a(lists.o)
 .debug_frame   0x00002268       0x64 common/libcommon.a(s_record.o)
 .debug_frame   0x000022cc      0x128 common/libcommon.a(xyzModem.o)
 .debug_frame   0x000023f4       0x28 common/libcommon.a(crc16.o)
 .debug_frame   0x0000241c       0x40 lib_generic/libgeneric.a(crc32.o)
 .debug_frame   0x0000245c       0x48 lib_generic/libgeneric.a(display_options.o)
 .debug_frame   0x000024a4      0x1dc lib_generic/libgeneric.a(string.o)
 .debug_frame   0x00002680       0xe4 lib_generic/libgeneric.a(vsprintf.o)
 .debug_frame   0x00002764      0x1f4 lib_generic/libgeneric.a(zlib.o)
 .debug_frame   0x00002958       0x38 board/mini2440/libmini2440.a(mini2440.o)
 .debug_frame   0x00002990       0xac board/mini2440/libmini2440.a(flash.o)
 .debug_frame   0x00002a3c      0x114 cpu/arm920t/libarm920t.a(cpu.o)
 .debug_frame   0x00002b50       0x88 cpu/arm920t/s3c24x0/libs3c24x0.a(serial.o)
 .debug_frame   0x00002bd8       0x50 cpu/arm920t/s3c24x0/libs3c24x0.a(nand_flash.o)
 .debug_frame   0x00002c28       0x38 lib_arm/libarm.a(armlinux.o)
 .debug_frame   0x00002c60       0x20 lib_arm/libarm.a(cache.o)
 .debug_frame   0x00002c80       0x6c rtc/librtc.a(date.o)
 .debug_frame   0x00002cec       0x94 rtc/librtc.a(s3c24x0_rtc.o)
 .debug_frame   0x00002d80       0xf4 drivers/nand/libnand.a(nand_util.o)

.debug_pubnames
                0x00000000     0x1fe2
 .debug_pubnames
                0x00000000       0x23 board/mini2440/nand_read.o
 .debug_pubnames
                0x00000023       0xdf cpu/arm920t/libarm920t.a(interrupts.o)
 .debug_pubnames
                0x00000102       0xd7 cpu/arm920t/s3c24x0/libs3c24x0.a(interrupts.o)
 .debug_pubnames
                0x000001d9       0x46 cpu/arm920t/s3c24x0/libs3c24x0.a(speed.o)
 .debug_pubnames
                0x0000021f       0x71 lib_arm/libarm.a(board.o)
 .debug_pubnames
                0x00000290       0x1d lib_arm/libarm.a(div0.o)
 .debug_pubnames
                0x000002ad      0x3d7 net/libnet.a(net.o)
 .debug_pubnames
                0x00000684       0x20 net/libnet.a(tftp.o)
 .debug_pubnames
                0x000006a4       0x3c net/libnet.a(bootp.o)
 .debug_pubnames
                0x000006e0       0x2e net/libnet.a(rarp.o)
 .debug_pubnames
                0x0000070e       0x25 net/libnet.a(eth.o)
 .debug_pubnames
                0x00000733       0x1f net/libnet.a(nfs.o)
 .debug_pubnames
                0x00000752       0x8b drivers/libdrivers.a(cs8900.o)
 .debug_pubnames
                0x000007dd       0x43 drivers/nand/libnand.a(nand.o)
 .debug_pubnames
                0x00000820       0x57 drivers/nand/libnand.a(nand_base.o)
 .debug_pubnames
                0x00000877       0x38 drivers/nand/libnand.a(nand_ids.o)
 .debug_pubnames
                0x000008af       0x3f drivers/nand/libnand.a(nand_ecc.o)
 .debug_pubnames
                0x000008ee       0x60 drivers/nand/libnand.a(nand_bbt.o)
 .debug_pubnames
                0x0000094e       0x5b common/libcommon.a(main.o)
 .debug_pubnames
                0x000009a9       0x4c common/libcommon.a(cmd_autoscript.o)
 .debug_pubnames
                0x000009f5       0x38 common/libcommon.a(cmd_bdinfo.o)
 .debug_pubnames
                0x00000a2d       0x47 common/libcommon.a(cmd_boot.o)
 .debug_pubnames
                0x00000a74       0xe4 common/libcommon.a(cmd_bootm.o)
 .debug_pubnames
                0x00000b58       0x5e common/libcommon.a(cmd_cache.o)
 .debug_pubnames
                0x00000bb6       0x3a common/libcommon.a(cmd_console.o)
 .debug_pubnames
                0x00000bf0       0x4d common/libcommon.a(cmd_date.o)
 .debug_pubnames
                0x00000c3d       0x87 common/libcommon.a(cmd_elf.o)
 .debug_pubnames
                0x00000cc4       0xb2 common/libcommon.a(cmd_flash.o)
 .debug_pubnames
                0x00000d76       0x53 common/libcommon.a(cmd_itest.o)
 .debug_pubnames
                0x00000dc9      0x1c9 common/libcommon.a(cmd_load.o)
 .debug_pubnames
                0x00000f92      0x1e7 common/libcommon.a(cmd_mem.o)
 .debug_pubnames
                0x00001179       0x36 common/libcommon.a(cmd_misc.o)
 .debug_pubnames
                0x000011af       0x5b common/libcommon.a(cmd_nand.o)
 .debug_pubnames
                0x0000120a       0xa4 common/libcommon.a(cmd_net.o)
 .debug_pubnames
                0x000012ae       0xd1 common/libcommon.a(cmd_nvedit.o)
 .debug_pubnames
                0x0000137f       0xaa common/libcommon.a(command.o)
 .debug_pubnames
                0x00001429      0x10e common/libcommon.a(console.o)
 .debug_pubnames
                0x00001537       0x76 common/libcommon.a(devices.o)
 .debug_pubnames
                0x000015ad       0xb3 common/libcommon.a(dlmalloc.o)
 .debug_pubnames
                0x00001660       0x88 common/libcommon.a(env_common.o)
 .debug_pubnames
                0x000016e8       0x75 common/libcommon.a(env_flash.o)
 .debug_pubnames
                0x0000175d       0x35 common/libcommon.a(exports.o)
 .debug_pubnames
                0x00001792       0x53 common/libcommon.a(flash.o)
 .debug_pubnames
                0x000017e5      0x116 common/libcommon.a(lists.o)
 .debug_pubnames
                0x000018fb       0x22 common/libcommon.a(s_record.o)
 .debug_pubnames
                0x0000191d       0xd5 common/libcommon.a(xyzModem.o)
 .debug_pubnames
                0x000019f2       0x20 common/libcommon.a(crc16.o)
 .debug_pubnames
                0x00001a12       0x2e lib_generic/libgeneric.a(crc32.o)
 .debug_pubnames
                0x00001a40       0x35 lib_generic/libgeneric.a(display_options.o)
 .debug_pubnames
                0x00001a75      0x130 lib_generic/libgeneric.a(string.o)
 .debug_pubnames
                0x00001ba5       0x5a lib_generic/libgeneric.a(vsprintf.o)
 .debug_pubnames
                0x00001bff       0xab lib_generic/libgeneric.a(zlib.o)
 .debug_pubnames
                0x00001caa       0x1d lib_generic/libgeneric.a(ctype.o)
 .debug_pubnames
                0x00001cc7       0x2f board/mini2440/libmini2440.a(mini2440.o)
 .debug_pubnames
                0x00001cf6       0x64 board/mini2440/libmini2440.a(flash.o)
 .debug_pubnames
                0x00001d5a       0xb3 cpu/arm920t/libarm920t.a(cpu.o)
 .debug_pubnames
                0x00001e0d       0x74 cpu/arm920t/s3c24x0/libs3c24x0.a(serial.o)
 .debug_pubnames
                0x00001e81       0x26 cpu/arm920t/s3c24x0/libs3c24x0.a(nand_flash.o)
 .debug_pubnames
                0x00001ea7       0x25 lib_arm/libarm.a(armlinux.o)
 .debug_pubnames
                0x00001ecc       0x22 lib_arm/libarm.a(cache.o)
 .debug_pubnames
                0x00001eee       0x38 rtc/librtc.a(date.o)
 .debug_pubnames
                0x00001f26       0x38 rtc/librtc.a(s3c24x0_rtc.o)
 .debug_pubnames
                0x00001f5e       0x84 drivers/nand/libnand.a(nand_util.o)

.debug_str      0x00000000     0x47ec
 .debug_str     0x00000000      0x12e board/mini2440/nand_read.o
                                0x176 (size before relaxing)
 .debug_str     0x0000012e      0x105 cpu/arm920t/libarm920t.a(interrupts.o)
                                0x1a5 (size before relaxing)
 .debug_str     0x00000233      0x1b5 cpu/arm920t/s3c24x0/libs3c24x0.a(interrupts.o)
                                0x277 (size before relaxing)
 .debug_str     0x000003e8      0x16a cpu/arm920t/s3c24x0/libs3c24x0.a(speed.o)
                                0x267 (size before relaxing)
 .debug_str     0x00000552      0x175 lib_arm/libarm.a(board.o)
                                0x2e2 (size before relaxing)
 .debug_str     0x000006c7        0xe lib_arm/libarm.a(div0.o)
                                 0x54 (size before relaxing)
 .debug_str     0x000006d5      0x5ba net/libnet.a(net.o)
                                0x783 (size before relaxing)
 .debug_str     0x00000c8f       0xec net/libnet.a(tftp.o)
                                0x281 (size before relaxing)
 .debug_str     0x00000d7b      0x176 net/libnet.a(bootp.o)
                                0x37f (size before relaxing)
 .debug_str     0x00000ef1       0x4c net/libnet.a(rarp.o)
                                0x19d (size before relaxing)
 .debug_str     0x00000f3d       0x15 net/libnet.a(eth.o)
                                0x157 (size before relaxing)
 .debug_str     0x00000f52      0x263 net/libnet.a(nfs.o)
                                0x466 (size before relaxing)
 .debug_str     0x000011b5      0x107 drivers/libdrivers.a(cs8900.o)
                                0x256 (size before relaxing)
 .debug_str     0x000012bc      0x358 drivers/nand/libnand.a(nand.o)
                                0x5a0 (size before relaxing)
 .debug_str     0x00001614      0x495 drivers/nand/libnand.a(nand_base.o)
                                0xa0f (size before relaxing)
 .debug_str     0x00001aa9        0xb drivers/nand/libnand.a(nand_ids.o)
                                0x143 (size before relaxing)
 .debug_str     0x00001ab4       0x7b drivers/nand/libnand.a(nand_ecc.o)
                                0x381 (size before relaxing)
 .debug_str     0x00001b2f      0x238 drivers/nand/libnand.a(nand_bbt.o)
                                0x7af (size before relaxing)
 .debug_str     0x00001d67      0x17b common/libcommon.a(main.o)
                                0x242 (size before relaxing)
 .debug_str     0x00001ee2       0xbc common/libcommon.a(cmd_autoscript.o)
                                0x229 (size before relaxing)
 .debug_str     0x00001f9e       0x35 common/libcommon.a(cmd_bdinfo.o)
                                0x21e (size before relaxing)
 .debug_str     0x00001fd3       0x34 common/libcommon.a(cmd_boot.o)
                                0x15a (size before relaxing)
 .debug_str     0x00002007      0x2b8 common/libcommon.a(cmd_bootm.o)
                                0x5be (size before relaxing)
 .debug_str     0x000022bf       0x4f common/libcommon.a(cmd_cache.o)
                                0x164 (size before relaxing)
 .debug_str     0x0000230e       0xc5 common/libcommon.a(cmd_console.o)
                                0x1f9 (size before relaxing)
 .debug_str     0x000023d3       0x52 common/libcommon.a(cmd_date.o)
                                0x28f (size before relaxing)
 .debug_str     0x00002425      0x1ac common/libcommon.a(cmd_elf.o)
                                0x307 (size before relaxing)
 .debug_str     0x000025d1      0x14d common/libcommon.a(cmd_flash.o)
                                0x2d7 (size before relaxing)
 .debug_str     0x0000271e       0x80 common/libcommon.a(cmd_itest.o)
                                0x1b5 (size before relaxing)
 .debug_str     0x0000279e      0x317 common/libcommon.a(cmd_load.o)
                                0x596 (size before relaxing)
 .debug_str     0x00002ab5      0x208 common/libcommon.a(cmd_mem.o)
                                0x38e (size before relaxing)
 .debug_str     0x00002cbd       0x27 common/libcommon.a(cmd_misc.o)
                                0x14e (size before relaxing)
 .debug_str     0x00002ce4      0x156 common/libcommon.a(cmd_nand.o)
                                0x7fd (size before relaxing)
 .debug_str     0x00002e3a       0x9e common/libcommon.a(cmd_net.o)
                                0x290 (size before relaxing)
 .debug_str     0x00002ed8       0xdc common/libcommon.a(cmd_nvedit.o)
                                0x318 (size before relaxing)
 .debug_str     0x00002fb4       0xd1 common/libcommon.a(command.o)
                                0x203 (size before relaxing)
 .debug_str     0x00003085       0xee common/libcommon.a(console.o)
                                0x386 (size before relaxing)
 .debug_str     0x00003173       0x44 common/libcommon.a(devices.o)
                                0x290 (size before relaxing)
 .debug_str     0x000031b7      0x2a3 common/libcommon.a(dlmalloc.o)
                                0x4ab (size before relaxing)
 .debug_str     0x0000345a       0x7e common/libcommon.a(env_common.o)
                                0x233 (size before relaxing)
 .debug_str     0x000034d8       0x5f common/libcommon.a(env_flash.o)
                                0x24e (size before relaxing)
 .debug_str     0x00003537       0x25 common/libcommon.a(exports.o)
                                0x1c2 (size before relaxing)
 .debug_str     0x0000355c       0x46 common/libcommon.a(flash.o)
                                0x192 (size before relaxing)
 .debug_str     0x000035a2      0x1dc common/libcommon.a(lists.o)
                                0x31d (size before relaxing)
 .debug_str     0x0000377e       0x3a common/libcommon.a(s_record.o)
                                0x11f (size before relaxing)
 .debug_str     0x000037b8      0x1b6 common/libcommon.a(xyzModem.o)
                                0x2e0 (size before relaxing)
 .debug_str     0x0000396e       0x1c common/libcommon.a(crc16.o)
                                 0xfa (size before relaxing)
 .debug_str     0x0000398a       0x60 lib_generic/libgeneric.a(crc32.o)
                                0x111 (size before relaxing)
 .debug_str     0x000039ea       0x2d lib_generic/libgeneric.a(display_options.o)
                                0x115 (size before relaxing)
 .debug_str     0x00003a17       0xd0 lib_generic/libgeneric.a(string.o)
                                0x1dd (size before relaxing)
 .debug_str     0x00003ae7       0x79 lib_generic/libgeneric.a(vsprintf.o)
                                0x1ab (size before relaxing)
 .debug_str     0x00003b60      0x3b8 lib_generic/libgeneric.a(zlib.o)
                                0x5bd (size before relaxing)
 .debug_str     0x00003f18        0x8 lib_generic/libgeneric.a(ctype.o)
                                 0x6f (size before relaxing)
 .debug_str     0x00003f20      0x199 board/mini2440/libmini2440.a(mini2440.o)
                                0x394 (size before relaxing)
 .debug_str     0x000040b9       0x5d board/mini2440/libmini2440.a(flash.o)
                                0x1db (size before relaxing)
 .debug_str     0x00004116       0xa5 cpu/arm920t/libarm920t.a(cpu.o)
                                0x1cb (size before relaxing)
 .debug_str     0x000041bb       0xfb cpu/arm920t/s3c24x0/libs3c24x0.a(serial.o)
                                0x2a9 (size before relaxing)
 .debug_str     0x000042b6      0x120 cpu/arm920t/s3c24x0/libs3c24x0.a(nand_flash.o)
                                0x721 (size before relaxing)
 .debug_str     0x000043d6       0x46 lib_arm/libarm.a(armlinux.o)
                                0x2f7 (size before relaxing)
 .debug_str     0x0000441c       0x1a lib_arm/libarm.a(cache.o)
                                 0xec (size before relaxing)
 .debug_str     0x00004436       0x77 rtc/librtc.a(date.o)
                                0x16c (size before relaxing)
 .debug_str     0x000044ad      0x16d rtc/librtc.a(s3c24x0_rtc.o)
                                0x2c4 (size before relaxing)
 .debug_str     0x0000461a      0x1d2 drivers/nand/libnand.a(nand_util.o)
                                0x843 (size before relaxing)

.comment        0x00000000      0x492
 .comment       0x00000000       0x12 board/mini2440/nand_read.o
 .comment       0x00000012       0x12 cpu/arm920t/libarm920t.a(interrupts.o)
 .comment       0x00000024       0x12 cpu/arm920t/s3c24x0/libs3c24x0.a(interrupts.o)
 .comment       0x00000036       0x12 cpu/arm920t/s3c24x0/libs3c24x0.a(speed.o)
 .comment       0x00000048       0x12 lib_arm/libarm.a(board.o)
 .comment       0x0000005a       0x12 lib_arm/libarm.a(div0.o)
 .comment       0x0000006c       0x12 net/libnet.a(net.o)
 .comment       0x0000007e       0x12 net/libnet.a(tftp.o)
 .comment       0x00000090       0x12 net/libnet.a(bootp.o)
 .comment       0x000000a2       0x12 net/libnet.a(rarp.o)
 .comment       0x000000b4       0x12 net/libnet.a(eth.o)
 .comment       0x000000c6       0x12 net/libnet.a(nfs.o)
 .comment       0x000000d8       0x12 drivers/libdrivers.a(cs8900.o)
 .comment       0x000000ea       0x12 drivers/nand/libnand.a(nand.o)
 .comment       0x000000fc       0x12 drivers/nand/libnand.a(nand_base.o)
 .comment       0x0000010e       0x12 drivers/nand/libnand.a(nand_ids.o)
 .comment       0x00000120       0x12 drivers/nand/libnand.a(nand_ecc.o)
 .comment       0x00000132       0x12 drivers/nand/libnand.a(nand_bbt.o)
 .comment       0x00000144       0x12 common/libcommon.a(main.o)
 .comment       0x00000156       0x12 common/libcommon.a(cmd_autoscript.o)
 .comment       0x00000168       0x12 common/libcommon.a(cmd_bdinfo.o)
 .comment       0x0000017a       0x12 common/libcommon.a(cmd_boot.o)
 .comment       0x0000018c       0x12 common/libcommon.a(cmd_bootm.o)
 .comment       0x0000019e       0x12 common/libcommon.a(cmd_cache.o)
 .comment       0x000001b0       0x12 common/libcommon.a(cmd_console.o)
 .comment       0x000001c2       0x12 common/libcommon.a(cmd_date.o)
 .comment       0x000001d4       0x12 common/libcommon.a(cmd_elf.o)
 .comment       0x000001e6       0x12 common/libcommon.a(cmd_flash.o)
 .comment       0x000001f8       0x12 common/libcommon.a(cmd_itest.o)
 .comment       0x0000020a       0x12 common/libcommon.a(cmd_load.o)
 .comment       0x0000021c       0x12 common/libcommon.a(cmd_mem.o)
 .comment       0x0000022e       0x12 common/libcommon.a(cmd_misc.o)
 .comment       0x00000240       0x12 common/libcommon.a(cmd_nand.o)
 .comment       0x00000252       0x12 common/libcommon.a(cmd_net.o)
 .comment       0x00000264       0x12 common/libcommon.a(cmd_nvedit.o)
 .comment       0x00000276       0x12 common/libcommon.a(command.o)
 .comment       0x00000288       0x12 common/libcommon.a(console.o)
 .comment       0x0000029a       0x12 common/libcommon.a(devices.o)
 .comment       0x000002ac       0x12 common/libcommon.a(dlmalloc.o)
 .comment       0x000002be       0x12 common/libcommon.a(env_common.o)
 .comment       0x000002d0       0x12 common/libcommon.a(env_flash.o)
 .comment       0x000002e2       0x12 common/libcommon.a(exports.o)
 .comment       0x000002f4       0x12 common/libcommon.a(flash.o)
 .comment       0x00000306       0x12 common/libcommon.a(lists.o)
 .comment       0x00000318       0x12 common/libcommon.a(s_record.o)
 .comment       0x0000032a       0x12 common/libcommon.a(xyzModem.o)
 .comment       0x0000033c       0x12 common/libcommon.a(crc16.o)
 .comment       0x0000034e       0x12 lib_generic/libgeneric.a(crc32.o)
 .comment       0x00000360       0x12 lib_generic/libgeneric.a(display_options.o)
 .comment       0x00000372       0x12 lib_generic/libgeneric.a(string.o)
 .comment       0x00000384       0x12 lib_generic/libgeneric.a(vsprintf.o)
 .comment       0x00000396       0x12 lib_generic/libgeneric.a(zlib.o)
 .comment       0x000003a8       0x12 lib_generic/libgeneric.a(ctype.o)
 .comment       0x000003ba       0x12 board/mini2440/libmini2440.a(mini2440.o)
 .comment       0x000003cc       0x12 board/mini2440/libmini2440.a(flash.o)
 .comment       0x000003de       0x12 cpu/arm920t/libarm920t.a(cpu.o)
 .comment       0x000003f0       0x12 cpu/arm920t/s3c24x0/libs3c24x0.a(serial.o)
 .comment       0x00000402       0x12 cpu/arm920t/s3c24x0/libs3c24x0.a(nand_flash.o)
 .comment       0x00000414       0x12 lib_arm/libarm.a(armlinux.o)
 .comment       0x00000426       0x12 lib_arm/libarm.a(cache.o)
 .comment       0x00000438       0x12 rtc/librtc.a(date.o)
 .comment       0x0000044a       0x12 rtc/librtc.a(s3c24x0_rtc.o)
 .comment       0x0000045c       0x12 drivers/nand/libnand.a(nand_util.o)
 .comment       0x0000046e       0x12 /opt/arm-linux-gcc-3.4.5/bin/../lib/gcc/arm-linux/3.4.5/libgcc.a(_udivdi3.oS)
 .comment       0x00000480       0x12 /opt/arm-linux-gcc-3.4.5/bin/../lib/gcc/arm-linux/3.4.5/libgcc.a(_clz.oS)

.debug_ranges   0x00000000      0x780
 .debug_ranges  0x00000000       0x38 cpu/arm920t/s3c24x0/libs3c24x0.a(interrupts.o)
 .debug_ranges  0x00000038       0x18 lib_arm/libarm.a(board.o)
 .debug_ranges  0x00000050       0xa0 net/libnet.a(net.o)
 .debug_ranges  0x000000f0       0x20 net/libnet.a(tftp.o)
 .debug_ranges  0x00000110       0x30 net/libnet.a(bootp.o)
 .debug_ranges  0x00000140       0x40 net/libnet.a(nfs.o)
 .debug_ranges  0x00000180       0x20 drivers/libdrivers.a(cs8900.o)
 .debug_ranges  0x000001a0       0xb0 drivers/nand/libnand.a(nand_base.o)
 .debug_ranges  0x00000250       0x68 drivers/nand/libnand.a(nand_bbt.o)
 .debug_ranges  0x000002b8       0x50 common/libcommon.a(main.o)
 .debug_ranges  0x00000308       0x18 common/libcommon.a(cmd_autoscript.o)
 .debug_ranges  0x00000320       0x18 common/libcommon.a(cmd_flash.o)
 .debug_ranges  0x00000338       0x18 common/libcommon.a(cmd_itest.o)
 .debug_ranges  0x00000350       0x30 common/libcommon.a(cmd_load.o)
 .debug_ranges  0x00000380       0x30 common/libcommon.a(cmd_mem.o)
 .debug_ranges  0x000003b0       0x58 common/libcommon.a(cmd_nand.o)
 .debug_ranges  0x00000408       0x18 common/libcommon.a(cmd_nvedit.o)
 .debug_ranges  0x00000420       0x38 common/libcommon.a(command.o)
 .debug_ranges  0x00000458       0x38 common/libcommon.a(console.o)
 .debug_ranges  0x00000490       0x18 common/libcommon.a(devices.o)
 .debug_ranges  0x000004a8       0x50 common/libcommon.a(dlmalloc.o)
 .debug_ranges  0x000004f8       0x58 common/libcommon.a(flash.o)
 .debug_ranges  0x00000550       0x18 common/libcommon.a(xyzModem.o)
 .debug_ranges  0x00000568       0x18 lib_generic/libgeneric.a(vsprintf.o)
 .debug_ranges  0x00000580      0x108 lib_generic/libgeneric.a(zlib.o)
 .debug_ranges  0x00000688       0x28 board/mini2440/libmini2440.a(flash.o)
 .debug_ranges  0x000006b0       0x18 cpu/arm920t/s3c24x0/libs3c24x0.a(nand_flash.o)
 .debug_ranges  0x000006c8       0x38 rtc/librtc.a(s3c24x0_rtc.o)
 .debug_ranges  0x00000700       0x80 drivers/nand/libnand.a(nand_util.o)
