Archive member included to satisfy reference by file (symbol)

cpu/arm920t/libarm920t.a(interrupts.o)
                              cpu/arm920t/start.o (do_undefined_instruction)
cpu/arm920t/s3c24x0/libs3c24x0.a(interrupts.o)
                              cpu/arm920t/libarm920t.a(interrupts.o) (reset_cpu)
cpu/arm920t/s3c24x0/libs3c24x0.a(speed.o)
                              cpu/arm920t/s3c24x0/libs3c24x0.a(interrupts.o) (get_PCLK)
lib_arm/libarm.a(_udivsi3.o)  cpu/arm920t/s3c24x0/libs3c24x0.a(interrupts.o) (__udivsi3)
lib_arm/libarm.a(board.o)     cpu/arm920t/s3c24x0/libs3c24x0.a(speed.o) (hang)
lib_arm/libarm.a(div0.o)      lib_arm/libarm.a(_udivsi3.o) (__div0)
net/libnet.a(net.o)           lib_arm/libarm.a(board.o) (copy_filename)
net/libnet.a(tftp.o)          net/libnet.a(net.o) (TftpStart)
net/libnet.a(bootp.o)         net/libnet.a(net.o) (BootpRequest)
net/libnet.a(rarp.o)          net/libnet.a(net.o) (RarpRequest)
net/libnet.a(eth.o)           lib_arm/libarm.a(board.o) (eth_initialize)
net/libnet.a(nfs.o)           net/libnet.a(net.o) (NfsStart)
drivers/libdrivers.a(cs8900.o)
                              lib_arm/libarm.a(board.o) (cs8900_get_enetaddr)
common/libcommon.a(main.o)    lib_arm/libarm.a(board.o) (main_loop)
common/libcommon.a(cmd_autoscript.o)
                              (__u_boot_cmd_autoscr)
common/libcommon.a(cmd_bdinfo.o)
                              (__u_boot_cmd_bdinfo)
common/libcommon.a(cmd_boot.o)
                              (__u_boot_cmd_reset)
common/libcommon.a(cmd_bootm.o)
                              common/libcommon.a(main.o) (do_bootd)
common/libcommon.a(cmd_cache.o)
                              (__u_boot_cmd_dcache)
common/libcommon.a(cmd_console.o)
                              (__u_boot_cmd_coninfo)
common/libcommon.a(cmd_date.o)
                              (__u_boot_cmd_date)
common/libcommon.a(cmd_elf.o)
                              common/libcommon.a(cmd_bootm.o) (do_bootelf)
common/libcommon.a(cmd_flash.o)
                              (__u_boot_cmd_protect)
common/libcommon.a(cmd_itest.o)
                              (__u_boot_cmd_itest)
common/libcommon.a(cmd_load.o)
                              (__u_boot_cmd_loady)
common/libcommon.a(cmd_mem.o)
                              common/libcommon.a(cmd_itest.o) (cmd_get_data_size)
common/libcommon.a(cmd_misc.o)
                              (__u_boot_cmd_sleep)
common/libcommon.a(cmd_net.o)
                              (__u_boot_cmd_nfs)
common/libcommon.a(cmd_nvedit.o)
                              net/libnet.a(net.o) (setenv)
common/libcommon.a(command.o)
                              common/libcommon.a(main.o) (find_cmd)
common/libcommon.a(console.o)
                              cpu/arm920t/libarm920t.a(interrupts.o) (printf)
common/libcommon.a(devices.o)
                              lib_arm/libarm.a(board.o) (devices_init)
common/libcommon.a(dlmalloc.o)
                              common/libcommon.a(cmd_autoscript.o) (free)
common/libcommon.a(env_common.o)
                              common/libcommon.a(cmd_nvedit.o) (env_crc_update)
common/libcommon.a(env_flash.o)
                              common/libcommon.a(env_common.o) (env_get_char_spec)
common/libcommon.a(exports.o)
                              lib_arm/libarm.a(board.o) (jumptable_init)
common/libcommon.a(flash.o)   common/libcommon.a(cmd_load.o) (addr2info)
common/libcommon.a(lists.o)   common/libcommon.a(devices.o) (ListCreate)
common/libcommon.a(s_record.o)
                              common/libcommon.a(cmd_load.o) (srec_decode)
common/libcommon.a(xyzModem.o)
                              common/libcommon.a(cmd_load.o) (xyzModem_stream_open)
common/libcommon.a(crc16.o)   common/libcommon.a(xyzModem.o) (cyg_crc16)
lib_generic/libgeneric.a(crc32.o)
                              common/libcommon.a(cmd_autoscript.o) (crc32)
lib_generic/libgeneric.a(display_options.o)
                              lib_arm/libarm.a(board.o) (print_size)
lib_generic/libgeneric.a(string.o)
                              net/libnet.a(net.o) (strcpy)
lib_generic/libgeneric.a(vsprintf.o)
                              lib_arm/libarm.a(board.o) (simple_strtoul)
lib_generic/libgeneric.a(zlib.o)
                              common/libcommon.a(cmd_bootm.o) (inflateEnd)
lib_generic/libgeneric.a(ctype.o)
                              lib_generic/libgeneric.a(vsprintf.o) (_ctype)
board/mini2440/libmini2440.a(mini2440.o)
                              lib_arm/libarm.a(board.o) (board_init)
board/mini2440/libmini2440.a(flash.o)
                              lib_arm/libarm.a(board.o) (flash_init)
cpu/arm920t/libarm920t.a(cpu.o)
                              lib_arm/libarm.a(board.o) (cpu_init)
cpu/arm920t/s3c24x0/libs3c24x0.a(serial.o)
                              common/libcommon.a(cmd_load.o) (serial_setbrg)
lib_arm/libarm.a(_divsi3.o)   common/libcommon.a(cmd_date.o) (__divsi3)
lib_arm/libarm.a(_modsi3.o)   net/libnet.a(nfs.o) (__modsi3)
[...]
Memory Configuration

Name             Origin             Length             Attributes
*default*        0x0000000000000000 0xffffffffffffffff

Linker script and memory map

                0x0000000000000000                . = 0x0
                0x0000000000000000                . = ALIGN (0x4)

.text           0x0000000033f80000    0x10b10
 cpu/arm920t/start.o(.text)
 .text          0x0000000033f80000      0x3e8 cpu/arm920t/start.o
                0x0000000033f80000                _start
                0x0000000033f80044                _armboot_start
                0x0000000033f80048                _bss_start
                0x0000000033f8004c                _bss_end
 board/mini2440/lowlevel_init.o(.text)
 .text          0x0000000033f803e8       0x70 board/mini2440/lowlevel_init.o
                0x0000000033f803ec                lowlevel_init
 *(.text)
 .text          0x0000000033f80458      0x260 cpu/arm920t/libarm920t.a(interrupts.o)
                0x0000000033f80458                enable_interrupts
                0x0000000033f8045c                disable_interrupts
                0x0000000033f80464                bad_mode
                0x0000000033f80480                show_regs
                0x0000000033f805bc                do_undefined_instruction
                0x0000000033f805e0                do_software_interrupt
                0x0000000033f80604                do_prefetch_abort
                0x0000000033f80628                do_data_abort
                0x0000000033f8064c                do_not_used
                0x0000000033f80670                do_fiq
                0x0000000033f80694                do_irq
 .text          0x0000000033f806b8      0x204 cpu/arm920t/s3c24x0/libs3c24x0.a(interrupts.o)
                0x0000000033f806b8                interrupt_init
                0x0000000033f80728                set_timer
                0x0000000033f80738                reset_timer_masked
                0x0000000033f80760                reset_timer
                0x0000000033f80764                get_timer_masked
                0x0000000033f807a4                get_timer
                0x0000000033f807b8                udelay
                0x0000000033f8080c                udelay_masked
                0x0000000033f80880                get_ticks
                0x0000000033f80890                get_tbclk
                0x0000000033f8089c                reset_cpu
 .text          0x0000000033f808bc      0x1a8 cpu/arm920t/s3c24x0/libs3c24x0.a(speed.o)
                0x0000000033f80924                get_FCLK
                0x0000000033f8092c                get_HCLK
                0x0000000033f809bc                get_PCLK
                0x0000000033f80a5c                get_UCLK
 .text          0x0000000033f80a64       0x98 lib_arm/libarm.a(_udivsi3.o)
                0x0000000033f80a64                __udivsi3
 .text          0x0000000033f80afc      0x2c4 lib_arm/libarm.a(board.o)
                0x0000000033f80ba0                sbrk
                0x0000000033f80bdc                hang
                0x0000000033f80bf0                start_armboot
 .text          0x0000000033f80dc0        0x4 lib_arm/libarm.a(div0.o)
                0x0000000033f80dc0                __div0
 .text          0x0000000033f80dc4     0x10e0 net/libnet.a(net.o)
                0x0000000033f80ddc                NetStartAgain
                0x0000000033f80e68                NetSetHandler
                0x0000000033f80e78                NetSetTimeout
                0x0000000033f80eb0                NetSendPacket
                0x0000000033f80eb4                NetCksum
                0x0000000033f80ee8                NetCksumOk
                0x0000000033f80f0c                NetEthHdrSize
                0x0000000033f80f4c                NetSetEther
                0x0000000033f80ff4                ArpRequest
                0x0000000033f810f0                ArpTimeoutCheck
                0x0000000033f81164                NetSetIP
                0x0000000033f812a0                NetSendUDPPacket
                0x0000000033f813d8                copy_filename
                0x0000000033f8141c                ip_to_string
                0x0000000033f8147c                string_to_ip
                0x0000000033f814fc                VLAN_to_string
                0x0000000033f8154c                string_to_VLAN
                0x0000000033f815a4                print_IPaddr
                0x0000000033f815c0                NetReceive
                0x0000000033f81aec                getenv_IPaddr
                0x0000000033f81afc                getenv_VLAN
                0x0000000033f81b0c                NetLoop
 .text          0x0000000033f81ea4      0x600 net/libnet.a(tftp.o)
                0x0000000033f822b8                TftpStart
 .text          0x0000000033f824a4      0x650 net/libnet.a(bootp.o)
                0x0000000033f82860                BootpRequest
 .text          0x0000000033f82af4      0x198 net/libnet.a(rarp.o)
                0x0000000033f82b4c                RarpRequest
 .text          0x0000000033f82c8c        0x8 net/libnet.a(eth.o)
                0x0000000033f82c8c                eth_initialize
 .text          0x0000000033f82c94      0xdc8 net/libnet.a(nfs.o)
                0x0000000033f83838                NfsStart
 .text          0x0000000033f83a5c      0x5f4 drivers/libdrivers.a(cs8900.o)
                0x0000000033f83ba8                cs8900_get_enetaddr
                0x0000000033f83da4                eth_halt
                0x0000000033f83dc4                eth_init
                0x0000000033f83e58                eth_rx
                0x0000000033f83edc                eth_send
                0x0000000033f83fac                cs8900_e2prom_read
                0x0000000033f83ff0                cs8900_e2prom_write
 .text          0x0000000033f84050      0x8e4 common/libcommon.a(main.o)
                0x0000000033f84124                readline
                0x0000000033f842fc                run_command
                0x0000000033f84758                main_loop
                0x0000000033f848b4                do_run
 .text          0x0000000033f84934      0x21c common/libcommon.a(cmd_autoscript.o)
                0x0000000033f84958                autoscript
                0x0000000033f84b10                do_autoscript
 .text          0x0000000033f84b50       0xe8 common/libcommon.a(cmd_bdinfo.o)
                0x0000000033f84b50                do_bdinfo
 .text          0x0000000033f84c38       0x80 common/libcommon.a(cmd_boot.o)
                0x0000000033f84c38                do_go
 .text          0x0000000033f84cb8      0xb74 common/libcommon.a(cmd_bootm.o)
                0x0000000033f84cec                do_bootd
                0x0000000033f84d18                print_image_hdr
                0x0000000033f84fac                do_iminfo
                0x0000000033f8512c                gunzip
                0x0000000033f85284                do_bootm
 .text          0x0000000033f8582c      0x140 common/libcommon.a(cmd_cache.o)
                0x0000000033f8586c                do_icache
                0x0000000033f858ec                do_dcache
 .text          0x0000000033f8596c       0xd0 common/libcommon.a(cmd_console.o)
                0x0000000033f8596c                do_coninfo
 .text          0x0000000033f85a3c      0x318 common/libcommon.a(cmd_date.o)
                0x0000000033f85a80                mk_date
                0x0000000033f85c54                do_date
 .text          0x0000000033f85d54      0x384 common/libcommon.a(cmd_elf.o)
                0x0000000033f85d54                valid_elf_image
                0x0000000033f85da0                load_elf_image
                0x0000000033f85eac                do_bootelf
                0x0000000033f85f4c                do_bootvx
 .text          0x0000000033f860d8      0xa5c common/libcommon.a(cmd_flash.o)
                0x0000000033f864fc                do_flinfo
                0x0000000033f8655c                flash_sect_erase
                0x0000000033f86624                do_flerase
                0x0000000033f867b8                flash_sect_protect
                0x0000000033f868a0                do_protect
 .text          0x0000000033f86b34      0x2e0 common/libcommon.a(cmd_itest.o)
                0x0000000033f86b7c                binary_test
                0x0000000033f86d7c                do_itest
 .text          0x0000000033f86e14      0xcec common/libcommon.a(cmd_load.o)
                0x0000000033f871dc                do_load_serial
                0x0000000033f872b4                send_pad
                0x0000000033f872e4                ktrans
                0x0000000033f87310                chk1
                0x0000000033f87338                s1_sendpacket
                0x0000000033f87360                send_ack
                0x0000000033f873c0                send_nack
                0x0000000033f87420                k_data_init
                0x0000000033f87438                k_data_save
                0x0000000033f87464                k_data_restore
                0x0000000033f87490                k_data_char
                0x0000000033f874e8                handle_send_packet
                0x0000000033f876a8                do_load_serial_bin
 .text          0x0000000033f87b00      0xad8 common/libcommon.a(cmd_mem.o)
                0x0000000033f87b00                do_mem_base
                0x0000000033f87b40                do_mem_mtest
                0x0000000033f87c5c                do_mem_crc
                0x0000000033f87d10                cmd_get_data_size
                0x0000000033f87d6c                do_mem_md
                0x0000000033f880d4                do_mem_mm
                0x0000000033f88100                do_mem_nm
                0x0000000033f8812c                do_mem_mw
                0x0000000033f881f4                do_mem_cmp
                0x0000000033f883a8                do_mem_cp
                0x0000000033f884e0                do_mem_loop
 .text          0x0000000033f885d8       0x90 common/libcommon.a(cmd_misc.o)
                0x0000000033f885d8                do_sleep
 .text          0x0000000033f88668      0x2c0 common/libcommon.a(cmd_net.o)
                0x0000000033f888f8                do_bootp
                0x0000000033f88904                do_tftpb
                0x0000000033f88910                do_rarpb
                0x0000000033f8891c                do_nfs
 .text          0x0000000033f88928      0x884 common/libcommon.a(cmd_nvedit.o)
                0x0000000033f889a4                do_printenv
                0x0000000033f88b3c                do_saveenv
                0x0000000033f88b68                _do_setenv
                0x0000000033f88fe0                do_setenv
                0x0000000033f89014                setenv
                0x0000000033f89044                getenv
                0x0000000033f890c8                getenv_r
 .text          0x0000000033f891ac      0x2f4 common/libcommon.a(command.o)
                0x0000000033f891ac                do_version
                0x0000000033f891cc                do_echo
                0x0000000033f89258                find_cmd
                0x0000000033f892f0                do_help
 .text          0x0000000033f894a0      0x524 common/libcommon.a(console.o)
                0x0000000033f89548                serial_printf
                0x0000000033f89580                fgetc
                0x0000000033f895a0                ftstc
                0x0000000033f895c0                fputc
                0x0000000033f895e4                fputs
                0x0000000033f89604                fprintf
                0x0000000033f89644                getc
                0x0000000033f89658                tstc
                0x0000000033f8966c                putc
                0x0000000033f89690                puts
                0x0000000033f896b0                printf
                0x0000000033f896e8                vprintf
                0x0000000033f89710                ctrlc
                0x0000000033f89760                disable_ctrlc
                0x0000000033f89778                had_ctrlc
                0x0000000033f89788                clear_ctrlc
                0x0000000033f8979c                console_assign
                0x0000000033f89834                console_init_f
                0x0000000033f89844                console_init_r
 .text          0x0000000033f899c4       0xe8 common/libcommon.a(devices.o)
                0x0000000033f899c4                device_register
                0x0000000033f899e8                devices_init
                0x0000000033f89a90                devices_done
 .text          0x0000000033f89aac     0x1050 common/libcommon.a(dlmalloc.o)
                0x0000000033f89aac                malloc_bin_reloc
                0x0000000033f89ae8                malloc_trim
                0x0000000033f89ba8                free
                0x0000000033f89dd8                malloc
                0x0000000033f8a3ac                calloc
                0x0000000033f8a47c                realloc
                0x0000000033f8a938                memalign
                0x0000000033f8aa40                valloc
                0x0000000033f8aa4c                pvalloc
                0x0000000033f8aa64                cfree
                0x0000000033f8aa68                malloc_usable_size
                0x0000000033f8aaa4                mallopt
 .text          0x0000000033f8aafc      0x114 common/libcommon.a(env_common.o)
                0x0000000033f8ab18                env_get_char_memory
                0x0000000033f8ab38                env_crc_update
                0x0000000033f8ab64                env_get_addr
                0x0000000033f8ab84                env_relocate
 .text          0x0000000033f8ac10      0x130 common/libcommon.a(env_flash.o)
                0x0000000033f8ac10                env_get_char_spec
                0x0000000033f8ac1c                env_init
                0x0000000033f8ac80                saveenv
                0x0000000033f8ad28                env_relocate_spec
 .text          0x0000000033f8ad40       0xc8 common/libcommon.a(exports.o)
                0x0000000033f8ad44                get_version
                0x0000000033f8ad4c                jumptable_init
 .text          0x0000000033f8ae08      0x350 common/libcommon.a(flash.o)
                0x0000000033f8ae08                flash_protect
                0x0000000033f8aeec                addr2info
                0x0000000033f8af38                flash_write
                0x0000000033f8b084                flash_perror
 .text          0x0000000033f8b158      0x3a4 common/libcommon.a(lists.o)
                0x0000000033f8b158                NewHandle
                0x0000000033f8b1b4                DisposeHandle
                0x0000000033f8b1d8                GetHandleSize
                0x0000000033f8b1e0                SetHandleSize
                0x0000000033f8b254                ListCreate
                0x0000000033f8b2b4                ListSetAllocationPolicy
                0x0000000033f8b2c8                ListDispose
                0x0000000033f8b2cc                ListInsertItems
                0x0000000033f8b464                ListInsertItem
                0x0000000033f8b46c                ListGetItems
                0x0000000033f8b4ac                ListGetPtrToItem
                0x0000000033f8b4d8                ListGetDataPtr
                0x0000000033f8b4e4                ListGetItemSize
                0x0000000033f8b4f0                ListNumItems
 .text          0x0000000033f8b4fc      0x2d0 common/libcommon.a(s_record.o)
                0x0000000033f8b574                srec_decode
 .text          0x0000000033f8b7cc      0x8c8 common/libcommon.a(xyzModem.o)
                0x0000000033f8b7cc                CYGACC_COMM_IF_GETC_TIMEOUT
                0x0000000033f8bac8                CYGACC_COMM_IF_PUTC
                0x0000000033f8bad0                parse_num
                0x0000000033f8bbf0                xyzModem_stream_open
                0x0000000033f8bd30                xyzModem_stream_read
                0x0000000033f8bf88                xyzModem_stream_close
                0x0000000033f8bfdc                xyzModem_stream_terminate
                0x0000000033f8c074                xyzModem_error
 .text          0x0000000033f8c094       0x48 common/libcommon.a(crc16.o)
                0x0000000033f8c094                cyg_crc16
 .text          0x0000000033f8c0dc      0x10c lib_generic/libgeneric.a(crc32.o)
                0x0000000033f8c0dc                crc32
 .text          0x0000000033f8c1e8       0xbc lib_generic/libgeneric.a(display_options.o)
                0x0000000033f8c1e8                display_options
                0x0000000033f8c208                print_size
 .text          0x0000000033f8c2a4      0x524 lib_generic/libgeneric.a(string.o)
                0x0000000033f8c2a4                strcpy
                0x0000000033f8c2bc                strncpy
                0x0000000033f8c2e0                strcat
                0x0000000033f8c310                strncat
                0x0000000033f8c364                strcmp
                0x0000000033f8c38c                strncmp
                0x0000000033f8c3c8                strchr
                0x0000000033f8c3f4                strlen
                0x0000000033f8c414                strrchr
                0x0000000033f8c450                strnlen
                0x0000000033f8c47c                strdup
                0x0000000033f8c4bc                strspn
                0x0000000033f8c4f8                strpbrk
                0x0000000033f8c534                strtok
                0x0000000033f8c5b8                strsep
                0x0000000033f8c5f0                strswab
                0x0000000033f8c638                memset
                0x0000000033f8c650                bcopy
                0x0000000033f8c674                memcpy
                0x0000000033f8c690                memmove
                0x0000000033f8c6d0                memcmp
                0x0000000033f8c700                memscan
                0x0000000033f8c72c                strstr
                0x0000000033f8c798                memchr
 .text          0x0000000033f8c7c8      0x750 lib_generic/libgeneric.a(vsprintf.o)
                0x0000000033f8ca1c                simple_strtoul
                0x0000000033f8cad4                simple_strtol
                0x0000000033f8caf4                vsprintf
                0x0000000033f8cea0                sprintf
                0x0000000033f8cec8                panic
 .text          0x0000000033f8cf18     0x2870 lib_generic/libgeneric.a(zlib.o)
                0x0000000033f8d5f4                adler32
                0x0000000033f8d9a8                inflateReset
                0x0000000033f8da0c                inflateEnd
                0x0000000033f8daa8                inflateInit2
                0x0000000033f8dbf4                inflateInit
                0x0000000033f8dbfc                inflate
                0x0000000033f8f558                inflateIncomp
                0x0000000033f8f690                inflateSync
 .text          0x0000000033f8f788        0x0 lib_generic/libgeneric.a(ctype.o)
 .text          0x0000000033f8f788      0x148 board/mini2440/libmini2440.a(mini2440.o)
                0x0000000033f8f788                board_init
                0x0000000033f8f8b0                dram_init
 .text          0x0000000033f8f8d0      0x618 board/mini2440/libmini2440.a(flash.o)
                0x0000000033f8f9b4                flash_init
                0x0000000033f8fa8c                flash_print_info
                0x0000000033f8fb94                flash_erase
                0x0000000033f8fd84                write_buff
 .text          0x0000000033f8fee8       0xf8 cpu/arm920t/libarm920t.a(cpu.o)
                0x0000000033f8ff1c                cpu_init
                0x0000000033f8ff24                cleanup_before_linux
                0x0000000033f8ff48                do_reset
                0x0000000033f8ff60                icache_enable
                0x0000000033f8ff78                icache_disable
                0x0000000033f8ff90                icache_status
                0x0000000033f8ffa0                dcache_enable
                0x0000000033f8ffb8                dcache_disable
                0x0000000033f8ffd0                dcache_status
 .text          0x0000000033f8ffe0       0xd0 cpu/arm920t/s3c24x0/libs3c24x0.a(serial.o)
                0x0000000033f8ffe0                serial_setbrg
                0x0000000033f90028                serial_init
                0x0000000033f90038                serial_getc
                0x0000000033f90054                serial_putc
                0x0000000033f90080                serial_tstc
                0x0000000033f90090                serial_puts
 *fill*         0x0000000033f900b0       0x10 
 .text          0x0000000033f900c0      0x128 lib_arm/libarm.a(_divsi3.o)
                0x0000000033f900c0                __divsi3
 *fill*         0x0000000033f901e8       0x18 
 .text          0x0000000033f90200       0xe4 lib_arm/libarm.a(_modsi3.o)
                0x0000000033f90200                __modsi3
 .text          0x0000000033f902e4       0xb4 lib_arm/libarm.a(_umodsi3.o)
                0x0000000033f902e4                __umodsi3
 .text          0x0000000033f90398      0x200 lib_arm/libarm.a(armlinux.o)
                0x0000000033f903bc                do_bootm_linux
 .text          0x0000000033f90598        0x4 lib_arm/libarm.a(cache.o)
                0x0000000033f90598                flush_cache
 .text          0x0000000033f9059c      0x280 rtc/librtc.a(date.o)
                0x0000000033f9059c                GregorianDay
                0x0000000033f90684                to_tm
                0x0000000033f90784                mktime
 .text          0x0000000033f9081c      0x2f4 rtc/librtc.a(s3c24x0_rtc.o)
                0x0000000033f9081c                rtc_get
                0x0000000033f90974                rtc_set
                0x0000000033f90aec                rtc_reset

.glue_7         0x0000000033f90b10        0x0
 .glue_7        0x0000000033f90b10        0x0 linker stubs

.glue_7t        0x0000000033f90b10        0x0
 .glue_7t       0x0000000033f90b10        0x0 linker stubs

.vfp11_veneer   0x0000000033f90b10        0x0
 .vfp11_veneer  0x0000000033f90b10        0x0 linker stubs

.v4_bx          0x0000000033f90b10        0x0
 .v4_bx         0x0000000033f90b10        0x0 linker stubs

.iplt           0x0000000033f90b10        0x0
 .iplt          0x0000000033f90b10        0x0 cpu/arm920t/start.o
                0x0000000033f90b10                . = ALIGN (0x4)

.rodata         0x0000000033f90b10      0x880
 *(.rodata)
 .rodata        0x0000000033f90b10       0x80 cpu/arm920t/libarm920t.a(interrupts.o)
 .rodata        0x0000000033f90b90       0x36 lib_arm/libarm.a(board.o)
                0x0000000033f90b90                version_string
 .rodata        0x0000000033f90bc6        0x7 net/libnet.a(net.o)
 .rodata        0x0000000033f90bcd        0x7 drivers/libdrivers.a(cs8900.o)
 .rodata        0x0000000033f90bd4       0xc4 common/libcommon.a(cmd_bootm.o)
 .rodata        0x0000000033f90c98       0x16 common/libcommon.a(cmd_mem.o)
 *fill*         0x0000000033f90cae        0x2 
 .rodata        0x0000000033f90cb0       0x20 common/libcommon.a(xyzModem.o)
 .rodata        0x0000000033f90cd0      0x200 common/libcommon.a(crc16.o)
 .rodata        0x0000000033f90ed0      0x400 lib_generic/libgeneric.a(crc32.o)
 .rodata        0x0000000033f912d0       0x90 lib_generic/libgeneric.a(zlib.o)
 .rodata        0x0000000033f91360       0x30 rtc/librtc.a(date.o)

.rodata.str1.1  0x0000000033f91390     0x3840
 .rodata.str1.1
                0x0000000033f91390      0x264 cpu/arm920t/libarm920t.a(interrupts.o)
                                        0x27b (size before relaxing)
 .rodata.str1.1
                0x0000000033f915f4       0x6b lib_arm/libarm.a(board.o)
                                         0x6d (size before relaxing)
 .rodata.str1.1
                0x0000000033f9165f      0x197 net/libnet.a(net.o)
                                        0x19f (size before relaxing)
 .rodata.str1.1
                0x0000000033f917f6      0x177 net/libnet.a(tftp.o)
                                        0x1b5 (size before relaxing)
 .rodata.str1.1
                0x0000000033f9196d       0x7d net/libnet.a(bootp.o)
                                         0xad (size before relaxing)
 .rodata.str1.1
                0x0000000033f919ea       0x13 net/libnet.a(rarp.o)
                                         0x47 (size before relaxing)
 .rodata.str1.1
                0x0000000033f919fd       0xed net/libnet.a(nfs.o)
                                        0x16c (size before relaxing)
 .rodata.str1.1
                0x0000000033f91aea       0xc8 drivers/libdrivers.a(cs8900.o)
                                         0xd0 (size before relaxing)
 .rodata.str1.1
                0x0000000033f91bb2       0xf3 common/libcommon.a(main.o)
 .rodata.str1.1
                0x0000000033f91ca5       0xec common/libcommon.a(cmd_autoscript.o)
 .rodata.str1.1
                0x0000000033f91d91       0xb2 common/libcommon.a(cmd_bdinfo.o)
 .rodata.str1.1
                0x0000000033f91e43      0x106 common/libcommon.a(cmd_boot.o)
                                        0x111 (size before relaxing)
 .rodata.str1.1
                0x0000000033f91f49      0x7f7 common/libcommon.a(cmd_bootm.o)
                                        0x85c (size before relaxing)
 .rodata.str1.1
                0x0000000033f92740      0x118 common/libcommon.a(cmd_cache.o)
                                        0x12a (size before relaxing)
 .rodata.str1.1
                0x0000000033f92858       0x6b common/libcommon.a(cmd_console.o)
                                         0x6c (size before relaxing)
 .rodata.str1.1
                0x0000000033f928c3      0x159 common/libcommon.a(cmd_date.o)
                                        0x16a (size before relaxing)
 .rodata.str1.1
                0x0000000033f92a1c      0x2b1 common/libcommon.a(cmd_elf.o)
                                        0x2c3 (size before relaxing)
 .rodata.str1.1
                0x0000000033f92ccd      0x745 common/libcommon.a(cmd_flash.o)
                                        0x75d (size before relaxing)
 .rodata.str1.1
                0x0000000033f93412       0xbd common/libcommon.a(cmd_itest.o)
                                         0xca (size before relaxing)
 .rodata.str1.1
                0x0000000033f934cf      0x35c common/libcommon.a(cmd_load.o)
                                        0x376 (size before relaxing)
 .rodata.str1.1
                0x0000000033f9382b      0x5c4 common/libcommon.a(cmd_mem.o)
                                        0x5e8 (size before relaxing)
 .rodata.str1.1
                0x0000000033f93def       0x6b common/libcommon.a(cmd_misc.o)
                                         0x76 (size before relaxing)
 .rodata.str1.1
                0x0000000033f93e5a      0x191 common/libcommon.a(cmd_net.o)
                                        0x1d1 (size before relaxing)
 .rodata.str1.1
                0x0000000033f93feb      0x304 common/libcommon.a(cmd_nvedit.o)
                                        0x387 (size before relaxing)
 .rodata.str1.1
                0x0000000033f942ef      0x25e common/libcommon.a(command.o)
                                        0x268 (size before relaxing)
 .rodata.str1.1
                0x0000000033f9454d       0x70 common/libcommon.a(console.o)
                                         0x74 (size before relaxing)
 .rodata.str1.1
                0x0000000033f945bd       0x2f common/libcommon.a(devices.o)
                                         0x43 (size before relaxing)
 .rodata.str1.1
                0x0000000033f945ec       0x33 common/libcommon.a(env_common.o)
 .rodata.str1.1
                0x0000000033f9461f       0x2c common/libcommon.a(env_flash.o)
                                         0x32 (size before relaxing)
 .rodata.str1.1
                0x0000000033f9464b      0x10c common/libcommon.a(flash.o)
 .rodata.str1.1
                0x0000000033f94757       0xe3 common/libcommon.a(xyzModem.o)
                                         0xe5 (size before relaxing)
 .rodata.str1.1
                0x0000000033f9483a       0x11 lib_generic/libgeneric.a(display_options.o)
                                         0x18 (size before relaxing)
 .rodata.str1.1
                0x0000000033f9484b       0x51 lib_generic/libgeneric.a(vsprintf.o)
 .rodata.str1.1
                0x0000000033f9489c      0x1f3 lib_generic/libgeneric.a(zlib.o)
                                        0x1f4 (size before relaxing)
 .rodata.str1.1
                0x0000000033f94a8f       0xe7 board/mini2440/libmini2440.a(flash.o)
                                         0xe9 (size before relaxing)
 .rodata.str1.1
                0x0000000033f94b76       0x5a lib_arm/libarm.a(armlinux.o)
                                         0xae (size before relaxing)

.rel.dyn        0x0000000033f94bd0        0x0
 .rel.iplt      0x0000000033f94bd0        0x0 cpu/arm920t/start.o
                0x0000000033f94bd0                . = ALIGN (0x4)

.data           0x0000000033f94bd0      0x89c
 *(.data)
 .data          0x0000000033f94bd0        0x0 cpu/arm920t/start.o
 .data          0x0000000033f94bd0        0x0 board/mini2440/lowlevel_init.o
 .data          0x0000000033f94bd0        0x0 cpu/arm920t/libarm920t.a(interrupts.o)
 .data          0x0000000033f94bd0        0x0 cpu/arm920t/s3c24x0/libs3c24x0.a(interrupts.o)
 .data          0x0000000033f94bd0        0x0 cpu/arm920t/s3c24x0/libs3c24x0.a(speed.o)
 .data          0x0000000033f94bd0        0x0 lib_arm/libarm.a(_udivsi3.o)
 .data          0x0000000033f94bd0       0x2c lib_arm/libarm.a(board.o)
                0x0000000033f94bd0                init_sequence
 .data          0x0000000033f94bfc        0x0 lib_arm/libarm.a(div0.o)
 .data          0x0000000033f94bfc        0xa net/libnet.a(net.o)
                0x0000000033f94bfc                NetOurVLAN
                0x0000000033f94bfe                NetBcastAddr
                0x0000000033f94c04                NetOurNativeVLAN
 .data          0x0000000033f94c06        0x0 net/libnet.a(tftp.o)
 .data          0x0000000033f94c06        0x0 net/libnet.a(bootp.o)
 .data          0x0000000033f94c06        0x0 net/libnet.a(rarp.o)
 .data          0x0000000033f94c06        0x0 net/libnet.a(eth.o)
 *fill*         0x0000000033f94c06        0x2 
 .data          0x0000000033f94c08        0x4 net/libnet.a(nfs.o)
 .data          0x0000000033f94c0c        0x0 drivers/libdrivers.a(cs8900.o)
 .data          0x0000000033f94c0c        0xd common/libcommon.a(main.o)
 .data          0x0000000033f94c19        0x0 common/libcommon.a(cmd_autoscript.o)
 .data          0x0000000033f94c19        0x0 common/libcommon.a(cmd_bdinfo.o)
 .data          0x0000000033f94c19        0x0 common/libcommon.a(cmd_boot.o)
 *fill*         0x0000000033f94c19        0x3 
 .data          0x0000000033f94c1c        0x4 common/libcommon.a(cmd_bootm.o)
                0x0000000033f94c1c                load_addr
 .data          0x0000000033f94c20        0x0 common/libcommon.a(cmd_cache.o)
 .data          0x0000000033f94c20        0x0 common/libcommon.a(cmd_console.o)
 .data          0x0000000033f94c20       0x1c common/libcommon.a(cmd_date.o)
                0x0000000033f94c20                weekdays
 .data          0x0000000033f94c3c        0x0 common/libcommon.a(cmd_elf.o)
 .data          0x0000000033f94c3c        0x0 common/libcommon.a(cmd_flash.o)
 .data          0x0000000033f94c3c       0x68 common/libcommon.a(cmd_itest.o)
                0x0000000033f94c3c                op_table
 .data          0x0000000033f94ca4        0x4 common/libcommon.a(cmd_load.o)
 .data          0x0000000033f94ca8        0x4 common/libcommon.a(cmd_mem.o)
                0x0000000033f94ca8                dp_last_length
 .data          0x0000000033f94cac        0x0 common/libcommon.a(cmd_misc.o)
 .data          0x0000000033f94cac        0x0 common/libcommon.a(cmd_net.o)
 .data          0x0000000033f94cac        0x0 common/libcommon.a(cmd_nvedit.o)
 .data          0x0000000033f94cac        0x0 common/libcommon.a(command.o)
 .data          0x0000000033f94cac        0x0 common/libcommon.a(console.o)
 .data          0x0000000033f94cac        0xc common/libcommon.a(devices.o)
                0x0000000033f94cac                stdio_names
 .data          0x0000000033f94cb8      0x410 common/libcommon.a(dlmalloc.o)
 .data          0x0000000033f950c8       0x5c common/libcommon.a(env_common.o)
                0x0000000033f950c8                default_environment
                0x0000000033f95120                env_get_char
 .data          0x0000000033f95124        0x8 common/libcommon.a(env_flash.o)
                0x0000000033f95124                env_ptr
                0x0000000033f95128                env_name_spec
 .data          0x0000000033f9512c        0x0 common/libcommon.a(exports.o)
 .data          0x0000000033f9512c        0x0 common/libcommon.a(flash.o)
 .data          0x0000000033f9512c        0x0 common/libcommon.a(lists.o)
 .data          0x0000000033f9512c        0x0 common/libcommon.a(s_record.o)
 .data          0x0000000033f9512c        0x0 common/libcommon.a(xyzModem.o)
 .data          0x0000000033f9512c        0x0 common/libcommon.a(crc16.o)
 .data          0x0000000033f9512c        0x0 lib_generic/libgeneric.a(crc32.o)
 .data          0x0000000033f9512c        0x0 lib_generic/libgeneric.a(display_options.o)
 .data          0x0000000033f9512c        0x0 lib_generic/libgeneric.a(string.o)
 .data          0x0000000033f9512c        0x0 lib_generic/libgeneric.a(vsprintf.o)
 .data          0x0000000033f9512c      0x210 lib_generic/libgeneric.a(zlib.o)
                0x0000000033f95318                z_errmsg
                0x0000000033f95338                zlib_version
 .data          0x0000000033f9533c      0x100 lib_generic/libgeneric.a(ctype.o)
                0x0000000033f9533c                _ctype
 .data          0x0000000033f9543c        0x0 board/mini2440/libmini2440.a(mini2440.o)
 .data          0x0000000033f9543c        0x0 board/mini2440/libmini2440.a(flash.o)
 .data          0x0000000033f9543c        0x0 cpu/arm920t/libarm920t.a(cpu.o)
 .data          0x0000000033f9543c        0x0 cpu/arm920t/s3c24x0/libs3c24x0.a(serial.o)
 .data          0x0000000033f9543c        0x0 lib_arm/libarm.a(_divsi3.o)
 .data          0x0000000033f9543c        0x0 lib_arm/libarm.a(_modsi3.o)
 .data          0x0000000033f9543c        0x0 lib_arm/libarm.a(_umodsi3.o)
 .data          0x0000000033f9543c        0x0 lib_arm/libarm.a(armlinux.o)
 .data          0x0000000033f9543c        0x0 lib_arm/libarm.a(cache.o)
 .data          0x0000000033f9543c       0x30 rtc/librtc.a(date.o)
 .data          0x0000000033f9546c        0x0 rtc/librtc.a(s3c24x0_rtc.o)

.igot.plt       0x0000000033f9546c        0x0
 .igot.plt      0x0000000033f9546c        0x0 cpu/arm920t/start.o
                0x0000000033f9546c                . = ALIGN (0x4)

.got
 *(.got)
                0x0000000033f9546c                . = .
                0x0000000033f9546c                __u_boot_cmd_start = .

.u_boot_cmd     0x0000000033f9546c      0x438
 *(.u_boot_cmd)
 .u_boot_cmd    0x0000000033f9546c       0x18 common/libcommon.a(cmd_autoscript.o)
                0x0000000033f9546c                __u_boot_cmd_autoscr
 .u_boot_cmd    0x0000000033f95484       0x18 common/libcommon.a(cmd_bdinfo.o)
                0x0000000033f95484                __u_boot_cmd_bdinfo
 .u_boot_cmd    0x0000000033f9549c       0x30 common/libcommon.a(cmd_boot.o)
                0x0000000033f9549c                __u_boot_cmd_reset
                0x0000000033f954b4                __u_boot_cmd_go
 .u_boot_cmd    0x0000000033f954cc       0x78 common/libcommon.a(cmd_bootm.o)
                0x0000000033f954cc                __u_boot_cmd_imls
                0x0000000033f954e4                __u_boot_cmd_iminfo
                0x0000000033f954fc                __u_boot_cmd_bootd
                0x0000000033f95514                __u_boot_cmd_boot
                0x0000000033f9552c                __u_boot_cmd_bootm
 .u_boot_cmd    0x0000000033f95544       0x30 common/libcommon.a(cmd_cache.o)
                0x0000000033f95544                __u_boot_cmd_dcache
                0x0000000033f9555c                __u_boot_cmd_icache
 .u_boot_cmd    0x0000000033f95574       0x18 common/libcommon.a(cmd_console.o)
                0x0000000033f95574                __u_boot_cmd_coninfo
 .u_boot_cmd    0x0000000033f9558c       0x18 common/libcommon.a(cmd_date.o)
                0x0000000033f9558c                __u_boot_cmd_date
 .u_boot_cmd    0x0000000033f955a4       0x30 common/libcommon.a(cmd_elf.o)
                0x0000000033f955a4                __u_boot_cmd_bootvx
                0x0000000033f955bc                __u_boot_cmd_bootelf
 .u_boot_cmd    0x0000000033f955d4       0x48 common/libcommon.a(cmd_flash.o)
                0x0000000033f955d4                __u_boot_cmd_protect
                0x0000000033f955ec                __u_boot_cmd_erase
                0x0000000033f95604                __u_boot_cmd_flinfo
 .u_boot_cmd    0x0000000033f9561c       0x18 common/libcommon.a(cmd_itest.o)
                0x0000000033f9561c                __u_boot_cmd_itest
 .u_boot_cmd    0x0000000033f95634       0x48 common/libcommon.a(cmd_load.o)
                0x0000000033f95634                __u_boot_cmd_loady
                0x0000000033f9564c                __u_boot_cmd_loadb
                0x0000000033f95664                __u_boot_cmd_loads
 .u_boot_cmd    0x0000000033f9567c       0xf0 common/libcommon.a(cmd_mem.o)
                0x0000000033f9567c                __u_boot_cmd_mtest
                0x0000000033f95694                __u_boot_cmd_loop
                0x0000000033f956ac                __u_boot_cmd_base
                0x0000000033f956c4                __u_boot_cmd_crc32
                0x0000000033f956dc                __u_boot_cmd_cmp
                0x0000000033f956f4                __u_boot_cmd_cp
                0x0000000033f9570c                __u_boot_cmd_mw
                0x0000000033f95724                __u_boot_cmd_nm
                0x0000000033f9573c                __u_boot_cmd_mm
                0x0000000033f95754                __u_boot_cmd_md
 .u_boot_cmd    0x0000000033f9576c       0x18 common/libcommon.a(cmd_misc.o)
                0x0000000033f9576c                __u_boot_cmd_sleep
 .u_boot_cmd    0x0000000033f95784       0x60 common/libcommon.a(cmd_net.o)
                0x0000000033f95784                __u_boot_cmd_nfs
                0x0000000033f9579c                __u_boot_cmd_rarpboot
                0x0000000033f957b4                __u_boot_cmd_tftpboot
                0x0000000033f957cc                __u_boot_cmd_bootp
 .u_boot_cmd    0x0000000033f957e4       0x60 common/libcommon.a(cmd_nvedit.o)
                0x0000000033f957e4                __u_boot_cmd_run
                0x0000000033f957fc                __u_boot_cmd_saveenv
                0x0000000033f95814                __u_boot_cmd_setenv
                0x0000000033f9582c                __u_boot_cmd_printenv
 .u_boot_cmd    0x0000000033f95844       0x60 common/libcommon.a(command.o)
                0x0000000033f95844                __u_boot_cmd_question_mark
                0x0000000033f9585c                __u_boot_cmd_help
                0x0000000033f95874                __u_boot_cmd_echo
                0x0000000033f9588c                __u_boot_cmd_version
                0x0000000033f958a4                __u_boot_cmd_end = .
                0x0000000033f958a4                . = ALIGN (0x4)
                0x0000000033f958a4                __bss_start = .

.bss            0x0000000033f958a4     0x4720
 *(.bss)
 .bss           0x0000000033f958a4        0x0 cpu/arm920t/start.o
 .bss           0x0000000033f958a4        0x0 board/mini2440/lowlevel_init.o
 .bss           0x0000000033f958a4        0x0 cpu/arm920t/libarm920t.a(interrupts.o)
 .bss           0x0000000033f958a4        0xc cpu/arm920t/s3c24x0/libs3c24x0.a(interrupts.o)
                0x0000000033f958a4                timer_load_val
 .bss           0x0000000033f958b0        0x0 cpu/arm920t/s3c24x0/libs3c24x0.a(speed.o)
 .bss           0x0000000033f958b0        0x0 lib_arm/libarm.a(_udivsi3.o)
 .bss           0x0000000033f958b0       0x10 lib_arm/libarm.a(board.o)
                0x0000000033f958bc                monitor_flash_len
 .bss           0x0000000033f958c0        0x0 lib_arm/libarm.a(div0.o)
 .bss           0x0000000033f958c0     0x25c4 net/libnet.a(net.o)
                0x0000000033f958c0                NetState
                0x0000000033f958d4                NetOurEther
                0x0000000033f958dc                NetTxPacket
                0x0000000033f958e0                NetOurIP
                0x0000000033f958e4                NetArpWaitPacketIP
                0x0000000033f958e8                NetOurSubnetMask
                0x0000000033f958ec                NetOurGatewayIP
                0x0000000033f958f0                NetArpWaitReplyIP
                0x0000000033f958f4                NetArpWaitTimerStart
                0x0000000033f958f8                NetArpWaitTry
                0x0000000033f958fc                NetIPID
                0x0000000033f95900                NetEtherNullAddr
                0x0000000033f95908                NetArpWaitPacketMAC
                0x0000000033f9590c                NetArpWaitTxPacket
                0x0000000033f95910                NetArpWaitTxPacketSize
                0x0000000033f95914                NetRxPkt
                0x0000000033f95918                NetRxPktLen
                0x0000000033f9591c                NetServerIP
                0x0000000033f95920                NetServerEther
                0x0000000033f95926                PktBuf
                0x0000000033f97748                NetRxPackets
                0x0000000033f97758                NetArpWaitPacketBuf
                0x0000000033f97d78                NetBootFileXferSize
                0x0000000033f97d7c                BootFile
                0x0000000033f97dfc                NetBootFileSize
                0x0000000033f97dfe                NetOurRootPath
                0x0000000033f97e3e                NetOurHostName
                0x0000000033f97e5e                NetOurNISDomain
                0x0000000033f97e80                NetOurDNSIP
 .bss           0x0000000033f97e84       0x31 net/libnet.a(tftp.o)
 *fill*         0x0000000033f97eb5        0x3 
 .bss           0x0000000033f97eb8        0x8 net/libnet.a(bootp.o)
                0x0000000033f97eb8                BootpID
                0x0000000033f97ebc                BootpTry
 .bss           0x0000000033f97ec0        0x4 net/libnet.a(rarp.o)
                0x0000000033f97ec0                RarpTry
 .bss           0x0000000033f97ec4        0x0 net/libnet.a(eth.o)
 .bss           0x0000000033f97ec4      0x8ac net/libnet.a(nfs.o)
 .bss           0x0000000033f98770        0x0 drivers/libdrivers.a(cs8900.o)
 .bss           0x0000000033f98770      0x200 common/libcommon.a(main.o)
                0x0000000033f98770                console_buffer
 .bss           0x0000000033f98970        0x0 common/libcommon.a(cmd_autoscript.o)
 .bss           0x0000000033f98970        0x0 common/libcommon.a(cmd_bdinfo.o)
 .bss           0x0000000033f98970        0x0 common/libcommon.a(cmd_boot.o)
 .bss           0x0000000033f98970       0x40 common/libcommon.a(cmd_bootm.o)
                0x0000000033f98970                header
 .bss           0x0000000033f989b0        0x0 common/libcommon.a(cmd_cache.o)
 .bss           0x0000000033f989b0        0x0 common/libcommon.a(cmd_console.o)
 .bss           0x0000000033f989b0        0x0 common/libcommon.a(cmd_date.o)
 .bss           0x0000000033f989b0        0x0 common/libcommon.a(cmd_elf.o)
 .bss           0x0000000033f989b0        0x0 common/libcommon.a(cmd_flash.o)
 .bss           0x0000000033f989b0        0x0 common/libcommon.a(cmd_itest.o)
 .bss           0x0000000033f989b0       0x88 common/libcommon.a(cmd_load.o)
                0x0000000033f989b4                os_data_count
                0x0000000033f989c0                his_pad_count
                0x0000000033f989c4                his_pad_char
                0x0000000033f989dd                his_eol
                0x0000000033f989e4                os_data_init
                0x0000000033f989f8                os_data_char
                0x0000000033f989fc                his_quote
                0x0000000033f98a00                send_ptr
                0x0000000033f98a04                send_parms
                0x0000000033f98a18                os_data_header
 .bss           0x0000000033f98a38       0x14 common/libcommon.a(cmd_mem.o)
                0x0000000033f98a3c                dp_last_addr
                0x0000000033f98a40                dp_last_size
                0x0000000033f98a44                mm_last_addr
                0x0000000033f98a48                mm_last_size
 .bss           0x0000000033f98a4c        0x0 common/libcommon.a(cmd_misc.o)
 .bss           0x0000000033f98a4c        0x0 common/libcommon.a(cmd_net.o)
 .bss           0x0000000033f98a4c        0x0 common/libcommon.a(cmd_nvedit.o)
 .bss           0x0000000033f98a4c        0x0 common/libcommon.a(command.o)
 .bss           0x0000000033f98a4c        0x8 common/libcommon.a(console.o)
 .bss           0x0000000033f98a54       0x10 common/libcommon.a(devices.o)
                0x0000000033f98a54                devlist
                0x0000000033f98a58                stdio_devices
 .bss           0x0000000033f98a64       0x34 common/libcommon.a(dlmalloc.o)
 .bss           0x0000000033f98a98        0x0 common/libcommon.a(env_common.o)
 .bss           0x0000000033f98a98        0x0 common/libcommon.a(env_flash.o)
 .bss           0x0000000033f98a98        0x0 common/libcommon.a(exports.o)
 .bss           0x0000000033f98a98        0x0 common/libcommon.a(flash.o)
 .bss           0x0000000033f98a98        0x0 common/libcommon.a(lists.o)
 .bss           0x0000000033f98a98        0x0 common/libcommon.a(s_record.o)
 .bss           0x0000000033f98a98      0x43c common/libcommon.a(xyzModem.o)
 .bss           0x0000000033f98ed4        0x0 common/libcommon.a(crc16.o)
 .bss           0x0000000033f98ed4        0x0 lib_generic/libgeneric.a(crc32.o)
 .bss           0x0000000033f98ed4        0x0 lib_generic/libgeneric.a(display_options.o)
 .bss           0x0000000033f98ed4        0x4 lib_generic/libgeneric.a(string.o)
                0x0000000033f98ed4                ___strtok
 .bss           0x0000000033f98ed8        0x0 lib_generic/libgeneric.a(vsprintf.o)
 .bss           0x0000000033f98ed8     0x10a8 lib_generic/libgeneric.a(zlib.o)
 .bss           0x0000000033f99f80        0x0 lib_generic/libgeneric.a(ctype.o)
 .bss           0x0000000033f99f80        0x0 board/mini2440/libmini2440.a(mini2440.o)
 .bss           0x0000000033f99f80       0x44 board/mini2440/libmini2440.a(flash.o)
                0x0000000033f99f80                flash_info
 .bss           0x0000000033f99fc4        0x0 cpu/arm920t/libarm920t.a(cpu.o)
 .bss           0x0000000033f99fc4        0x0 cpu/arm920t/s3c24x0/libs3c24x0.a(serial.o)
 .bss           0x0000000033f99fc4        0x0 lib_arm/libarm.a(_divsi3.o)
 .bss           0x0000000033f99fc4        0x0 lib_arm/libarm.a(_modsi3.o)
 .bss           0x0000000033f99fc4        0x0 lib_arm/libarm.a(_umodsi3.o)
 .bss           0x0000000033f99fc4        0x0 lib_arm/libarm.a(armlinux.o)
 .bss           0x0000000033f99fc4        0x0 lib_arm/libarm.a(cache.o)
 .bss           0x0000000033f99fc4        0x0 rtc/librtc.a(date.o)
 .bss           0x0000000033f99fc4        0x0 rtc/librtc.a(s3c24x0_rtc.o)
                0x0000000033f99fc4                _end = .
Address of section .text set to 0x33f80000
LOAD cpu/arm920t/start.o
START GROUP
LOAD lib_generic/libgeneric.a
LOAD board/mini2440/libmini2440.a
LOAD cpu/arm920t/libarm920t.a
LOAD cpu/arm920t/s3c24x0/libs3c24x0.a
LOAD lib_arm/libarm.a
LOAD fs/cramfs/libcramfs.a
LOAD fs/fat/libfat.a
LOAD fs/fdos/libfdos.a
LOAD fs/jffs2/libjffs2.a
LOAD fs/reiserfs/libreiserfs.a
LOAD fs/ext2/libext2fs.a
LOAD net/libnet.a
LOAD disk/libdisk.a
LOAD rtc/librtc.a
LOAD dtt/libdtt.a
LOAD drivers/libdrivers.a
LOAD drivers/nand/libnand.a
LOAD drivers/nand_legacy/libnand_legacy.a
LOAD drivers/sk98lin/libsk98lin.a
LOAD post/libpost.a
LOAD post/cpu/libcpu.a
LOAD common/libcommon.a
END GROUP
LOAD /usr/bin/../lib/gcc/arm-none-eabi/5.4.1/libgcc.a
OUTPUT(u-boot elf32-littlearm)

.ARM.attributes
                0x0000000000000000       0x17
 .ARM.attributes
                0x0000000000000000       0x17 cpu/arm920t/start.o
 .ARM.attributes
                0x0000000000000017       0x17 board/mini2440/lowlevel_init.o
 .ARM.attributes
                0x000000000000002e       0x17 cpu/arm920t/libarm920t.a(interrupts.o)
 .ARM.attributes
                0x0000000000000045       0x17 cpu/arm920t/s3c24x0/libs3c24x0.a(interrupts.o)
 .ARM.attributes
                0x000000000000005c       0x17 cpu/arm920t/s3c24x0/libs3c24x0.a(speed.o)
 .ARM.attributes
                0x0000000000000073       0x17 lib_arm/libarm.a(_udivsi3.o)
 .ARM.attributes
                0x000000000000008a       0x17 lib_arm/libarm.a(board.o)
 .ARM.attributes
                0x00000000000000a1       0x17 lib_arm/libarm.a(div0.o)
 .ARM.attributes
                0x00000000000000b8       0x17 net/libnet.a(net.o)
 .ARM.attributes
                0x00000000000000cf       0x17 net/libnet.a(tftp.o)
 .ARM.attributes
                0x00000000000000e6       0x17 net/libnet.a(bootp.o)
 .ARM.attributes
                0x00000000000000fd       0x17 net/libnet.a(rarp.o)
 .ARM.attributes
                0x0000000000000114       0x17 net/libnet.a(eth.o)
 .ARM.attributes
                0x000000000000012b       0x17 net/libnet.a(nfs.o)
 .ARM.attributes
                0x0000000000000142       0x17 drivers/libdrivers.a(cs8900.o)
 .ARM.attributes
                0x0000000000000159       0x17 common/libcommon.a(main.o)
 .ARM.attributes
                0x0000000000000170       0x17 common/libcommon.a(cmd_autoscript.o)
 .ARM.attributes
                0x0000000000000187       0x17 common/libcommon.a(cmd_bdinfo.o)
 .ARM.attributes
                0x000000000000019e       0x17 common/libcommon.a(cmd_boot.o)
 .ARM.attributes
                0x00000000000001b5       0x17 common/libcommon.a(cmd_bootm.o)
 .ARM.attributes
                0x00000000000001cc       0x17 common/libcommon.a(cmd_cache.o)
 .ARM.attributes
                0x00000000000001e3       0x17 common/libcommon.a(cmd_console.o)
 .ARM.attributes
                0x00000000000001fa       0x17 common/libcommon.a(cmd_date.o)
 .ARM.attributes
                0x0000000000000211       0x17 common/libcommon.a(cmd_elf.o)
 .ARM.attributes
                0x0000000000000228       0x17 common/libcommon.a(cmd_flash.o)
 .ARM.attributes
                0x000000000000023f       0x17 common/libcommon.a(cmd_itest.o)
 .ARM.attributes
                0x0000000000000256       0x17 common/libcommon.a(cmd_load.o)
 .ARM.attributes
                0x000000000000026d       0x17 common/libcommon.a(cmd_mem.o)
 .ARM.attributes
                0x0000000000000284       0x17 common/libcommon.a(cmd_misc.o)
 .ARM.attributes
                0x000000000000029b       0x17 common/libcommon.a(cmd_net.o)
 .ARM.attributes
                0x00000000000002b2       0x17 common/libcommon.a(cmd_nvedit.o)
 .ARM.attributes
                0x00000000000002c9       0x17 common/libcommon.a(command.o)
 .ARM.attributes
                0x00000000000002e0       0x17 common/libcommon.a(console.o)
 .ARM.attributes
                0x00000000000002f7       0x17 common/libcommon.a(devices.o)
 .ARM.attributes
                0x000000000000030e       0x17 common/libcommon.a(dlmalloc.o)
 .ARM.attributes
                0x0000000000000325       0x17 common/libcommon.a(env_common.o)
 .ARM.attributes
                0x000000000000033c       0x17 common/libcommon.a(env_flash.o)
 .ARM.attributes
                0x0000000000000353       0x17 common/libcommon.a(exports.o)
 .ARM.attributes
                0x000000000000036a       0x17 common/libcommon.a(flash.o)
 .ARM.attributes
                0x0000000000000381       0x17 common/libcommon.a(lists.o)
 .ARM.attributes
                0x0000000000000398       0x17 common/libcommon.a(s_record.o)
 .ARM.attributes
                0x00000000000003af       0x17 common/libcommon.a(xyzModem.o)
 .ARM.attributes
                0x00000000000003c6       0x17 common/libcommon.a(crc16.o)
 .ARM.attributes
                0x00000000000003dd       0x17 lib_generic/libgeneric.a(crc32.o)
 .ARM.attributes
                0x00000000000003f4       0x17 lib_generic/libgeneric.a(display_options.o)
 .ARM.attributes
                0x000000000000040b       0x17 lib_generic/libgeneric.a(string.o)
 .ARM.attributes
                0x0000000000000422       0x17 lib_generic/libgeneric.a(vsprintf.o)
 .ARM.attributes
                0x0000000000000439       0x17 lib_generic/libgeneric.a(zlib.o)
 .ARM.attributes
                0x0000000000000450       0x17 lib_generic/libgeneric.a(ctype.o)
 .ARM.attributes
                0x0000000000000467       0x17 board/mini2440/libmini2440.a(mini2440.o)
 .ARM.attributes
                0x000000000000047e       0x17 board/mini2440/libmini2440.a(flash.o)
 .ARM.attributes
                0x0000000000000495       0x17 cpu/arm920t/libarm920t.a(cpu.o)
 .ARM.attributes
                0x00000000000004ac       0x17 cpu/arm920t/s3c24x0/libs3c24x0.a(serial.o)
 .ARM.attributes
                0x00000000000004c3       0x17 lib_arm/libarm.a(_divsi3.o)
 .ARM.attributes
                0x00000000000004da       0x17 lib_arm/libarm.a(_modsi3.o)
 .ARM.attributes
                0x00000000000004f1       0x17 lib_arm/libarm.a(_umodsi3.o)
 .ARM.attributes
                0x0000000000000508       0x17 lib_arm/libarm.a(armlinux.o)
 .ARM.attributes
                0x000000000000051f       0x17 lib_arm/libarm.a(cache.o)
 .ARM.attributes
                0x0000000000000536       0x17 rtc/librtc.a(date.o)
 .ARM.attributes
                0x000000000000054d       0x17 rtc/librtc.a(s3c24x0_rtc.o)

.comment        0x0000000000000000       0x6e
 .comment       0x0000000000000000       0x6e cpu/arm920t/libarm920t.a(interrupts.o)
                                         0x6f (size before relaxing)
 .comment       0x000000000000006e       0x6f cpu/arm920t/s3c24x0/libs3c24x0.a(interrupts.o)
 .comment       0x000000000000006e       0x6f cpu/arm920t/s3c24x0/libs3c24x0.a(speed.o)
 .comment       0x000000000000006e       0x6f lib_arm/libarm.a(board.o)
 .comment       0x000000000000006e       0x6f lib_arm/libarm.a(div0.o)
 .comment       0x000000000000006e       0x6f net/libnet.a(net.o)
 .comment       0x000000000000006e       0x6f net/libnet.a(tftp.o)
 .comment       0x000000000000006e       0x6f net/libnet.a(bootp.o)
 .comment       0x000000000000006e       0x6f net/libnet.a(rarp.o)
 .comment       0x000000000000006e       0x6f net/libnet.a(eth.o)
 .comment       0x000000000000006e       0x6f net/libnet.a(nfs.o)
 .comment       0x000000000000006e       0x6f drivers/libdrivers.a(cs8900.o)
 .comment       0x000000000000006e       0x6f common/libcommon.a(main.o)
 .comment       0x000000000000006e       0x6f common/libcommon.a(cmd_autoscript.o)
 .comment       0x000000000000006e       0x6f common/libcommon.a(cmd_bdinfo.o)
 .comment       0x000000000000006e       0x6f common/libcommon.a(cmd_boot.o)
 .comment       0x000000000000006e       0x6f common/libcommon.a(cmd_bootm.o)
 .comment       0x000000000000006e       0x6f common/libcommon.a(cmd_cache.o)
 .comment       0x000000000000006e       0x6f common/libcommon.a(cmd_console.o)
 .comment       0x000000000000006e       0x6f common/libcommon.a(cmd_date.o)
 .comment       0x000000000000006e       0x6f common/libcommon.a(cmd_elf.o)
 .comment       0x000000000000006e       0x6f common/libcommon.a(cmd_flash.o)
 .comment       0x000000000000006e       0x6f common/libcommon.a(cmd_itest.o)
 .comment       0x000000000000006e       0x6f common/libcommon.a(cmd_load.o)
 .comment       0x000000000000006e       0x6f common/libcommon.a(cmd_mem.o)
 .comment       0x000000000000006e       0x6f common/libcommon.a(cmd_misc.o)
 .comment       0x000000000000006e       0x6f common/libcommon.a(cmd_net.o)
 .comment       0x000000000000006e       0x6f common/libcommon.a(cmd_nvedit.o)
 .comment       0x000000000000006e       0x6f common/libcommon.a(command.o)
 .comment       0x000000000000006e       0x6f common/libcommon.a(console.o)
 .comment       0x000000000000006e       0x6f common/libcommon.a(devices.o)
 .comment       0x000000000000006e       0x6f common/libcommon.a(dlmalloc.o)
 .comment       0x000000000000006e       0x6f common/libcommon.a(env_common.o)
 .comment       0x000000000000006e       0x6f common/libcommon.a(env_flash.o)
 .comment       0x000000000000006e       0x6f common/libcommon.a(exports.o)
 .comment       0x000000000000006e       0x6f common/libcommon.a(flash.o)
 .comment       0x000000000000006e       0x6f common/libcommon.a(lists.o)
 .comment       0x000000000000006e       0x6f common/libcommon.a(s_record.o)
 .comment       0x000000000000006e       0x6f common/libcommon.a(xyzModem.o)
 .comment       0x000000000000006e       0x6f common/libcommon.a(crc16.o)
 .comment       0x000000000000006e       0x6f lib_generic/libgeneric.a(crc32.o)
 .comment       0x000000000000006e       0x6f lib_generic/libgeneric.a(display_options.o)
 .comment       0x000000000000006e       0x6f lib_generic/libgeneric.a(string.o)
 .comment       0x000000000000006e       0x6f lib_generic/libgeneric.a(vsprintf.o)
 .comment       0x000000000000006e       0x6f lib_generic/libgeneric.a(zlib.o)
 .comment       0x000000000000006e       0x6f lib_generic/libgeneric.a(ctype.o)
 .comment       0x000000000000006e       0x6f board/mini2440/libmini2440.a(mini2440.o)
 .comment       0x000000000000006e       0x6f board/mini2440/libmini2440.a(flash.o)
 .comment       0x000000000000006e       0x6f cpu/arm920t/libarm920t.a(cpu.o)
 .comment       0x000000000000006e       0x6f cpu/arm920t/s3c24x0/libs3c24x0.a(serial.o)
 .comment       0x000000000000006e       0x6f lib_arm/libarm.a(armlinux.o)
 .comment       0x000000000000006e       0x6f lib_arm/libarm.a(cache.o)
 .comment       0x000000000000006e       0x6f rtc/librtc.a(date.o)
 .comment       0x000000000000006e       0x6f rtc/librtc.a(s3c24x0_rtc.o)

.debug_line     0x0000000000000000     0x6cbb
 .debug_line    0x0000000000000000       0xb2 cpu/arm920t/start.o
 .debug_line    0x00000000000000b2       0x4f board/mini2440/lowlevel_init.o
 .debug_line    0x0000000000000101      0x10a cpu/arm920t/libarm920t.a(interrupts.o)
 .debug_line    0x000000000000020b      0x1ae cpu/arm920t/s3c24x0/libs3c24x0.a(interrupts.o)
 .debug_line    0x00000000000003b9      0x193 cpu/arm920t/s3c24x0/libs3c24x0.a(speed.o)
 .debug_line    0x000000000000054c       0x5f lib_arm/libarm.a(_udivsi3.o)
 .debug_line    0x00000000000005ab      0x20f lib_arm/libarm.a(board.o)
 .debug_line    0x00000000000007ba       0x37 lib_arm/libarm.a(div0.o)
 .debug_line    0x00000000000007f1      0x56c net/libnet.a(net.o)
 .debug_line    0x0000000000000d5d      0x265 net/libnet.a(tftp.o)
 .debug_line    0x0000000000000fc2      0x307 net/libnet.a(bootp.o)
 .debug_line    0x00000000000012c9      0x162 net/libnet.a(rarp.o)
 .debug_line    0x000000000000142b       0xc4 net/libnet.a(eth.o)
 .debug_line    0x00000000000014ef      0x3a3 net/libnet.a(nfs.o)
 .debug_line    0x0000000000001892      0x307 drivers/libdrivers.a(cs8900.o)
 .debug_line    0x0000000000001b99      0x283 common/libcommon.a(main.o)
 .debug_line    0x0000000000001e1c      0x1fa common/libcommon.a(cmd_autoscript.o)
 .debug_line    0x0000000000002016      0x155 common/libcommon.a(cmd_bdinfo.o)
 .debug_line    0x000000000000216b       0xe6 common/libcommon.a(cmd_boot.o)
 .debug_line    0x0000000000002251      0x3b1 common/libcommon.a(cmd_bootm.o)
 .debug_line    0x0000000000002602       0xf7 common/libcommon.a(cmd_cache.o)
 .debug_line    0x00000000000026f9       0xcd common/libcommon.a(cmd_console.o)
 .debug_line    0x00000000000027c6      0x1b5 common/libcommon.a(cmd_date.o)
 .debug_line    0x000000000000297b      0x201 common/libcommon.a(cmd_elf.o)
 .debug_line    0x0000000000002b7c      0x2ea common/libcommon.a(cmd_flash.o)
 .debug_line    0x0000000000002e66      0x16b common/libcommon.a(cmd_itest.o)
 .debug_line    0x0000000000002fd1      0x3c5 common/libcommon.a(cmd_load.o)
 .debug_line    0x0000000000003396      0x320 common/libcommon.a(cmd_mem.o)
 .debug_line    0x00000000000036b6       0xdb common/libcommon.a(cmd_misc.o)
 .debug_line    0x0000000000003791      0x186 common/libcommon.a(cmd_net.o)
 .debug_line    0x0000000000003917      0x3a5 common/libcommon.a(cmd_nvedit.o)
 .debug_line    0x0000000000003cbc      0x18e common/libcommon.a(command.o)
 .debug_line    0x0000000000003e4a      0x286 common/libcommon.a(console.o)
 .debug_line    0x00000000000040d0      0x170 common/libcommon.a(devices.o)
 .debug_line    0x0000000000004240      0x4af common/libcommon.a(dlmalloc.o)
 .debug_line    0x00000000000046ef      0x167 common/libcommon.a(env_common.o)
 .debug_line    0x0000000000004856      0x173 common/libcommon.a(env_flash.o)
 .debug_line    0x00000000000049c9      0x12e common/libcommon.a(exports.o)
 .debug_line    0x0000000000004af7      0x180 common/libcommon.a(flash.o)
 .debug_line    0x0000000000004c77      0x161 common/libcommon.a(lists.o)
 .debug_line    0x0000000000004dd8      0x112 common/libcommon.a(s_record.o)
 .debug_line    0x0000000000004eea      0x2c7 common/libcommon.a(xyzModem.o)
 .debug_line    0x00000000000051b1       0xd1 common/libcommon.a(crc16.o)
 .debug_line    0x0000000000005282       0xdf lib_generic/libgeneric.a(crc32.o)
 .debug_line    0x0000000000005361       0xe8 lib_generic/libgeneric.a(display_options.o)
 .debug_line    0x0000000000005449      0x26b lib_generic/libgeneric.a(string.o)
 .debug_line    0x00000000000056b4      0x26c lib_generic/libgeneric.a(vsprintf.o)
 .debug_line    0x0000000000005920      0x6b2 lib_generic/libgeneric.a(zlib.o)
 .debug_line    0x0000000000005fd2       0x28 lib_generic/libgeneric.a(ctype.o)
 .debug_line    0x0000000000005ffa      0x182 board/mini2440/libmini2440.a(mini2440.o)
 .debug_line    0x000000000000617c      0x296 board/mini2440/libmini2440.a(flash.o)
 .debug_line    0x0000000000006412      0x12a cpu/arm920t/libarm920t.a(cpu.o)
 .debug_line    0x000000000000653c      0x16e cpu/arm920t/s3c24x0/libs3c24x0.a(serial.o)
 .debug_line    0x00000000000066aa       0x5c lib_arm/libarm.a(_divsi3.o)
 .debug_line    0x0000000000006706       0x4e lib_arm/libarm.a(_modsi3.o)
 .debug_line    0x0000000000006754       0x66 lib_arm/libarm.a(_umodsi3.o)
 .debug_line    0x00000000000067ba      0x1e9 lib_arm/libarm.a(armlinux.o)
 .debug_line    0x00000000000069a3       0x37 lib_arm/libarm.a(cache.o)
 .debug_line    0x00000000000069da       0xef rtc/librtc.a(date.o)
 .debug_line    0x0000000000006ac9      0x1f2 rtc/librtc.a(s3c24x0_rtc.o)

.debug_info     0x0000000000000000    0x1bb89
 .debug_info    0x0000000000000000       0x69 cpu/arm920t/start.o
 .debug_info    0x0000000000000069       0x74 board/mini2440/lowlevel_init.o
 .debug_info    0x00000000000000dd      0x4b9 cpu/arm920t/libarm920t.a(interrupts.o)
 .debug_info    0x0000000000000596      0x4b7 cpu/arm920t/s3c24x0/libs3c24x0.a(interrupts.o)
 .debug_info    0x0000000000000a4d      0x465 cpu/arm920t/s3c24x0/libs3c24x0.a(speed.o)
 .debug_info    0x0000000000000eb2       0x68 lib_arm/libarm.a(_udivsi3.o)
 .debug_info    0x0000000000000f1a      0x7d3 lib_arm/libarm.a(board.o)
 .debug_info    0x00000000000016ed       0x57 lib_arm/libarm.a(div0.o)
 .debug_info    0x0000000000001744     0x1e9d net/libnet.a(net.o)
 .debug_info    0x00000000000035e1      0x920 net/libnet.a(tftp.o)
 .debug_info    0x0000000000003f01      0xf29 net/libnet.a(bootp.o)
 .debug_info    0x0000000000004e2a      0x42e net/libnet.a(rarp.o)
 .debug_info    0x0000000000005258      0x16a net/libnet.a(eth.o)
 .debug_info    0x00000000000053c2     0x158b net/libnet.a(nfs.o)
 .debug_info    0x000000000000694d      0xa5a drivers/libdrivers.a(cs8900.o)
 .debug_info    0x00000000000073a7      0xb5b common/libcommon.a(main.o)
 .debug_info    0x0000000000007f02      0x536 common/libcommon.a(cmd_autoscript.o)
 .debug_info    0x0000000000008438      0x548 common/libcommon.a(cmd_bdinfo.o)
 .debug_info    0x0000000000008980      0x2ca common/libcommon.a(cmd_boot.o)
 .debug_info    0x0000000000008c4a     0x1b8e common/libcommon.a(cmd_bootm.o)
 .debug_info    0x000000000000a7d8      0x3f8 common/libcommon.a(cmd_cache.o)
 .debug_info    0x000000000000abd0      0x401 common/libcommon.a(cmd_console.o)
 .debug_info    0x000000000000afd1      0x711 common/libcommon.a(cmd_date.o)
 .debug_info    0x000000000000b6e2      0x898 common/libcommon.a(cmd_elf.o)
 .debug_info    0x000000000000bf7a      0xeef common/libcommon.a(cmd_flash.o)
 .debug_info    0x000000000000ce69      0x6df common/libcommon.a(cmd_itest.o)
 .debug_info    0x000000000000d548     0x156b common/libcommon.a(cmd_load.o)
 .debug_info    0x000000000000eab3     0x14de common/libcommon.a(cmd_mem.o)
 .debug_info    0x000000000000ff91      0x2ba common/libcommon.a(cmd_misc.o)
 .debug_info    0x000000000001024b      0x809 common/libcommon.a(cmd_net.o)
 .debug_info    0x0000000000010a54      0xdaa common/libcommon.a(cmd_nvedit.o)
 .debug_info    0x00000000000117fe      0x64a common/libcommon.a(command.o)
 .debug_info    0x0000000000011e48      0xca9 common/libcommon.a(console.o)
 .debug_info    0x0000000000012af1      0x515 common/libcommon.a(devices.o)
 .debug_info    0x0000000000013006      0xea7 common/libcommon.a(dlmalloc.o)
 .debug_info    0x0000000000013ead      0x455 common/libcommon.a(env_common.o)
 .debug_info    0x0000000000014302      0x4ba common/libcommon.a(env_flash.o)
 .debug_info    0x00000000000147bc      0x2c1 common/libcommon.a(exports.o)
 .debug_info    0x0000000000014a7d      0x392 common/libcommon.a(flash.o)
 .debug_info    0x0000000000014e0f      0x679 common/libcommon.a(lists.o)
 .debug_info    0x0000000000015488      0x243 common/libcommon.a(s_record.o)
 .debug_info    0x00000000000156cb      0xbcf common/libcommon.a(xyzModem.o)
 .debug_info    0x000000000001629a      0x113 common/libcommon.a(crc16.o)
 .debug_info    0x00000000000163ad      0x139 lib_generic/libgeneric.a(crc32.o)
 .debug_info    0x00000000000164e6      0x1a4 lib_generic/libgeneric.a(display_options.o)
 .debug_info    0x000000000001668a      0x963 lib_generic/libgeneric.a(string.o)
 .debug_info    0x0000000000016fed      0x581 lib_generic/libgeneric.a(vsprintf.o)
 .debug_info    0x000000000001756e     0x1dc4 lib_generic/libgeneric.a(zlib.o)
 .debug_info    0x0000000000019332       0x4d lib_generic/libgeneric.a(ctype.o)
 .debug_info    0x000000000001937f      0x5e4 board/mini2440/libmini2440.a(mini2440.o)
 .debug_info    0x0000000000019963      0x6c0 board/mini2440/libmini2440.a(flash.o)
 .debug_info    0x000000000001a023      0x43f cpu/arm920t/libarm920t.a(cpu.o)
 .debug_info    0x000000000001a462      0x463 cpu/arm920t/s3c24x0/libs3c24x0.a(serial.o)
 .debug_info    0x000000000001a8c5       0x67 lib_arm/libarm.a(_divsi3.o)
 .debug_info    0x000000000001a92c       0x67 lib_arm/libarm.a(_modsi3.o)
 .debug_info    0x000000000001a993       0x68 lib_arm/libarm.a(_umodsi3.o)
 .debug_info    0x000000000001a9fb      0x740 lib_arm/libarm.a(armlinux.o)
 .debug_info    0x000000000001b13b       0xa6 lib_arm/libarm.a(cache.o)
 .debug_info    0x000000000001b1e1      0x25b rtc/librtc.a(date.o)
 .debug_info    0x000000000001b43c      0x74d rtc/librtc.a(s3c24x0_rtc.o)

.debug_abbrev   0x0000000000000000     0x6f08
 .debug_abbrev  0x0000000000000000       0x14 cpu/arm920t/start.o
 .debug_abbrev  0x0000000000000014       0x14 board/mini2440/lowlevel_init.o
 .debug_abbrev  0x0000000000000028      0x141 cpu/arm920t/libarm920t.a(interrupts.o)
 .debug_abbrev  0x0000000000000169      0x2ba cpu/arm920t/s3c24x0/libs3c24x0.a(interrupts.o)
 .debug_abbrev  0x0000000000000423      0x1fa cpu/arm920t/s3c24x0/libs3c24x0.a(speed.o)
 .debug_abbrev  0x000000000000061d       0x14 lib_arm/libarm.a(_udivsi3.o)
 .debug_abbrev  0x0000000000000631      0x281 lib_arm/libarm.a(board.o)
 .debug_abbrev  0x00000000000008b2       0x5e lib_arm/libarm.a(div0.o)
 .debug_abbrev  0x0000000000000910      0x46c net/libnet.a(net.o)
 .debug_abbrev  0x0000000000000d7c      0x211 net/libnet.a(tftp.o)
 .debug_abbrev  0x0000000000000f8d      0x2df net/libnet.a(bootp.o)
 .debug_abbrev  0x000000000000126c      0x180 net/libnet.a(rarp.o)
 .debug_abbrev  0x00000000000013ec       0xaf net/libnet.a(eth.o)
 .debug_abbrev  0x000000000000149b      0x397 net/libnet.a(nfs.o)
 .debug_abbrev  0x0000000000001832      0x2f8 drivers/libdrivers.a(cs8900.o)
 .debug_abbrev  0x0000000000001b2a      0x2bf common/libcommon.a(main.o)
 .debug_abbrev  0x0000000000001de9      0x1a7 common/libcommon.a(cmd_autoscript.o)
 .debug_abbrev  0x0000000000001f90      0x1a8 common/libcommon.a(cmd_bdinfo.o)
 .debug_abbrev  0x0000000000002138      0x14e common/libcommon.a(cmd_boot.o)
 .debug_abbrev  0x0000000000002286      0x3eb common/libcommon.a(cmd_bootm.o)
 .debug_abbrev  0x0000000000002671      0x14a common/libcommon.a(cmd_cache.o)
 .debug_abbrev  0x00000000000027bb      0x188 common/libcommon.a(cmd_console.o)
 .debug_abbrev  0x0000000000002943      0x1f5 common/libcommon.a(cmd_date.o)
 .debug_abbrev  0x0000000000002b38      0x1e0 common/libcommon.a(cmd_elf.o)
 .debug_abbrev  0x0000000000002d18      0x2a1 common/libcommon.a(cmd_flash.o)
 .debug_abbrev  0x0000000000002fb9      0x216 common/libcommon.a(cmd_itest.o)
 .debug_abbrev  0x00000000000031cf      0x431 common/libcommon.a(cmd_load.o)
 .debug_abbrev  0x0000000000003600      0x30f common/libcommon.a(cmd_mem.o)
 .debug_abbrev  0x000000000000390f      0x147 common/libcommon.a(cmd_misc.o)
 .debug_abbrev  0x0000000000003a56      0x20f common/libcommon.a(cmd_net.o)
 .debug_abbrev  0x0000000000003c65      0x326 common/libcommon.a(cmd_nvedit.o)
 .debug_abbrev  0x0000000000003f8b      0x289 common/libcommon.a(command.o)
 .debug_abbrev  0x0000000000004214      0x3a3 common/libcommon.a(console.o)
 .debug_abbrev  0x00000000000045b7      0x1a2 common/libcommon.a(devices.o)
 .debug_abbrev  0x0000000000004759      0x2fe common/libcommon.a(dlmalloc.o)
 .debug_abbrev  0x0000000000004a57      0x20a common/libcommon.a(env_common.o)
 .debug_abbrev  0x0000000000004c61      0x1f1 common/libcommon.a(env_flash.o)
 .debug_abbrev  0x0000000000004e52      0x14d common/libcommon.a(exports.o)
 .debug_abbrev  0x0000000000004f9f      0x1d6 common/libcommon.a(flash.o)
 .debug_abbrev  0x0000000000005175      0x20e common/libcommon.a(lists.o)
 .debug_abbrev  0x0000000000005383      0x11a common/libcommon.a(s_record.o)
 .debug_abbrev  0x000000000000549d      0x337 common/libcommon.a(xyzModem.o)
 .debug_abbrev  0x00000000000057d4       0xc0 common/libcommon.a(crc16.o)
 .debug_abbrev  0x0000000000005894       0x93 lib_generic/libgeneric.a(crc32.o)
 .debug_abbrev  0x0000000000005927      0x10c lib_generic/libgeneric.a(display_options.o)
 .debug_abbrev  0x0000000000005a33      0x1d6 lib_generic/libgeneric.a(string.o)
 .debug_abbrev  0x0000000000005c09      0x240 lib_generic/libgeneric.a(vsprintf.o)
 .debug_abbrev  0x0000000000005e49      0x3aa lib_generic/libgeneric.a(zlib.o)
 .debug_abbrev  0x00000000000061f3       0x3e lib_generic/libgeneric.a(ctype.o)
 .debug_abbrev  0x0000000000006231      0x199 board/mini2440/libmini2440.a(mini2440.o)
 .debug_abbrev  0x00000000000063ca      0x218 board/mini2440/libmini2440.a(flash.o)
 .debug_abbrev  0x00000000000065e2      0x1c8 cpu/arm920t/libarm920t.a(cpu.o)
 .debug_abbrev  0x00000000000067aa      0x1c0 cpu/arm920t/s3c24x0/libs3c24x0.a(serial.o)
 .debug_abbrev  0x000000000000696a       0x14 lib_arm/libarm.a(_divsi3.o)
 .debug_abbrev  0x000000000000697e       0x14 lib_arm/libarm.a(_modsi3.o)
 .debug_abbrev  0x0000000000006992       0x14 lib_arm/libarm.a(_umodsi3.o)
 .debug_abbrev  0x00000000000069a6      0x1e4 lib_arm/libarm.a(armlinux.o)
 .debug_abbrev  0x0000000000006b8a       0x51 lib_arm/libarm.a(cache.o)
 .debug_abbrev  0x0000000000006bdb      0x10d rtc/librtc.a(date.o)
 .debug_abbrev  0x0000000000006ce8      0x220 rtc/librtc.a(s3c24x0_rtc.o)

.debug_aranges  0x0000000000000000      0x778
 .debug_aranges
                0x0000000000000000       0x20 cpu/arm920t/start.o
 .debug_aranges
                0x0000000000000020       0x20 board/mini2440/lowlevel_init.o
 .debug_aranges
                0x0000000000000040       0x20 cpu/arm920t/libarm920t.a(interrupts.o)
 .debug_aranges
                0x0000000000000060       0x20 cpu/arm920t/s3c24x0/libs3c24x0.a(interrupts.o)
 .debug_aranges
                0x0000000000000080       0x20 cpu/arm920t/s3c24x0/libs3c24x0.a(speed.o)
 .debug_aranges
                0x00000000000000a0       0x20 lib_arm/libarm.a(_udivsi3.o)
 .debug_aranges
                0x00000000000000c0       0x20 lib_arm/libarm.a(board.o)
 .debug_aranges
                0x00000000000000e0       0x20 lib_arm/libarm.a(div0.o)
 .debug_aranges
                0x0000000000000100       0x20 net/libnet.a(net.o)
 .debug_aranges
                0x0000000000000120       0x20 net/libnet.a(tftp.o)
 .debug_aranges
                0x0000000000000140       0x20 net/libnet.a(bootp.o)
 .debug_aranges
                0x0000000000000160       0x20 net/libnet.a(rarp.o)
 .debug_aranges
                0x0000000000000180       0x20 net/libnet.a(eth.o)
 .debug_aranges
                0x00000000000001a0       0x20 net/libnet.a(nfs.o)
 .debug_aranges
                0x00000000000001c0       0x20 drivers/libdrivers.a(cs8900.o)
 .debug_aranges
                0x00000000000001e0       0x20 common/libcommon.a(main.o)
 .debug_aranges
                0x0000000000000200       0x20 common/libcommon.a(cmd_autoscript.o)
 .debug_aranges
                0x0000000000000220       0x20 common/libcommon.a(cmd_bdinfo.o)
 .debug_aranges
                0x0000000000000240       0x20 common/libcommon.a(cmd_boot.o)
 .debug_aranges
                0x0000000000000260       0x20 common/libcommon.a(cmd_bootm.o)
 .debug_aranges
                0x0000000000000280       0x20 common/libcommon.a(cmd_cache.o)
 .debug_aranges
                0x00000000000002a0       0x20 common/libcommon.a(cmd_console.o)
 .debug_aranges
                0x00000000000002c0       0x20 common/libcommon.a(cmd_date.o)
 .debug_aranges
                0x00000000000002e0       0x20 common/libcommon.a(cmd_elf.o)
 .debug_aranges
                0x0000000000000300       0x20 common/libcommon.a(cmd_flash.o)
 .debug_aranges
                0x0000000000000320       0x20 common/libcommon.a(cmd_itest.o)
 .debug_aranges
                0x0000000000000340       0x20 common/libcommon.a(cmd_load.o)
 .debug_aranges
                0x0000000000000360       0x20 common/libcommon.a(cmd_mem.o)
 .debug_aranges
                0x0000000000000380       0x20 common/libcommon.a(cmd_misc.o)
 .debug_aranges
                0x00000000000003a0       0x20 common/libcommon.a(cmd_net.o)
 .debug_aranges
                0x00000000000003c0       0x20 common/libcommon.a(cmd_nvedit.o)
 .debug_aranges
                0x00000000000003e0       0x20 common/libcommon.a(command.o)
 .debug_aranges
                0x0000000000000400       0x20 common/libcommon.a(console.o)
 .debug_aranges
                0x0000000000000420       0x20 common/libcommon.a(devices.o)
 .debug_aranges
                0x0000000000000440       0x20 common/libcommon.a(dlmalloc.o)
 .debug_aranges
                0x0000000000000460       0x20 common/libcommon.a(env_common.o)
 .debug_aranges
                0x0000000000000480       0x20 common/libcommon.a(env_flash.o)
 .debug_aranges
                0x00000000000004a0       0x20 common/libcommon.a(exports.o)
 .debug_aranges
                0x00000000000004c0       0x20 common/libcommon.a(flash.o)
 .debug_aranges
                0x00000000000004e0       0x20 common/libcommon.a(lists.o)
 .debug_aranges
                0x0000000000000500       0x20 common/libcommon.a(s_record.o)
 .debug_aranges
                0x0000000000000520       0x20 common/libcommon.a(xyzModem.o)
 .debug_aranges
                0x0000000000000540       0x20 common/libcommon.a(crc16.o)
 .debug_aranges
                0x0000000000000560       0x20 lib_generic/libgeneric.a(crc32.o)
 .debug_aranges
                0x0000000000000580       0x20 lib_generic/libgeneric.a(display_options.o)
 .debug_aranges
                0x00000000000005a0       0x20 lib_generic/libgeneric.a(string.o)
 .debug_aranges
                0x00000000000005c0       0x20 lib_generic/libgeneric.a(vsprintf.o)
 .debug_aranges
                0x00000000000005e0       0x20 lib_generic/libgeneric.a(zlib.o)
 .debug_aranges
                0x0000000000000600       0x18 lib_generic/libgeneric.a(ctype.o)
 .debug_aranges
                0x0000000000000618       0x20 board/mini2440/libmini2440.a(mini2440.o)
 .debug_aranges
                0x0000000000000638       0x20 board/mini2440/libmini2440.a(flash.o)
 .debug_aranges
                0x0000000000000658       0x20 cpu/arm920t/libarm920t.a(cpu.o)
 .debug_aranges
                0x0000000000000678       0x20 cpu/arm920t/s3c24x0/libs3c24x0.a(serial.o)
 .debug_aranges
                0x0000000000000698       0x20 lib_arm/libarm.a(_divsi3.o)
 .debug_aranges
                0x00000000000006b8       0x20 lib_arm/libarm.a(_modsi3.o)
 .debug_aranges
                0x00000000000006d8       0x20 lib_arm/libarm.a(_umodsi3.o)
 .debug_aranges
                0x00000000000006f8       0x20 lib_arm/libarm.a(armlinux.o)
 .debug_aranges
                0x0000000000000718       0x20 lib_arm/libarm.a(cache.o)
 .debug_aranges
                0x0000000000000738       0x20 rtc/librtc.a(date.o)
 .debug_aranges
                0x0000000000000758       0x20 rtc/librtc.a(s3c24x0_rtc.o)

.debug_loc      0x0000000000000000    0x13e1f
 .debug_loc     0x0000000000000000      0x17a cpu/arm920t/libarm920t.a(interrupts.o)
 .debug_loc     0x000000000000017a      0x167 cpu/arm920t/s3c24x0/libs3c24x0.a(interrupts.o)
 .debug_loc     0x00000000000002e1       0xe4 cpu/arm920t/s3c24x0/libs3c24x0.a(speed.o)
 .debug_loc     0x00000000000003c5      0x18a lib_arm/libarm.a(board.o)
 .debug_loc     0x000000000000054f     0x11d5 net/libnet.a(net.o)
 .debug_loc     0x0000000000001724      0x6a1 net/libnet.a(tftp.o)
 .debug_loc     0x0000000000001dc5      0x91c net/libnet.a(bootp.o)
 .debug_loc     0x00000000000026e1      0x10c net/libnet.a(rarp.o)
 .debug_loc     0x00000000000027ed       0x21 net/libnet.a(eth.o)
 .debug_loc     0x000000000000280e      0xd6b net/libnet.a(nfs.o)
 .debug_loc     0x0000000000003579      0x506 drivers/libdrivers.a(cs8900.o)
 .debug_loc     0x0000000000003a7f      0xb96 common/libcommon.a(main.o)
 .debug_loc     0x0000000000004615      0x2e6 common/libcommon.a(cmd_autoscript.o)
 .debug_loc     0x00000000000048fb      0x1ab common/libcommon.a(cmd_bdinfo.o)
 .debug_loc     0x0000000000004aa6      0x1e9 common/libcommon.a(cmd_boot.o)
 .debug_loc     0x0000000000004c8f      0xf5a common/libcommon.a(cmd_bootm.o)
 .debug_loc     0x0000000000005be9      0x2a6 common/libcommon.a(cmd_cache.o)
 .debug_loc     0x0000000000005e8f       0xe0 common/libcommon.a(cmd_console.o)
 .debug_loc     0x0000000000005f6f      0x255 common/libcommon.a(cmd_date.o)
 .debug_loc     0x00000000000061c4      0x3a2 common/libcommon.a(cmd_elf.o)
 .debug_loc     0x0000000000006566      0xca1 common/libcommon.a(cmd_flash.o)
 .debug_loc     0x0000000000007207      0x670 common/libcommon.a(cmd_itest.o)
 .debug_loc     0x0000000000007877      0xc3b common/libcommon.a(cmd_load.o)
 .debug_loc     0x00000000000084b2     0x16ef common/libcommon.a(cmd_mem.o)
 .debug_loc     0x0000000000009ba1      0x101 common/libcommon.a(cmd_misc.o)
 .debug_loc     0x0000000000009ca2      0x385 common/libcommon.a(cmd_net.o)
 .debug_loc     0x000000000000a027      0xa68 common/libcommon.a(cmd_nvedit.o)
 .debug_loc     0x000000000000aa8f      0x498 common/libcommon.a(command.o)
 .debug_loc     0x000000000000af27      0x50e common/libcommon.a(console.o)
 .debug_loc     0x000000000000b435       0x2c common/libcommon.a(devices.o)
 .debug_loc     0x000000000000b461     0x1bbc common/libcommon.a(dlmalloc.o)
 .debug_loc     0x000000000000d01d       0xc2 common/libcommon.a(env_common.o)
 .debug_loc     0x000000000000d0df       0x9f common/libcommon.a(env_flash.o)
 .debug_loc     0x000000000000d17e       0x14 common/libcommon.a(exports.o)
 .debug_loc     0x000000000000d192      0x4ac common/libcommon.a(flash.o)
 .debug_loc     0x000000000000d63e      0x586 common/libcommon.a(lists.o)
 .debug_loc     0x000000000000dbc4      0x506 common/libcommon.a(s_record.o)
 .debug_loc     0x000000000000e0ca      0xaa3 common/libcommon.a(xyzModem.o)
 .debug_loc     0x000000000000eb6d       0xab common/libcommon.a(crc16.o)
 .debug_loc     0x000000000000ec18       0xff lib_generic/libgeneric.a(crc32.o)
 .debug_loc     0x000000000000ed17      0x101 lib_generic/libgeneric.a(display_options.o)
 .debug_loc     0x000000000000ee18      0xbc4 lib_generic/libgeneric.a(string.o)
 .debug_loc     0x000000000000f9dc      0xb79 lib_generic/libgeneric.a(vsprintf.o)
 .debug_loc     0x0000000000010555     0x2a54 lib_generic/libgeneric.a(zlib.o)
 .debug_loc     0x0000000000012fa9       0x2c board/mini2440/libmini2440.a(mini2440.o)
 .debug_loc     0x0000000000012fd5      0x755 board/mini2440/libmini2440.a(flash.o)
 .debug_loc     0x000000000001372a       0xcc cpu/arm920t/libarm920t.a(cpu.o)
 .debug_loc     0x00000000000137f6       0x83 cpu/arm920t/s3c24x0/libs3c24x0.a(serial.o)
 .debug_loc     0x0000000000013879      0x1f4 lib_arm/libarm.a(armlinux.o)
 .debug_loc     0x0000000000013a6d      0x22f rtc/librtc.a(date.o)
 .debug_loc     0x0000000000013c9c      0x183 rtc/librtc.a(s3c24x0_rtc.o)

.debug_str      0x0000000000000000     0x3a5b
 .debug_str     0x0000000000000000      0x23a cpu/arm920t/libarm920t.a(interrupts.o)
                                        0x285 (size before relaxing)
 .debug_str     0x000000000000023a      0x1b1 cpu/arm920t/s3c24x0/libs3c24x0.a(interrupts.o)
                                        0x350 (size before relaxing)
 .debug_str     0x00000000000003eb      0x166 cpu/arm920t/s3c24x0/libs3c24x0.a(speed.o)
                                        0x33c (size before relaxing)
 .debug_str     0x0000000000000551      0x217 lib_arm/libarm.a(board.o)
                                        0x47f (size before relaxing)
 .debug_str     0x0000000000000768        0xe lib_arm/libarm.a(div0.o)
                                        0x10d (size before relaxing)
 .debug_str     0x0000000000000776      0x612 net/libnet.a(net.o)
                                        0x906 (size before relaxing)
 .debug_str     0x0000000000000d88       0xe9 net/libnet.a(tftp.o)
                                        0x3e3 (size before relaxing)
 .debug_str     0x0000000000000e71      0x169 net/libnet.a(bootp.o)
                                        0x54c (size before relaxing)
 .debug_str     0x0000000000000fda       0x40 net/libnet.a(rarp.o)
                                        0x2dd (size before relaxing)
 .debug_str     0x000000000000101a        0x6 net/libnet.a(eth.o)
                                        0x219 (size before relaxing)
 .debug_str     0x0000000000001020      0x270 net/libnet.a(nfs.o)
                                        0x5cb (size before relaxing)
 .debug_str     0x0000000000001290       0xd1 drivers/libdrivers.a(cs8900.o)
                                        0x36e (size before relaxing)
 .debug_str     0x0000000000001361      0x19e common/libcommon.a(main.o)
                                        0x368 (size before relaxing)
 .debug_str     0x00000000000014ff       0xcf common/libcommon.a(cmd_autoscript.o)
                                        0x339 (size before relaxing)
 .debug_str     0x00000000000015ce       0x35 common/libcommon.a(cmd_bdinfo.o)
                                        0x2f9 (size before relaxing)
 .debug_str     0x0000000000001603       0x34 common/libcommon.a(cmd_boot.o)
                                        0x232 (size before relaxing)
 .debug_str     0x0000000000001637      0x302 common/libcommon.a(cmd_bootm.o)
                                        0x76f (size before relaxing)
 .debug_str     0x0000000000001939       0xa5 common/libcommon.a(cmd_cache.o)
                                        0x28a (size before relaxing)
 .debug_str     0x00000000000019de       0xe8 common/libcommon.a(cmd_console.o)
                                        0x2e0 (size before relaxing)
 .debug_str     0x0000000000001ac6       0x79 common/libcommon.a(cmd_date.o)
                                        0x399 (size before relaxing)
 .debug_str     0x0000000000001b3f      0x1a3 common/libcommon.a(cmd_elf.o)
                                        0x45f (size before relaxing)
 .debug_str     0x0000000000001ce2      0x16a common/libcommon.a(cmd_flash.o)
                                        0x3df (size before relaxing)
 .debug_str     0x0000000000001e4c       0xaa common/libcommon.a(cmd_itest.o)
                                        0x2b3 (size before relaxing)
 .debug_str     0x0000000000001ef6      0x48b common/libcommon.a(cmd_load.o)
                                        0x823 (size before relaxing)
 .debug_str     0x0000000000002381      0x21a common/libcommon.a(cmd_mem.o)
                                        0x4bd (size before relaxing)
 .debug_str     0x000000000000259b       0x27 common/libcommon.a(cmd_misc.o)
                                        0x23d (size before relaxing)
 .debug_str     0x00000000000025c2       0x9e common/libcommon.a(cmd_net.o)
                                        0x3b5 (size before relaxing)
 .debug_str     0x0000000000002660       0xfe common/libcommon.a(cmd_nvedit.o)
                                        0x470 (size before relaxing)
 .debug_str     0x000000000000275e       0xc8 common/libcommon.a(command.o)
                                        0x2f9 (size before relaxing)
 .debug_str     0x0000000000002826       0xfd common/libcommon.a(console.o)
                                        0x582 (size before relaxing)
 .debug_str     0x0000000000002923       0x5d common/libcommon.a(devices.o)
                                        0x38c (size before relaxing)
 .debug_str     0x0000000000002980      0x2a5 common/libcommon.a(dlmalloc.o)
                                        0x580 (size before relaxing)
 .debug_str     0x0000000000002c25       0x79 common/libcommon.a(env_common.o)
                                        0x339 (size before relaxing)
 .debug_str     0x0000000000002c9e       0x3b common/libcommon.a(env_flash.o)
                                        0x35f (size before relaxing)
 .debug_str     0x0000000000002cd9        0xa common/libcommon.a(exports.o)
                                        0x34e (size before relaxing)
 .debug_str     0x0000000000002ce3       0x2e common/libcommon.a(flash.o)
                                        0x26b (size before relaxing)
 .debug_str     0x0000000000002d11      0x198 common/libcommon.a(lists.o)
                                        0x409 (size before relaxing)
 .debug_str     0x0000000000002ea9       0x2e common/libcommon.a(s_record.o)
                                        0x1e1 (size before relaxing)
 .debug_str     0x0000000000002ed7      0x168 common/libcommon.a(xyzModem.o)
                                        0x3d5 (size before relaxing)
 .debug_str     0x000000000000303f       0x12 common/libcommon.a(crc16.o)
                                        0x1bc (size before relaxing)
 .debug_str     0x0000000000003051       0x52 lib_generic/libgeneric.a(crc32.o)
                                        0x1cb (size before relaxing)
 .debug_str     0x00000000000030a3       0x22 lib_generic/libgeneric.a(display_options.o)
                                        0x1de (size before relaxing)
 .debug_str     0x00000000000030c5       0x88 lib_generic/libgeneric.a(string.o)
                                        0x2a6 (size before relaxing)
 .debug_str     0x000000000000314d       0x4d lib_generic/libgeneric.a(vsprintf.o)
                                        0x2a4 (size before relaxing)
 .debug_str     0x000000000000319a      0x3a5 lib_generic/libgeneric.a(zlib.o)
                                        0x686 (size before relaxing)
 .debug_str     0x000000000000353f        0x8 lib_generic/libgeneric.a(ctype.o)
                                        0x124 (size before relaxing)
 .debug_str     0x0000000000003547      0x1d5 board/mini2440/libmini2440.a(mini2440.o)
                                        0x49c (size before relaxing)
 .debug_str     0x000000000000371c       0x38 board/mini2440/libmini2440.a(flash.o)
                                        0x34a (size before relaxing)
 .debug_str     0x0000000000003754       0x46 cpu/arm920t/libarm920t.a(cpu.o)
                                        0x2aa (size before relaxing)
 .debug_str     0x000000000000379a       0xca cpu/arm920t/s3c24x0/libs3c24x0.a(serial.o)
                                        0x38f (size before relaxing)
 .debug_str     0x0000000000003864       0x32 lib_arm/libarm.a(armlinux.o)
                                        0x405 (size before relaxing)
 .debug_str     0x0000000000003896        0xe lib_arm/libarm.a(cache.o)
                                        0x1ae (size before relaxing)
 .debug_str     0x00000000000038a4       0x64 rtc/librtc.a(date.o)
                                        0x22e (size before relaxing)
 .debug_str     0x0000000000003908      0x153 rtc/librtc.a(s3c24x0_rtc.o)
                                        0x393 (size before relaxing)

.debug_frame    0x0000000000000000     0x28f8
 .debug_frame   0x0000000000000000      0x134 cpu/arm920t/libarm920t.a(interrupts.o)
 .debug_frame   0x0000000000000134       0xe8 cpu/arm920t/s3c24x0/libs3c24x0.a(interrupts.o)
 .debug_frame   0x000000000000021c       0x8c cpu/arm920t/s3c24x0/libs3c24x0.a(speed.o)
 .debug_frame   0x00000000000002a8       0xa8 lib_arm/libarm.a(board.o)
 .debug_frame   0x0000000000000350       0x20 lib_arm/libarm.a(div0.o)
 .debug_frame   0x0000000000000370      0x288 net/libnet.a(net.o)
 .debug_frame   0x00000000000005f8       0xb0 net/libnet.a(tftp.o)
 .debug_frame   0x00000000000006a8       0x84 net/libnet.a(bootp.o)
 .debug_frame   0x000000000000072c       0x7c net/libnet.a(rarp.o)
 .debug_frame   0x00000000000007a8       0x20 net/libnet.a(eth.o)
 .debug_frame   0x00000000000007c8      0x290 net/libnet.a(nfs.o)
 .debug_frame   0x0000000000000a58      0x11c drivers/libdrivers.a(cs8900.o)
 .debug_frame   0x0000000000000b74       0xbc common/libcommon.a(main.o)
 .debug_frame   0x0000000000000c30       0x60 common/libcommon.a(cmd_autoscript.o)
 .debug_frame   0x0000000000000c90       0x2c common/libcommon.a(cmd_bdinfo.o)
 .debug_frame   0x0000000000000cbc       0x2c common/libcommon.a(cmd_boot.o)
 .debug_frame   0x0000000000000ce8      0x138 common/libcommon.a(cmd_bootm.o)
 .debug_frame   0x0000000000000e20       0x58 common/libcommon.a(cmd_cache.o)
 .debug_frame   0x0000000000000e78       0x34 common/libcommon.a(cmd_console.o)
 .debug_frame   0x0000000000000eac       0x64 common/libcommon.a(cmd_date.o)
 .debug_frame   0x0000000000000f10       0x88 common/libcommon.a(cmd_elf.o)
 .debug_frame   0x0000000000000f98      0x124 common/libcommon.a(cmd_flash.o)
 .debug_frame   0x00000000000010bc       0x68 common/libcommon.a(cmd_itest.o)
 .debug_frame   0x0000000000001124      0x1e0 common/libcommon.a(cmd_load.o)
 .debug_frame   0x0000000000001304      0x18c common/libcommon.a(cmd_mem.o)
 .debug_frame   0x0000000000001490       0x30 common/libcommon.a(cmd_misc.o)
 .debug_frame   0x00000000000014c0       0x78 common/libcommon.a(cmd_net.o)
 .debug_frame   0x0000000000001538      0x120 common/libcommon.a(cmd_nvedit.o)
 .debug_frame   0x0000000000001658       0x9c common/libcommon.a(command.o)
 .debug_frame   0x00000000000016f4      0x218 common/libcommon.a(console.o)
 .debug_frame   0x000000000000190c       0x5c common/libcommon.a(devices.o)
 .debug_frame   0x0000000000001968      0x168 common/libcommon.a(dlmalloc.o)
 .debug_frame   0x0000000000001ad0       0x74 common/libcommon.a(env_common.o)
 .debug_frame   0x0000000000001b44       0x60 common/libcommon.a(env_flash.o)
 .debug_frame   0x0000000000001ba4       0x48 common/libcommon.a(exports.o)
 .debug_frame   0x0000000000001bec       0x7c common/libcommon.a(flash.o)
 .debug_frame   0x0000000000001c68      0x140 common/libcommon.a(lists.o)
 .debug_frame   0x0000000000001da8       0x5c common/libcommon.a(s_record.o)
 .debug_frame   0x0000000000001e04      0x134 common/libcommon.a(xyzModem.o)
 .debug_frame   0x0000000000001f38       0x28 common/libcommon.a(crc16.o)
 .debug_frame   0x0000000000001f60       0x28 lib_generic/libgeneric.a(crc32.o)
 .debug_frame   0x0000000000001f88       0x50 lib_generic/libgeneric.a(display_options.o)
 .debug_frame   0x0000000000001fd8      0x1f4 lib_generic/libgeneric.a(string.o)
 .debug_frame   0x00000000000021cc       0xf4 lib_generic/libgeneric.a(vsprintf.o)
 .debug_frame   0x00000000000022c0      0x228 lib_generic/libgeneric.a(zlib.o)
 .debug_frame   0x00000000000024e8       0x38 board/mini2440/libmini2440.a(mini2440.o)
 .debug_frame   0x0000000000002520       0xe8 board/mini2440/libmini2440.a(flash.o)
 .debug_frame   0x0000000000002608      0x108 cpu/arm920t/libarm920t.a(cpu.o)
 .debug_frame   0x0000000000002710       0x88 cpu/arm920t/s3c24x0/libs3c24x0.a(serial.o)
 .debug_frame   0x0000000000002798       0x54 lib_arm/libarm.a(armlinux.o)
 .debug_frame   0x00000000000027ec       0x20 lib_arm/libarm.a(cache.o)
 .debug_frame   0x000000000000280c       0x7c rtc/librtc.a(date.o)
 .debug_frame   0x0000000000002888       0x70 rtc/librtc.a(s3c24x0_rtc.o)

.debug_ranges   0x0000000000000000      0x9a8