Archive member included to satisfy reference by file (symbol)

board/mini2440/libmini2440.a(lowlevel_init.o)
                              cpu/arm920t/start.o (lowlevel_init)
cpu/arm920t/libarm920t.a(interrupts.o)
                              cpu/arm920t/start.o (do_undefined_instruction)
cpu/arm920t/s3c24x0/libs3c24x0.a(interrupts.o)
                              cpu/arm920t/libarm920t.a(interrupts.o) (reset_cpu)
cpu/arm920t/s3c24x0/libs3c24x0.a(speed.o)
                              cpu/arm920t/s3c24x0/libs3c24x0.a(interrupts.o) (get_PCLK)
lib_arm/libarm.a(_udivsi3.o)  cpu/arm920t/s3c24x0/libs3c24x0.a(interrupts.o) (__udivsi3)
lib_arm/libarm.a(board.o)     cpu/arm920t/s3c24x0/libs3c24x0.a(speed.o) (hang)
lib_arm/libarm.a(div0.o)      lib_arm/libarm.a(_udivsi3.o) (__div0)
net/libnet.a(net.o)           lib_arm/libarm.a(board.o) (copy_filename)
net/libnet.a(tftp.o)          net/libnet.a(net.o) (TftpStart)
net/libnet.a(bootp.o)         net/libnet.a(net.o) (BootpRequest)
net/libnet.a(rarp.o)          net/libnet.a(net.o) (RarpRequest)
net/libnet.a(eth.o)           lib_arm/libarm.a(board.o) (eth_initialize)
net/libnet.a(nfs.o)           net/libnet.a(net.o) (NfsStart)
drivers/libdrivers.a(cs8900.o)
                              lib_arm/libarm.a(board.o) (cs8900_get_enetaddr)
common/libcommon.a(main.o)    lib_arm/libarm.a(board.o) (main_loop)
common/libcommon.a(cmd_autoscript.o)
                              (__u_boot_cmd_autoscr)
common/libcommon.a(cmd_bdinfo.o)
                              (__u_boot_cmd_bdinfo)
common/libcommon.a(cmd_boot.o)
                              (__u_boot_cmd_reset)
common/libcommon.a(cmd_bootm.o)
                              common/libcommon.a(main.o) (do_bootd)
common/libcommon.a(cmd_cache.o)
                              (__u_boot_cmd_dcache)
common/libcommon.a(cmd_console.o)
                              (__u_boot_cmd_coninfo)
common/libcommon.a(cmd_date.o)
                              (__u_boot_cmd_date)
common/libcommon.a(cmd_elf.o)
                              common/libcommon.a(cmd_bootm.o) (do_bootelf)
common/libcommon.a(cmd_flash.o)
                              (__u_boot_cmd_protect)
common/libcommon.a(cmd_itest.o)
                              (__u_boot_cmd_itest)
common/libcommon.a(cmd_load.o)
                              (__u_boot_cmd_loady)
common/libcommon.a(cmd_mem.o)
                              common/libcommon.a(cmd_itest.o) (cmd_get_data_size)
common/libcommon.a(cmd_misc.o)
                              (__u_boot_cmd_sleep)
common/libcommon.a(cmd_net.o)
                              (__u_boot_cmd_nfs)
common/libcommon.a(cmd_nvedit.o)
                              net/libnet.a(net.o) (setenv)
common/libcommon.a(command.o)
                              common/libcommon.a(main.o) (find_cmd)
common/libcommon.a(console.o)
                              cpu/arm920t/libarm920t.a(interrupts.o) (printf)
common/libcommon.a(devices.o)
                              lib_arm/libarm.a(board.o) (devices_init)
common/libcommon.a(dlmalloc.o)
                              common/libcommon.a(cmd_autoscript.o) (free)
common/libcommon.a(env_common.o)
                              common/libcommon.a(cmd_nvedit.o) (env_crc_update)
common/libcommon.a(env_flash.o)
                              common/libcommon.a(env_common.o) (env_get_char_spec)
common/libcommon.a(exports.o)
                              lib_arm/libarm.a(board.o) (jumptable_init)
common/libcommon.a(flash.o)   common/libcommon.a(cmd_load.o) (addr2info)
common/libcommon.a(lists.o)   common/libcommon.a(devices.o) (ListCreate)
common/libcommon.a(s_record.o)
                              common/libcommon.a(cmd_load.o) (srec_decode)
common/libcommon.a(xyzModem.o)
                              common/libcommon.a(cmd_load.o) (xyzModem_stream_open)
common/libcommon.a(crc16.o)   common/libcommon.a(xyzModem.o) (cyg_crc16)
lib_generic/libgeneric.a(crc32.o)
                              common/libcommon.a(cmd_autoscript.o) (crc32)
lib_generic/libgeneric.a(display_options.o)
                              lib_arm/libarm.a(board.o) (print_size)
lib_generic/libgeneric.a(string.o)
                              net/libnet.a(net.o) (strcpy)
lib_generic/libgeneric.a(vsprintf.o)
                              lib_arm/libarm.a(board.o) (simple_strtoul)
lib_generic/libgeneric.a(zlib.o)
                              common/libcommon.a(cmd_bootm.o) (inflateEnd)
lib_generic/libgeneric.a(ctype.o)
                              lib_generic/libgeneric.a(vsprintf.o) (_ctype)
board/mini2440/libmini2440.a(mini2440.o)
                              lib_arm/libarm.a(board.o) (board_init)
board/mini2440/libmini2440.a(flash.o)
                              lib_arm/libarm.a(board.o) (flash_init)
cpu/arm920t/libarm920t.a(cpu.o)
                              lib_arm/libarm.a(board.o) (cpu_init)
cpu/arm920t/s3c24x0/libs3c24x0.a(serial.o)
                              common/libcommon.a(cmd_load.o) (serial_setbrg)
[...]
Memory Configuration

Name             Origin             Length             Attributes
*default*        0x0000000000000000 0xffffffffffffffff

Linker script and memory map

                0x0000000000000000                . = 0x0
                0x0000000000000000                . = ALIGN (0x4)

.text           0x0000000033f80000    0x10b70
 cpu/arm920t/start.o(.text)
 .text          0x0000000033f80000      0x3e8 cpu/arm920t/start.o
                0x0000000033f80000                _start
                0x0000000033f80044                _armboot_start
                0x0000000033f80048                _bss_start
                0x0000000033f8004c                _bss_end
 *(.text)
 .text          0x0000000033f803e8       0x64 board/mini2440/libmini2440.a(lowlevel_init.o)
                0x0000000033f803ec                lowlevel_init
 .text          0x0000000033f8044c      0x260 cpu/arm920t/libarm920t.a(interrupts.o)
                0x0000000033f8044c                enable_interrupts
                0x0000000033f80450                disable_interrupts
                0x0000000033f80458                bad_mode
                0x0000000033f80474                show_regs
                0x0000000033f805b0                do_undefined_instruction
                0x0000000033f805d4                do_software_interrupt
                0x0000000033f805f8                do_prefetch_abort
                0x0000000033f8061c                do_data_abort
                0x0000000033f80640                do_not_used
                0x0000000033f80664                do_fiq
                0x0000000033f80688                do_irq
 .text          0x0000000033f806ac      0x204 cpu/arm920t/s3c24x0/libs3c24x0.a(interrupts.o)
                0x0000000033f806ac                interrupt_init
                0x0000000033f8071c                set_timer
                0x0000000033f8072c                reset_timer_masked
                0x0000000033f80754                reset_timer
                0x0000000033f80758                get_timer_masked
                0x0000000033f80798                get_timer
                0x0000000033f807ac                udelay
                0x0000000033f80800                udelay_masked
                0x0000000033f80874                get_ticks
                0x0000000033f80884                get_tbclk
                0x0000000033f80890                reset_cpu
 .text          0x0000000033f808b0      0x1a8 cpu/arm920t/s3c24x0/libs3c24x0.a(speed.o)
                0x0000000033f80918                get_FCLK
                0x0000000033f80920                get_HCLK
                0x0000000033f809b0                get_PCLK
                0x0000000033f80a50                get_UCLK
 .text          0x0000000033f80a58       0x98 lib_arm/libarm.a(_udivsi3.o)
                0x0000000033f80a58                __udivsi3
 .text          0x0000000033f80af0      0x2c4 lib_arm/libarm.a(board.o)
                0x0000000033f80b94                sbrk
                0x0000000033f80bd0                hang
                0x0000000033f80be4                start_armboot
 .text          0x0000000033f80db4        0x4 lib_arm/libarm.a(div0.o)
                0x0000000033f80db4                __div0
 .text          0x0000000033f80db8     0x10e0 net/libnet.a(net.o)
                0x0000000033f80dd0                NetStartAgain
                0x0000000033f80e5c                NetSetHandler
                0x0000000033f80e6c                NetSetTimeout
                0x0000000033f80ea4                NetSendPacket
                0x0000000033f80ea8                NetCksum
                0x0000000033f80edc                NetCksumOk
                0x0000000033f80f00                NetEthHdrSize
                0x0000000033f80f40                NetSetEther
                0x0000000033f80fe8                ArpRequest
                0x0000000033f810e4                ArpTimeoutCheck
                0x0000000033f81158                NetSetIP
                0x0000000033f81294                NetSendUDPPacket
                0x0000000033f813cc                copy_filename
                0x0000000033f81410                ip_to_string
                0x0000000033f81470                string_to_ip
                0x0000000033f814f0                VLAN_to_string
                0x0000000033f81540                string_to_VLAN
                0x0000000033f81598                print_IPaddr
                0x0000000033f815b4                NetReceive
                0x0000000033f81ae0                getenv_IPaddr
                0x0000000033f81af0                getenv_VLAN
                0x0000000033f81b00                NetLoop
 .text          0x0000000033f81e98      0x600 net/libnet.a(tftp.o)
                0x0000000033f822ac                TftpStart
 .text          0x0000000033f82498      0x650 net/libnet.a(bootp.o)
                0x0000000033f82854                BootpRequest
 .text          0x0000000033f82ae8      0x198 net/libnet.a(rarp.o)
                0x0000000033f82b40                RarpRequest
 .text          0x0000000033f82c80        0x8 net/libnet.a(eth.o)
                0x0000000033f82c80                eth_initialize
 .text          0x0000000033f82c88      0xdc8 net/libnet.a(nfs.o)
                0x0000000033f8382c                NfsStart
 .text          0x0000000033f83a50      0x5f4 drivers/libdrivers.a(cs8900.o)
                0x0000000033f83b9c                cs8900_get_enetaddr
                0x0000000033f83d98                eth_halt
                0x0000000033f83db8                eth_init
                0x0000000033f83e4c                eth_rx
                0x0000000033f83ed0                eth_send
                0x0000000033f83fa0                cs8900_e2prom_read
                0x0000000033f83fe4                cs8900_e2prom_write
 .text          0x0000000033f84044      0x8e4 common/libcommon.a(main.o)
                0x0000000033f84118                readline
                0x0000000033f842f0                run_command
                0x0000000033f8474c                main_loop
                0x0000000033f848a8                do_run
 .text          0x0000000033f84928      0x21c common/libcommon.a(cmd_autoscript.o)
                0x0000000033f8494c                autoscript
                0x0000000033f84b04                do_autoscript
 .text          0x0000000033f84b44       0xe8 common/libcommon.a(cmd_bdinfo.o)
                0x0000000033f84b44                do_bdinfo
 .text          0x0000000033f84c2c       0x80 common/libcommon.a(cmd_boot.o)
                0x0000000033f84c2c                do_go
 .text          0x0000000033f84cac      0xb74 common/libcommon.a(cmd_bootm.o)
                0x0000000033f84ce0                do_bootd
                0x0000000033f84d0c                print_image_hdr
                0x0000000033f84fa0                do_iminfo
                0x0000000033f85120                gunzip
                0x0000000033f85278                do_bootm
 .text          0x0000000033f85820      0x140 common/libcommon.a(cmd_cache.o)
                0x0000000033f85860                do_icache
                0x0000000033f858e0                do_dcache
 .text          0x0000000033f85960       0xd0 common/libcommon.a(cmd_console.o)
                0x0000000033f85960                do_coninfo
 .text          0x0000000033f85a30      0x318 common/libcommon.a(cmd_date.o)
                0x0000000033f85a74                mk_date
                0x0000000033f85c48                do_date
 .text          0x0000000033f85d48      0x384 common/libcommon.a(cmd_elf.o)
                0x0000000033f85d48                valid_elf_image
                0x0000000033f85d94                load_elf_image
                0x0000000033f85ea0                do_bootelf
                0x0000000033f85f40                do_bootvx
 .text          0x0000000033f860cc      0xa5c common/libcommon.a(cmd_flash.o)
                0x0000000033f864f0                do_flinfo
                0x0000000033f86550                flash_sect_erase
                0x0000000033f86618                do_flerase
                0x0000000033f867ac                flash_sect_protect
                0x0000000033f86894                do_protect
 .text          0x0000000033f86b28      0x2e0 common/libcommon.a(cmd_itest.o)
                0x0000000033f86b70                binary_test
                0x0000000033f86d70                do_itest
 .text          0x0000000033f86e08      0xcec common/libcommon.a(cmd_load.o)
                0x0000000033f871d0                do_load_serial
                0x0000000033f872a8                send_pad
                0x0000000033f872d8                ktrans
                0x0000000033f87304                chk1
                0x0000000033f8732c                s1_sendpacket
                0x0000000033f87354                send_ack
                0x0000000033f873b4                send_nack
                0x0000000033f87414                k_data_init
                0x0000000033f8742c                k_data_save
                0x0000000033f87458                k_data_restore
                0x0000000033f87484                k_data_char
                0x0000000033f874dc                handle_send_packet
                0x0000000033f8769c                do_load_serial_bin
 .text          0x0000000033f87af4      0xad8 common/libcommon.a(cmd_mem.o)
                0x0000000033f87af4                do_mem_base
                0x0000000033f87b34                do_mem_mtest
                0x0000000033f87c50                do_mem_crc
                0x0000000033f87d04                cmd_get_data_size
                0x0000000033f87d60                do_mem_md
                0x0000000033f880c8                do_mem_mm
                0x0000000033f880f4                do_mem_nm
                0x0000000033f88120                do_mem_mw
                0x0000000033f881e8                do_mem_cmp
                0x0000000033f8839c                do_mem_cp
                0x0000000033f884d4                do_mem_loop
 .text          0x0000000033f885cc       0x90 common/libcommon.a(cmd_misc.o)
                0x0000000033f885cc                do_sleep
 .text          0x0000000033f8865c      0x2c0 common/libcommon.a(cmd_net.o)
                0x0000000033f888ec                do_bootp
                0x0000000033f888f8                do_tftpb
                0x0000000033f88904                do_rarpb
                0x0000000033f88910                do_nfs
 .text          0x0000000033f8891c      0x884 common/libcommon.a(cmd_nvedit.o)
                0x0000000033f88998                do_printenv
                0x0000000033f88b30                do_saveenv
                0x0000000033f88b5c                _do_setenv
                0x0000000033f88fd4                do_setenv
                0x0000000033f89008                setenv
                0x0000000033f89038                getenv
                0x0000000033f890bc                getenv_r
 .text          0x0000000033f891a0      0x2f4 common/libcommon.a(command.o)
                0x0000000033f891a0                do_version
                0x0000000033f891c0                do_echo
                0x0000000033f8924c                find_cmd
                0x0000000033f892e4                do_help
 .text          0x0000000033f89494      0x524 common/libcommon.a(console.o)
                0x0000000033f8953c                serial_printf
                0x0000000033f89574                fgetc
                0x0000000033f89594                ftstc
                0x0000000033f895b4                fputc
                0x0000000033f895d8                fputs
                0x0000000033f895f8                fprintf
                0x0000000033f89638                getc
                0x0000000033f8964c                tstc
                0x0000000033f89660                putc
                0x0000000033f89684                puts
                0x0000000033f896a4                printf
                0x0000000033f896dc                vprintf
                0x0000000033f89704                ctrlc
                0x0000000033f89754                disable_ctrlc
                0x0000000033f8976c                had_ctrlc
                0x0000000033f8977c                clear_ctrlc
                0x0000000033f89790                console_assign
                0x0000000033f89828                console_init_f
                0x0000000033f89838                console_init_r
 .text          0x0000000033f899b8       0xe8 common/libcommon.a(devices.o)
                0x0000000033f899b8                device_register
                0x0000000033f899dc                devices_init
                0x0000000033f89a84                devices_done
 .text          0x0000000033f89aa0     0x1050 common/libcommon.a(dlmalloc.o)
                0x0000000033f89aa0                malloc_bin_reloc
                0x0000000033f89adc                malloc_trim
                0x0000000033f89b9c                free
                0x0000000033f89dcc                malloc
                0x0000000033f8a3a0                calloc
                0x0000000033f8a470                realloc
                0x0000000033f8a92c                memalign
                0x0000000033f8aa34                valloc
                0x0000000033f8aa40                pvalloc
                0x0000000033f8aa58                cfree
                0x0000000033f8aa5c                malloc_usable_size
                0x0000000033f8aa98                mallopt
 .text          0x0000000033f8aaf0      0x114 common/libcommon.a(env_common.o)
                0x0000000033f8ab0c                env_get_char_memory
                0x0000000033f8ab2c                env_crc_update
                0x0000000033f8ab58                env_get_addr
                0x0000000033f8ab78                env_relocate
 .text          0x0000000033f8ac04      0x130 common/libcommon.a(env_flash.o)
                0x0000000033f8ac04                env_get_char_spec
                0x0000000033f8ac10                env_init
                0x0000000033f8ac74                saveenv
                0x0000000033f8ad1c                env_relocate_spec
 .text          0x0000000033f8ad34       0xc8 common/libcommon.a(exports.o)
                0x0000000033f8ad38                get_version
                0x0000000033f8ad40                jumptable_init
 .text          0x0000000033f8adfc      0x350 common/libcommon.a(flash.o)
                0x0000000033f8adfc                flash_protect
                0x0000000033f8aee0                addr2info
                0x0000000033f8af2c                flash_write
                0x0000000033f8b078                flash_perror
 .text          0x0000000033f8b14c      0x3a4 common/libcommon.a(lists.o)
                0x0000000033f8b14c                NewHandle
                0x0000000033f8b1a8                DisposeHandle
                0x0000000033f8b1cc                GetHandleSize
                0x0000000033f8b1d4                SetHandleSize
                0x0000000033f8b248                ListCreate
                0x0000000033f8b2a8                ListSetAllocationPolicy
                0x0000000033f8b2bc                ListDispose
                0x0000000033f8b2c0                ListInsertItems
                0x0000000033f8b458                ListInsertItem
                0x0000000033f8b460                ListGetItems
                0x0000000033f8b4a0                ListGetPtrToItem
                0x0000000033f8b4cc                ListGetDataPtr
                0x0000000033f8b4d8                ListGetItemSize
                0x0000000033f8b4e4                ListNumItems
 .text          0x0000000033f8b4f0      0x2d0 common/libcommon.a(s_record.o)
                0x0000000033f8b568                srec_decode
 .text          0x0000000033f8b7c0      0x8c8 common/libcommon.a(xyzModem.o)
                0x0000000033f8b7c0                CYGACC_COMM_IF_GETC_TIMEOUT
                0x0000000033f8babc                CYGACC_COMM_IF_PUTC
                0x0000000033f8bac4                parse_num
                0x0000000033f8bbe4                xyzModem_stream_open
                0x0000000033f8bd24                xyzModem_stream_read
                0x0000000033f8bf7c                xyzModem_stream_close
                0x0000000033f8bfd0                xyzModem_stream_terminate
                0x0000000033f8c068                xyzModem_error
 .text          0x0000000033f8c088       0x48 common/libcommon.a(crc16.o)
                0x0000000033f8c088                cyg_crc16
 .text          0x0000000033f8c0d0      0x10c lib_generic/libgeneric.a(crc32.o)
                0x0000000033f8c0d0                crc32
 .text          0x0000000033f8c1dc       0xbc lib_generic/libgeneric.a(display_options.o)
                0x0000000033f8c1dc                display_options
                0x0000000033f8c1fc                print_size
 .text          0x0000000033f8c298      0x524 lib_generic/libgeneric.a(string.o)
                0x0000000033f8c298                strcpy
                0x0000000033f8c2b0                strncpy
                0x0000000033f8c2d4                strcat
                0x0000000033f8c304                strncat
                0x0000000033f8c358                strcmp
                0x0000000033f8c380                strncmp
                0x0000000033f8c3bc                strchr
                0x0000000033f8c3e8                strlen
                0x0000000033f8c408                strrchr
                0x0000000033f8c444                strnlen
                0x0000000033f8c470                strdup
                0x0000000033f8c4b0                strspn
                0x0000000033f8c4ec                strpbrk
                0x0000000033f8c528                strtok
                0x0000000033f8c5ac                strsep
                0x0000000033f8c5e4                strswab
                0x0000000033f8c62c                memset
                0x0000000033f8c644                bcopy
                0x0000000033f8c668                memcpy
                0x0000000033f8c684                memmove
                0x0000000033f8c6c4                memcmp
                0x0000000033f8c6f4                memscan
                0x0000000033f8c720                strstr
                0x0000000033f8c78c                memchr
 .text          0x0000000033f8c7bc      0x750 lib_generic/libgeneric.a(vsprintf.o)
                0x0000000033f8ca10                simple_strtoul
                0x0000000033f8cac8                simple_strtol
                0x0000000033f8cae8                vsprintf
                0x0000000033f8ce94                sprintf
                0x0000000033f8cebc                panic
 .text          0x0000000033f8cf0c     0x2870 lib_generic/libgeneric.a(zlib.o)
                0x0000000033f8d5e8                adler32
                0x0000000033f8d99c                inflateReset
                0x0000000033f8da00                inflateEnd
                0x0000000033f8da9c                inflateInit2
                0x0000000033f8dbe8                inflateInit
                0x0000000033f8dbf0                inflate
                0x0000000033f8f54c                inflateIncomp
                0x0000000033f8f684                inflateSync
 .text          0x0000000033f8f77c        0x0 lib_generic/libgeneric.a(ctype.o)
 .text          0x0000000033f8f77c      0x1ac board/mini2440/libmini2440.a(mini2440.o)
                0x0000000033f8f77c                board_init
                0x0000000033f8f908                dram_init
 .text          0x0000000033f8f928      0x618 board/mini2440/libmini2440.a(flash.o)
                0x0000000033f8fa0c                flash_init
                0x0000000033f8fae4                flash_print_info
                0x0000000033f8fbec                flash_erase
                0x0000000033f8fddc                write_buff
 .text          0x0000000033f8ff40       0xf8 cpu/arm920t/libarm920t.a(cpu.o)
                0x0000000033f8ff74                cpu_init
                0x0000000033f8ff7c                cleanup_before_linux
                0x0000000033f8ffa0                do_reset
                0x0000000033f8ffb8                icache_enable
                0x0000000033f8ffd0                icache_disable
                0x0000000033f8ffe8                icache_status
                0x0000000033f8fff8                dcache_enable
                0x0000000033f90010                dcache_disable
                0x0000000033f90028                dcache_status
 .text          0x0000000033f90038       0xd0 cpu/arm920t/s3c24x0/libs3c24x0.a(serial.o)
                0x0000000033f90038                serial_setbrg
                0x0000000033f90080                serial_init
                0x0000000033f90090                serial_getc
                0x0000000033f900ac                serial_putc
                0x0000000033f900d8                serial_tstc
                0x0000000033f900e8                serial_puts
 *fill*         0x0000000033f90108       0x18 
 .text          0x0000000033f90120      0x128 lib_arm/libarm.a(_divsi3.o)
                0x0000000033f90120                __divsi3
 *fill*         0x0000000033f90248       0x18 
 .text          0x0000000033f90260       0xe4 lib_arm/libarm.a(_modsi3.o)
                0x0000000033f90260                __modsi3
 .text          0x0000000033f90344       0xb4 lib_arm/libarm.a(_umodsi3.o)
                0x0000000033f90344                __umodsi3
 .text          0x0000000033f903f8      0x200 lib_arm/libarm.a(armlinux.o)
                0x0000000033f9041c                do_bootm_linux
 .text          0x0000000033f905f8        0x4 lib_arm/libarm.a(cache.o)
                0x0000000033f905f8                flush_cache
 .text          0x0000000033f905fc      0x280 rtc/librtc.a(date.o)
                0x0000000033f905fc                GregorianDay
                0x0000000033f906e4                to_tm
                0x0000000033f907e4                mktime
 .text          0x0000000033f9087c      0x2f4 rtc/librtc.a(s3c24x0_rtc.o)
                0x0000000033f9087c                rtc_get
                0x0000000033f909d4                rtc_set
                0x0000000033f90b4c                rtc_reset

.glue_7         0x0000000033f90b70        0x0
 .glue_7        0x0000000033f90b70        0x0 linker stubs

.glue_7t        0x0000000033f90b70        0x0
 .glue_7t       0x0000000033f90b70        0x0 linker stubs

.vfp11_veneer   0x0000000033f90b70        0x0
 .vfp11_veneer  0x0000000033f90b70        0x0 linker stubs

.v4_bx          0x0000000033f90b70        0x0
 .v4_bx         0x0000000033f90b70        0x0 linker stubs

.iplt           0x0000000033f90b70        0x0
 .iplt          0x0000000033f90b70        0x0 cpu/arm920t/start.o
                0x0000000033f90b70                . = ALIGN (0x4)

.rodata         0x0000000033f90b70      0x880
 *(.rodata)
 .rodata        0x0000000033f90b70       0x80 cpu/arm920t/libarm920t.a(interrupts.o)
 .rodata        0x0000000033f90bf0       0x36 lib_arm/libarm.a(board.o)
                0x0000000033f90bf0                version_string
 .rodata        0x0000000033f90c26        0x7 net/libnet.a(net.o)
 .rodata        0x0000000033f90c2d        0x7 drivers/libdrivers.a(cs8900.o)
 .rodata        0x0000000033f90c34       0xc4 common/libcommon.a(cmd_bootm.o)
 .rodata        0x0000000033f90cf8       0x16 common/libcommon.a(cmd_mem.o)
 *fill*         0x0000000033f90d0e        0x2 
 .rodata        0x0000000033f90d10       0x20 common/libcommon.a(xyzModem.o)
 .rodata        0x0000000033f90d30      0x200 common/libcommon.a(crc16.o)
 .rodata        0x0000000033f90f30      0x400 lib_generic/libgeneric.a(crc32.o)
 .rodata        0x0000000033f91330       0x90 lib_generic/libgeneric.a(zlib.o)
 .rodata        0x0000000033f913c0       0x30 rtc/librtc.a(date.o)

.rodata.str1.1  0x0000000033f913f0     0x3841
 .rodata.str1.1
                0x0000000033f913f0      0x264 cpu/arm920t/libarm920t.a(interrupts.o)
                                        0x27b (size before relaxing)
 .rodata.str1.1
                0x0000000033f91654       0x6b lib_arm/libarm.a(board.o)
                                         0x6d (size before relaxing)
 .rodata.str1.1
                0x0000000033f916bf      0x197 net/libnet.a(net.o)
                                        0x19f (size before relaxing)
 .rodata.str1.1
                0x0000000033f91856      0x177 net/libnet.a(tftp.o)
                                        0x1b5 (size before relaxing)
 .rodata.str1.1
                0x0000000033f919cd       0x7d net/libnet.a(bootp.o)
                                         0xad (size before relaxing)
 .rodata.str1.1
                0x0000000033f91a4a       0x13 net/libnet.a(rarp.o)
                                         0x47 (size before relaxing)
 .rodata.str1.1
                0x0000000033f91a5d       0xed net/libnet.a(nfs.o)
                                        0x16c (size before relaxing)
 .rodata.str1.1
                0x0000000033f91b4a       0xc8 drivers/libdrivers.a(cs8900.o)
                                         0xd0 (size before relaxing)
 .rodata.str1.1
                0x0000000033f91c12       0xf4 common/libcommon.a(main.o)
 .rodata.str1.1
                0x0000000033f91d06       0xec common/libcommon.a(cmd_autoscript.o)
 .rodata.str1.1
                0x0000000033f91df2       0xb2 common/libcommon.a(cmd_bdinfo.o)
 .rodata.str1.1
                0x0000000033f91ea4      0x106 common/libcommon.a(cmd_boot.o)
                                        0x111 (size before relaxing)
 .rodata.str1.1
                0x0000000033f91faa      0x7f7 common/libcommon.a(cmd_bootm.o)
                                        0x85c (size before relaxing)
 .rodata.str1.1
                0x0000000033f927a1      0x118 common/libcommon.a(cmd_cache.o)
                                        0x12a (size before relaxing)
 .rodata.str1.1
                0x0000000033f928b9       0x6b common/libcommon.a(cmd_console.o)
                                         0x6c (size before relaxing)
 .rodata.str1.1
                0x0000000033f92924      0x159 common/libcommon.a(cmd_date.o)
                                        0x16a (size before relaxing)
 .rodata.str1.1
                0x0000000033f92a7d      0x2b1 common/libcommon.a(cmd_elf.o)
                                        0x2c3 (size before relaxing)
 .rodata.str1.1
                0x0000000033f92d2e      0x745 common/libcommon.a(cmd_flash.o)
                                        0x75d (size before relaxing)
 .rodata.str1.1
                0x0000000033f93473       0xbd common/libcommon.a(cmd_itest.o)
                                         0xca (size before relaxing)
 .rodata.str1.1
                0x0000000033f93530      0x35c common/libcommon.a(cmd_load.o)
                                        0x376 (size before relaxing)
 .rodata.str1.1
                0x0000000033f9388c      0x5c4 common/libcommon.a(cmd_mem.o)
                                        0x5e8 (size before relaxing)
 .rodata.str1.1
                0x0000000033f93e50       0x6b common/libcommon.a(cmd_misc.o)
                                         0x76 (size before relaxing)
 .rodata.str1.1
                0x0000000033f93ebb      0x191 common/libcommon.a(cmd_net.o)
                                        0x1d1 (size before relaxing)
 .rodata.str1.1
                0x0000000033f9404c      0x304 common/libcommon.a(cmd_nvedit.o)
                                        0x387 (size before relaxing)
 .rodata.str1.1
                0x0000000033f94350      0x25e common/libcommon.a(command.o)
                                        0x268 (size before relaxing)
 .rodata.str1.1
                0x0000000033f945ae       0x70 common/libcommon.a(console.o)
                                         0x74 (size before relaxing)
 .rodata.str1.1
                0x0000000033f9461e       0x2f common/libcommon.a(devices.o)
                                         0x43 (size before relaxing)
 .rodata.str1.1
                0x0000000033f9464d       0x33 common/libcommon.a(env_common.o)
 .rodata.str1.1
                0x0000000033f94680       0x2c common/libcommon.a(env_flash.o)
                                         0x32 (size before relaxing)
 .rodata.str1.1
                0x0000000033f946ac      0x10c common/libcommon.a(flash.o)
 .rodata.str1.1
                0x0000000033f947b8       0xe3 common/libcommon.a(xyzModem.o)
                                         0xe5 (size before relaxing)
 .rodata.str1.1
                0x0000000033f9489b       0x11 lib_generic/libgeneric.a(display_options.o)
                                         0x18 (size before relaxing)
 .rodata.str1.1
                0x0000000033f948ac       0x51 lib_generic/libgeneric.a(vsprintf.o)
 .rodata.str1.1
                0x0000000033f948fd      0x1f3 lib_generic/libgeneric.a(zlib.o)
                                        0x1f4 (size before relaxing)
 .rodata.str1.1
                0x0000000033f94af0       0xe7 board/mini2440/libmini2440.a(flash.o)
                                         0xe9 (size before relaxing)
 .rodata.str1.1
                0x0000000033f94bd7       0x5a lib_arm/libarm.a(armlinux.o)
                                         0xae (size before relaxing)

.rel.dyn        0x0000000033f94c34        0x0
 .rel.iplt      0x0000000033f94c34        0x0 cpu/arm920t/start.o
                0x0000000033f94c34                . = ALIGN (0x4)

.data           0x0000000033f94c34      0x89c
 *(.data)
 .data          0x0000000033f94c34        0x0 cpu/arm920t/start.o
 .data          0x0000000033f94c34        0x0 board/mini2440/libmini2440.a(lowlevel_init.o)
 .data          0x0000000033f94c34        0x0 cpu/arm920t/libarm920t.a(interrupts.o)
 .data          0x0000000033f94c34        0x0 cpu/arm920t/s3c24x0/libs3c24x0.a(interrupts.o)
 .data          0x0000000033f94c34        0x0 cpu/arm920t/s3c24x0/libs3c24x0.a(speed.o)
 .data          0x0000000033f94c34        0x0 lib_arm/libarm.a(_udivsi3.o)
 .data          0x0000000033f94c34       0x2c lib_arm/libarm.a(board.o)
                0x0000000033f94c34                init_sequence
 .data          0x0000000033f94c60        0x0 lib_arm/libarm.a(div0.o)
 .data          0x0000000033f94c60        0xa net/libnet.a(net.o)
                0x0000000033f94c60                NetOurVLAN
                0x0000000033f94c62                NetBcastAddr
                0x0000000033f94c68                NetOurNativeVLAN
 .data          0x0000000033f94c6a        0x0 net/libnet.a(tftp.o)
 .data          0x0000000033f94c6a        0x0 net/libnet.a(bootp.o)
 .data          0x0000000033f94c6a        0x0 net/libnet.a(rarp.o)
 .data          0x0000000033f94c6a        0x0 net/libnet.a(eth.o)
 *fill*         0x0000000033f94c6a        0x2 
 .data          0x0000000033f94c6c        0x4 net/libnet.a(nfs.o)
 .data          0x0000000033f94c70        0x0 drivers/libdrivers.a(cs8900.o)
 .data          0x0000000033f94c70        0xd common/libcommon.a(main.o)
 .data          0x0000000033f94c7d        0x0 common/libcommon.a(cmd_autoscript.o)
 .data          0x0000000033f94c7d        0x0 common/libcommon.a(cmd_bdinfo.o)
 .data          0x0000000033f94c7d        0x0 common/libcommon.a(cmd_boot.o)
 *fill*         0x0000000033f94c7d        0x3 
 .data          0x0000000033f94c80        0x4 common/libcommon.a(cmd_bootm.o)
                0x0000000033f94c80                load_addr
 .data          0x0000000033f94c84        0x0 common/libcommon.a(cmd_cache.o)
 .data          0x0000000033f94c84        0x0 common/libcommon.a(cmd_console.o)
 .data          0x0000000033f94c84       0x1c common/libcommon.a(cmd_date.o)
                0x0000000033f94c84                weekdays
 .data          0x0000000033f94ca0        0x0 common/libcommon.a(cmd_elf.o)
 .data          0x0000000033f94ca0        0x0 common/libcommon.a(cmd_flash.o)
 .data          0x0000000033f94ca0       0x68 common/libcommon.a(cmd_itest.o)
                0x0000000033f94ca0                op_table
 .data          0x0000000033f94d08        0x4 common/libcommon.a(cmd_load.o)
 .data          0x0000000033f94d0c        0x4 common/libcommon.a(cmd_mem.o)
                0x0000000033f94d0c                dp_last_length
 .data          0x0000000033f94d10        0x0 common/libcommon.a(cmd_misc.o)
 .data          0x0000000033f94d10        0x0 common/libcommon.a(cmd_net.o)
 .data          0x0000000033f94d10        0x0 common/libcommon.a(cmd_nvedit.o)
 .data          0x0000000033f94d10        0x0 common/libcommon.a(command.o)
 .data          0x0000000033f94d10        0x0 common/libcommon.a(console.o)
 .data          0x0000000033f94d10        0xc common/libcommon.a(devices.o)
                0x0000000033f94d10                stdio_names
 .data          0x0000000033f94d1c      0x410 common/libcommon.a(dlmalloc.o)
 .data          0x0000000033f9512c       0x5c common/libcommon.a(env_common.o)
                0x0000000033f9512c                default_environment
                0x0000000033f95184                env_get_char
 .data          0x0000000033f95188        0x8 common/libcommon.a(env_flash.o)
                0x0000000033f95188                env_ptr
                0x0000000033f9518c                env_name_spec
 .data          0x0000000033f95190        0x0 common/libcommon.a(exports.o)
 .data          0x0000000033f95190        0x0 common/libcommon.a(flash.o)
 .data          0x0000000033f95190        0x0 common/libcommon.a(lists.o)
 .data          0x0000000033f95190        0x0 common/libcommon.a(s_record.o)
 .data          0x0000000033f95190        0x0 common/libcommon.a(xyzModem.o)
 .data          0x0000000033f95190        0x0 common/libcommon.a(crc16.o)
 .data          0x0000000033f95190        0x0 lib_generic/libgeneric.a(crc32.o)
 .data          0x0000000033f95190        0x0 lib_generic/libgeneric.a(display_options.o)
 .data          0x0000000033f95190        0x0 lib_generic/libgeneric.a(string.o)
 .data          0x0000000033f95190        0x0 lib_generic/libgeneric.a(vsprintf.o)
 .data          0x0000000033f95190      0x210 lib_generic/libgeneric.a(zlib.o)
                0x0000000033f9537c                z_errmsg
                0x0000000033f9539c                zlib_version
 .data          0x0000000033f953a0      0x100 lib_generic/libgeneric.a(ctype.o)
                0x0000000033f953a0                _ctype
 .data          0x0000000033f954a0        0x0 board/mini2440/libmini2440.a(mini2440.o)
 .data          0x0000000033f954a0        0x0 board/mini2440/libmini2440.a(flash.o)
 .data          0x0000000033f954a0        0x0 cpu/arm920t/libarm920t.a(cpu.o)
 .data          0x0000000033f954a0        0x0 cpu/arm920t/s3c24x0/libs3c24x0.a(serial.o)
 .data          0x0000000033f954a0        0x0 lib_arm/libarm.a(_divsi3.o)
 .data          0x0000000033f954a0        0x0 lib_arm/libarm.a(_modsi3.o)
 .data          0x0000000033f954a0        0x0 lib_arm/libarm.a(_umodsi3.o)
 .data          0x0000000033f954a0        0x0 lib_arm/libarm.a(armlinux.o)
 .data          0x0000000033f954a0        0x0 lib_arm/libarm.a(cache.o)
 .data          0x0000000033f954a0       0x30 rtc/librtc.a(date.o)
 .data          0x0000000033f954d0        0x0 rtc/librtc.a(s3c24x0_rtc.o)

.igot.plt       0x0000000033f954d0        0x0
 .igot.plt      0x0000000033f954d0        0x0 cpu/arm920t/start.o
                0x0000000033f954d0                . = ALIGN (0x4)

.got
 *(.got)
                0x0000000033f954d0                . = .
                0x0000000033f954d0                __u_boot_cmd_start = .

.u_boot_cmd     0x0000000033f954d0      0x438
 *(.u_boot_cmd)
 .u_boot_cmd    0x0000000033f954d0       0x18 common/libcommon.a(cmd_autoscript.o)
                0x0000000033f954d0                __u_boot_cmd_autoscr
 .u_boot_cmd    0x0000000033f954e8       0x18 common/libcommon.a(cmd_bdinfo.o)
                0x0000000033f954e8                __u_boot_cmd_bdinfo
 .u_boot_cmd    0x0000000033f95500       0x30 common/libcommon.a(cmd_boot.o)
                0x0000000033f95500                __u_boot_cmd_reset
                0x0000000033f95518                __u_boot_cmd_go
 .u_boot_cmd    0x0000000033f95530       0x78 common/libcommon.a(cmd_bootm.o)
                0x0000000033f95530                __u_boot_cmd_imls
                0x0000000033f95548                __u_boot_cmd_iminfo
                0x0000000033f95560                __u_boot_cmd_bootd
                0x0000000033f95578                __u_boot_cmd_boot
                0x0000000033f95590                __u_boot_cmd_bootm
 .u_boot_cmd    0x0000000033f955a8       0x30 common/libcommon.a(cmd_cache.o)
                0x0000000033f955a8                __u_boot_cmd_dcache
                0x0000000033f955c0                __u_boot_cmd_icache
 .u_boot_cmd    0x0000000033f955d8       0x18 common/libcommon.a(cmd_console.o)
                0x0000000033f955d8                __u_boot_cmd_coninfo
 .u_boot_cmd    0x0000000033f955f0       0x18 common/libcommon.a(cmd_date.o)
                0x0000000033f955f0                __u_boot_cmd_date
 .u_boot_cmd    0x0000000033f95608       0x30 common/libcommon.a(cmd_elf.o)
                0x0000000033f95608                __u_boot_cmd_bootvx
                0x0000000033f95620                __u_boot_cmd_bootelf
 .u_boot_cmd    0x0000000033f95638       0x48 common/libcommon.a(cmd_flash.o)
                0x0000000033f95638                __u_boot_cmd_protect
                0x0000000033f95650                __u_boot_cmd_erase
                0x0000000033f95668                __u_boot_cmd_flinfo
 .u_boot_cmd    0x0000000033f95680       0x18 common/libcommon.a(cmd_itest.o)
                0x0000000033f95680                __u_boot_cmd_itest
 .u_boot_cmd    0x0000000033f95698       0x48 common/libcommon.a(cmd_load.o)
                0x0000000033f95698                __u_boot_cmd_loady
                0x0000000033f956b0                __u_boot_cmd_loadb
                0x0000000033f956c8                __u_boot_cmd_loads
 .u_boot_cmd    0x0000000033f956e0       0xf0 common/libcommon.a(cmd_mem.o)
                0x0000000033f956e0                __u_boot_cmd_mtest
                0x0000000033f956f8                __u_boot_cmd_loop
                0x0000000033f95710                __u_boot_cmd_base
                0x0000000033f95728                __u_boot_cmd_crc32
                0x0000000033f95740                __u_boot_cmd_cmp
                0x0000000033f95758                __u_boot_cmd_cp
                0x0000000033f95770                __u_boot_cmd_mw
                0x0000000033f95788                __u_boot_cmd_nm
                0x0000000033f957a0                __u_boot_cmd_mm
                0x0000000033f957b8                __u_boot_cmd_md
 .u_boot_cmd    0x0000000033f957d0       0x18 common/libcommon.a(cmd_misc.o)
                0x0000000033f957d0                __u_boot_cmd_sleep
 .u_boot_cmd    0x0000000033f957e8       0x60 common/libcommon.a(cmd_net.o)
                0x0000000033f957e8                __u_boot_cmd_nfs
                0x0000000033f95800                __u_boot_cmd_rarpboot
                0x0000000033f95818                __u_boot_cmd_tftpboot
                0x0000000033f95830                __u_boot_cmd_bootp
 .u_boot_cmd    0x0000000033f95848       0x60 common/libcommon.a(cmd_nvedit.o)
                0x0000000033f95848                __u_boot_cmd_run
                0x0000000033f95860                __u_boot_cmd_saveenv
                0x0000000033f95878                __u_boot_cmd_setenv
                0x0000000033f95890                __u_boot_cmd_printenv
 .u_boot_cmd    0x0000000033f958a8       0x60 common/libcommon.a(command.o)
                0x0000000033f958a8                __u_boot_cmd_question_mark
                0x0000000033f958c0                __u_boot_cmd_help
                0x0000000033f958d8                __u_boot_cmd_echo
                0x0000000033f958f0                __u_boot_cmd_version
                0x0000000033f95908                __u_boot_cmd_end = .
                0x0000000033f95908                . = ALIGN (0x4)
                0x0000000033f95908                __bss_start = .

.bss            0x0000000033f95908     0x4720
 *(.bss)
 .bss           0x0000000033f95908        0x0 cpu/arm920t/start.o
 .bss           0x0000000033f95908        0x0 board/mini2440/libmini2440.a(lowlevel_init.o)
 .bss           0x0000000033f95908        0x0 cpu/arm920t/libarm920t.a(interrupts.o)
 .bss           0x0000000033f95908        0xc cpu/arm920t/s3c24x0/libs3c24x0.a(interrupts.o)
                0x0000000033f95908                timer_load_val
 .bss           0x0000000033f95914        0x0 cpu/arm920t/s3c24x0/libs3c24x0.a(speed.o)
 .bss           0x0000000033f95914        0x0 lib_arm/libarm.a(_udivsi3.o)
 .bss           0x0000000033f95914       0x10 lib_arm/libarm.a(board.o)
                0x0000000033f95920                monitor_flash_len
 .bss           0x0000000033f95924        0x0 lib_arm/libarm.a(div0.o)
 .bss           0x0000000033f95924     0x25c4 net/libnet.a(net.o)
                0x0000000033f95924                NetState
                0x0000000033f95938                NetOurEther
                0x0000000033f95940                NetTxPacket
                0x0000000033f95944                NetOurIP
                0x0000000033f95948                NetArpWaitPacketIP
                0x0000000033f9594c                NetOurSubnetMask
                0x0000000033f95950                NetOurGatewayIP
                0x0000000033f95954                NetArpWaitReplyIP
                0x0000000033f95958                NetArpWaitTimerStart
                0x0000000033f9595c                NetArpWaitTry
                0x0000000033f95960                NetIPID
                0x0000000033f95964                NetEtherNullAddr
                0x0000000033f9596c                NetArpWaitPacketMAC
                0x0000000033f95970                NetArpWaitTxPacket
                0x0000000033f95974                NetArpWaitTxPacketSize
                0x0000000033f95978                NetRxPkt
                0x0000000033f9597c                NetRxPktLen
                0x0000000033f95980                NetServerIP
                0x0000000033f95984                NetServerEther
                0x0000000033f9598a                PktBuf
                0x0000000033f977ac                NetRxPackets
                0x0000000033f977bc                NetArpWaitPacketBuf
                0x0000000033f97ddc                NetBootFileXferSize
                0x0000000033f97de0                BootFile
                0x0000000033f97e60                NetBootFileSize
                0x0000000033f97e62                NetOurRootPath
                0x0000000033f97ea2                NetOurHostName
                0x0000000033f97ec2                NetOurNISDomain
                0x0000000033f97ee4                NetOurDNSIP
 .bss           0x0000000033f97ee8       0x31 net/libnet.a(tftp.o)
 *fill*         0x0000000033f97f19        0x3 
 .bss           0x0000000033f97f1c        0x8 net/libnet.a(bootp.o)
                0x0000000033f97f1c                BootpID
                0x0000000033f97f20                BootpTry
 .bss           0x0000000033f97f24        0x4 net/libnet.a(rarp.o)
                0x0000000033f97f24                RarpTry
 .bss           0x0000000033f97f28        0x0 net/libnet.a(eth.o)
 .bss           0x0000000033f97f28      0x8ac net/libnet.a(nfs.o)
 .bss           0x0000000033f987d4        0x0 drivers/libdrivers.a(cs8900.o)
 .bss           0x0000000033f987d4      0x200 common/libcommon.a(main.o)
                0x0000000033f987d4                console_buffer
 .bss           0x0000000033f989d4        0x0 common/libcommon.a(cmd_autoscript.o)
 .bss           0x0000000033f989d4        0x0 common/libcommon.a(cmd_bdinfo.o)
 .bss           0x0000000033f989d4        0x0 common/libcommon.a(cmd_boot.o)
 .bss           0x0000000033f989d4       0x40 common/libcommon.a(cmd_bootm.o)
                0x0000000033f989d4                header
 .bss           0x0000000033f98a14        0x0 common/libcommon.a(cmd_cache.o)
 .bss           0x0000000033f98a14        0x0 common/libcommon.a(cmd_console.o)
 .bss           0x0000000033f98a14        0x0 common/libcommon.a(cmd_date.o)
 .bss           0x0000000033f98a14        0x0 common/libcommon.a(cmd_elf.o)
 .bss           0x0000000033f98a14        0x0 common/libcommon.a(cmd_flash.o)
 .bss           0x0000000033f98a14        0x0 common/libcommon.a(cmd_itest.o)
 .bss           0x0000000033f98a14       0x88 common/libcommon.a(cmd_load.o)
                0x0000000033f98a18                os_data_count
                0x0000000033f98a24                his_pad_count
                0x0000000033f98a28                his_pad_char
                0x0000000033f98a41                his_eol
                0x0000000033f98a48                os_data_init
                0x0000000033f98a5c                os_data_char
                0x0000000033f98a60                his_quote
                0x0000000033f98a64                send_ptr
                0x0000000033f98a68                send_parms
                0x0000000033f98a7c                os_data_header
 .bss           0x0000000033f98a9c       0x14 common/libcommon.a(cmd_mem.o)
                0x0000000033f98aa0                dp_last_addr
                0x0000000033f98aa4                dp_last_size
                0x0000000033f98aa8                mm_last_addr
                0x0000000033f98aac                mm_last_size
 .bss           0x0000000033f98ab0        0x0 common/libcommon.a(cmd_misc.o)
 .bss           0x0000000033f98ab0        0x0 common/libcommon.a(cmd_net.o)
 .bss           0x0000000033f98ab0        0x0 common/libcommon.a(cmd_nvedit.o)
 .bss           0x0000000033f98ab0        0x0 common/libcommon.a(command.o)
 .bss           0x0000000033f98ab0        0x8 common/libcommon.a(console.o)
 .bss           0x0000000033f98ab8       0x10 common/libcommon.a(devices.o)
                0x0000000033f98ab8                devlist
                0x0000000033f98abc                stdio_devices
 .bss           0x0000000033f98ac8       0x34 common/libcommon.a(dlmalloc.o)
 .bss           0x0000000033f98afc        0x0 common/libcommon.a(env_common.o)
 .bss           0x0000000033f98afc        0x0 common/libcommon.a(env_flash.o)
 .bss           0x0000000033f98afc        0x0 common/libcommon.a(exports.o)
 .bss           0x0000000033f98afc        0x0 common/libcommon.a(flash.o)
 .bss           0x0000000033f98afc        0x0 common/libcommon.a(lists.o)
 .bss           0x0000000033f98afc        0x0 common/libcommon.a(s_record.o)
 .bss           0x0000000033f98afc      0x43c common/libcommon.a(xyzModem.o)
 .bss           0x0000000033f98f38        0x0 common/libcommon.a(crc16.o)
 .bss           0x0000000033f98f38        0x0 lib_generic/libgeneric.a(crc32.o)
 .bss           0x0000000033f98f38        0x0 lib_generic/libgeneric.a(display_options.o)
 .bss           0x0000000033f98f38        0x4 lib_generic/libgeneric.a(string.o)
                0x0000000033f98f38                ___strtok
 .bss           0x0000000033f98f3c        0x0 lib_generic/libgeneric.a(vsprintf.o)
 .bss           0x0000000033f98f3c     0x10a8 lib_generic/libgeneric.a(zlib.o)
 .bss           0x0000000033f99fe4        0x0 lib_generic/libgeneric.a(ctype.o)
 .bss           0x0000000033f99fe4        0x0 board/mini2440/libmini2440.a(mini2440.o)
 .bss           0x0000000033f99fe4       0x44 board/mini2440/libmini2440.a(flash.o)
                0x0000000033f99fe4                flash_info
 .bss           0x0000000033f9a028        0x0 cpu/arm920t/libarm920t.a(cpu.o)
 .bss           0x0000000033f9a028        0x0 cpu/arm920t/s3c24x0/libs3c24x0.a(serial.o)
 .bss           0x0000000033f9a028        0x0 lib_arm/libarm.a(_divsi3.o)
 .bss           0x0000000033f9a028        0x0 lib_arm/libarm.a(_modsi3.o)
 .bss           0x0000000033f9a028        0x0 lib_arm/libarm.a(_umodsi3.o)
 .bss           0x0000000033f9a028        0x0 lib_arm/libarm.a(armlinux.o)
 .bss           0x0000000033f9a028        0x0 lib_arm/libarm.a(cache.o)
 .bss           0x0000000033f9a028        0x0 rtc/librtc.a(date.o)
 .bss           0x0000000033f9a028        0x0 rtc/librtc.a(s3c24x0_rtc.o)
                0x0000000033f9a028                _end = .
Address of section .text set to 0x33f80000
LOAD cpu/arm920t/start.o
START GROUP
LOAD lib_generic/libgeneric.a
LOAD board/mini2440/libmini2440.a
LOAD cpu/arm920t/libarm920t.a
LOAD cpu/arm920t/s3c24x0/libs3c24x0.a
LOAD lib_arm/libarm.a
LOAD fs/cramfs/libcramfs.a
LOAD fs/fat/libfat.a
LOAD fs/fdos/libfdos.a
LOAD fs/jffs2/libjffs2.a
LOAD fs/reiserfs/libreiserfs.a
LOAD fs/ext2/libext2fs.a
LOAD net/libnet.a
LOAD disk/libdisk.a
LOAD rtc/librtc.a
LOAD dtt/libdtt.a
LOAD drivers/libdrivers.a
LOAD drivers/nand/libnand.a
LOAD drivers/nand_legacy/libnand_legacy.a
LOAD drivers/sk98lin/libsk98lin.a
LOAD post/libpost.a
LOAD post/cpu/libcpu.a
LOAD common/libcommon.a
END GROUP
LOAD /usr/bin/../lib/gcc/arm-none-eabi/5.4.1/libgcc.a
OUTPUT(u-boot elf32-littlearm)

.ARM.attributes
                0x0000000000000000       0x17
 .ARM.attributes
                0x0000000000000000       0x17 cpu/arm920t/start.o
 .ARM.attributes
                0x0000000000000017       0x17 board/mini2440/libmini2440.a(lowlevel_init.o)
 .ARM.attributes
                0x000000000000002e       0x17 cpu/arm920t/libarm920t.a(interrupts.o)
 .ARM.attributes
                0x0000000000000045       0x17 cpu/arm920t/s3c24x0/libs3c24x0.a(interrupts.o)
 .ARM.attributes
                0x000000000000005c       0x17 cpu/arm920t/s3c24x0/libs3c24x0.a(speed.o)
 .ARM.attributes
                0x0000000000000073       0x17 lib_arm/libarm.a(_udivsi3.o)
 .ARM.attributes
                0x000000000000008a       0x17 lib_arm/libarm.a(board.o)
 .ARM.attributes
                0x00000000000000a1       0x17 lib_arm/libarm.a(div0.o)
 .ARM.attributes
                0x00000000000000b8       0x17 net/libnet.a(net.o)
 .ARM.attributes
                0x00000000000000cf       0x17 net/libnet.a(tftp.o)
 .ARM.attributes
                0x00000000000000e6       0x17 net/libnet.a(bootp.o)
 .ARM.attributes
                0x00000000000000fd       0x17 net/libnet.a(rarp.o)
 .ARM.attributes
                0x0000000000000114       0x17 net/libnet.a(eth.o)
 .ARM.attributes
                0x000000000000012b       0x17 net/libnet.a(nfs.o)
 .ARM.attributes
                0x0000000000000142       0x17 drivers/libdrivers.a(cs8900.o)
 .ARM.attributes
                0x0000000000000159       0x17 common/libcommon.a(main.o)
 .ARM.attributes
                0x0000000000000170       0x17 common/libcommon.a(cmd_autoscript.o)
 .ARM.attributes
                0x0000000000000187       0x17 common/libcommon.a(cmd_bdinfo.o)
 .ARM.attributes
                0x000000000000019e       0x17 common/libcommon.a(cmd_boot.o)
 .ARM.attributes
                0x00000000000001b5       0x17 common/libcommon.a(cmd_bootm.o)
 .ARM.attributes
                0x00000000000001cc       0x17 common/libcommon.a(cmd_cache.o)
 .ARM.attributes
                0x00000000000001e3       0x17 common/libcommon.a(cmd_console.o)
 .ARM.attributes
                0x00000000000001fa       0x17 common/libcommon.a(cmd_date.o)
 .ARM.attributes
                0x0000000000000211       0x17 common/libcommon.a(cmd_elf.o)
 .ARM.attributes
                0x0000000000000228       0x17 common/libcommon.a(cmd_flash.o)
 .ARM.attributes
                0x000000000000023f       0x17 common/libcommon.a(cmd_itest.o)
 .ARM.attributes
                0x0000000000000256       0x17 common/libcommon.a(cmd_load.o)
 .ARM.attributes
                0x000000000000026d       0x17 common/libcommon.a(cmd_mem.o)
 .ARM.attributes
                0x0000000000000284       0x17 common/libcommon.a(cmd_misc.o)
 .ARM.attributes
                0x000000000000029b       0x17 common/libcommon.a(cmd_net.o)
 .ARM.attributes
                0x00000000000002b2       0x17 common/libcommon.a(cmd_nvedit.o)
 .ARM.attributes
                0x00000000000002c9       0x17 common/libcommon.a(command.o)
 .ARM.attributes
                0x00000000000002e0       0x17 common/libcommon.a(console.o)
 .ARM.attributes
                0x00000000000002f7       0x17 common/libcommon.a(devices.o)
 .ARM.attributes
                0x000000000000030e       0x17 common/libcommon.a(dlmalloc.o)
 .ARM.attributes
                0x0000000000000325       0x17 common/libcommon.a(env_common.o)
 .ARM.attributes
                0x000000000000033c       0x17 common/libcommon.a(env_flash.o)
 .ARM.attributes
                0x0000000000000353       0x17 common/libcommon.a(exports.o)
 .ARM.attributes
                0x000000000000036a       0x17 common/libcommon.a(flash.o)
 .ARM.attributes
                0x0000000000000381       0x17 common/libcommon.a(lists.o)
 .ARM.attributes
                0x0000000000000398       0x17 common/libcommon.a(s_record.o)
 .ARM.attributes
                0x00000000000003af       0x17 common/libcommon.a(xyzModem.o)
 .ARM.attributes
                0x00000000000003c6       0x17 common/libcommon.a(crc16.o)
 .ARM.attributes
                0x00000000000003dd       0x17 lib_generic/libgeneric.a(crc32.o)
 .ARM.attributes
                0x00000000000003f4       0x17 lib_generic/libgeneric.a(display_options.o)
 .ARM.attributes
                0x000000000000040b       0x17 lib_generic/libgeneric.a(string.o)
 .ARM.attributes
                0x0000000000000422       0x17 lib_generic/libgeneric.a(vsprintf.o)
 .ARM.attributes
                0x0000000000000439       0x17 lib_generic/libgeneric.a(zlib.o)
 .ARM.attributes
                0x0000000000000450       0x17 lib_generic/libgeneric.a(ctype.o)
 .ARM.attributes
                0x0000000000000467       0x17 board/mini2440/libmini2440.a(mini2440.o)
 .ARM.attributes
                0x000000000000047e       0x17 board/mini2440/libmini2440.a(flash.o)
 .ARM.attributes
                0x0000000000000495       0x17 cpu/arm920t/libarm920t.a(cpu.o)
 .ARM.attributes
                0x00000000000004ac       0x17 cpu/arm920t/s3c24x0/libs3c24x0.a(serial.o)
 .ARM.attributes
                0x00000000000004c3       0x17 lib_arm/libarm.a(_divsi3.o)
 .ARM.attributes
                0x00000000000004da       0x17 lib_arm/libarm.a(_modsi3.o)
 .ARM.attributes
                0x00000000000004f1       0x17 lib_arm/libarm.a(_umodsi3.o)
 .ARM.attributes
                0x0000000000000508       0x17 lib_arm/libarm.a(armlinux.o)
 .ARM.attributes
                0x000000000000051f       0x17 lib_arm/libarm.a(cache.o)
 .ARM.attributes
                0x0000000000000536       0x17 rtc/librtc.a(date.o)
 .ARM.attributes
                0x000000000000054d       0x17 rtc/librtc.a(s3c24x0_rtc.o)

.comment        0x0000000000000000       0x6e
 .comment       0x0000000000000000       0x6e cpu/arm920t/libarm920t.a(interrupts.o)
                                         0x6f (size before relaxing)
 .comment       0x000000000000006e       0x6f cpu/arm920t/s3c24x0/libs3c24x0.a(interrupts.o)
 .comment       0x000000000000006e       0x6f cpu/arm920t/s3c24x0/libs3c24x0.a(speed.o)
 .comment       0x000000000000006e       0x6f lib_arm/libarm.a(board.o)
 .comment       0x000000000000006e       0x6f lib_arm/libarm.a(div0.o)
 .comment       0x000000000000006e       0x6f net/libnet.a(net.o)
 .comment       0x000000000000006e       0x6f net/libnet.a(tftp.o)
 .comment       0x000000000000006e       0x6f net/libnet.a(bootp.o)
 .comment       0x000000000000006e       0x6f net/libnet.a(rarp.o)
 .comment       0x000000000000006e       0x6f net/libnet.a(eth.o)
 .comment       0x000000000000006e       0x6f net/libnet.a(nfs.o)
 .comment       0x000000000000006e       0x6f drivers/libdrivers.a(cs8900.o)
 .comment       0x000000000000006e       0x6f common/libcommon.a(main.o)
 .comment       0x000000000000006e       0x6f common/libcommon.a(cmd_autoscript.o)
 .comment       0x000000000000006e       0x6f common/libcommon.a(cmd_bdinfo.o)
 .comment       0x000000000000006e       0x6f common/libcommon.a(cmd_boot.o)
 .comment       0x000000000000006e       0x6f common/libcommon.a(cmd_bootm.o)
 .comment       0x000000000000006e       0x6f common/libcommon.a(cmd_cache.o)
 .comment       0x000000000000006e       0x6f common/libcommon.a(cmd_console.o)
 .comment       0x000000000000006e       0x6f common/libcommon.a(cmd_date.o)
 .comment       0x000000000000006e       0x6f common/libcommon.a(cmd_elf.o)
 .comment       0x000000000000006e       0x6f common/libcommon.a(cmd_flash.o)
 .comment       0x000000000000006e       0x6f common/libcommon.a(cmd_itest.o)
 .comment       0x000000000000006e       0x6f common/libcommon.a(cmd_load.o)
 .comment       0x000000000000006e       0x6f common/libcommon.a(cmd_mem.o)
 .comment       0x000000000000006e       0x6f common/libcommon.a(cmd_misc.o)
 .comment       0x000000000000006e       0x6f common/libcommon.a(cmd_net.o)
 .comment       0x000000000000006e       0x6f common/libcommon.a(cmd_nvedit.o)
 .comment       0x000000000000006e       0x6f common/libcommon.a(command.o)
 .comment       0x000000000000006e       0x6f common/libcommon.a(console.o)
 .comment       0x000000000000006e       0x6f common/libcommon.a(devices.o)
 .comment       0x000000000000006e       0x6f common/libcommon.a(dlmalloc.o)
 .comment       0x000000000000006e       0x6f common/libcommon.a(env_common.o)
 .comment       0x000000000000006e       0x6f common/libcommon.a(env_flash.o)
 .comment       0x000000000000006e       0x6f common/libcommon.a(exports.o)
 .comment       0x000000000000006e       0x6f common/libcommon.a(flash.o)
 .comment       0x000000000000006e       0x6f common/libcommon.a(lists.o)
 .comment       0x000000000000006e       0x6f common/libcommon.a(s_record.o)
 .comment       0x000000000000006e       0x6f common/libcommon.a(xyzModem.o)
 .comment       0x000000000000006e       0x6f common/libcommon.a(crc16.o)
 .comment       0x000000000000006e       0x6f lib_generic/libgeneric.a(crc32.o)
 .comment       0x000000000000006e       0x6f lib_generic/libgeneric.a(display_options.o)
 .comment       0x000000000000006e       0x6f lib_generic/libgeneric.a(string.o)
 .comment       0x000000000000006e       0x6f lib_generic/libgeneric.a(vsprintf.o)
 .comment       0x000000000000006e       0x6f lib_generic/libgeneric.a(zlib.o)
 .comment       0x000000000000006e       0x6f lib_generic/libgeneric.a(ctype.o)
 .comment       0x000000000000006e       0x6f board/mini2440/libmini2440.a(mini2440.o)
 .comment       0x000000000000006e       0x6f board/mini2440/libmini2440.a(flash.o)
 .comment       0x000000000000006e       0x6f cpu/arm920t/libarm920t.a(cpu.o)
 .comment       0x000000000000006e       0x6f cpu/arm920t/s3c24x0/libs3c24x0.a(serial.o)
 .comment       0x000000000000006e       0x6f lib_arm/libarm.a(armlinux.o)
 .comment       0x000000000000006e       0x6f lib_arm/libarm.a(cache.o)
 .comment       0x000000000000006e       0x6f rtc/librtc.a(date.o)
 .comment       0x000000000000006e       0x6f rtc/librtc.a(s3c24x0_rtc.o)

.debug_line     0x0000000000000000     0x6cc5
 .debug_line    0x0000000000000000       0xad cpu/arm920t/start.o
 .debug_line    0x00000000000000ad       0x4c board/mini2440/libmini2440.a(lowlevel_init.o)
 .debug_line    0x00000000000000f9      0x10a cpu/arm920t/libarm920t.a(interrupts.o)
 .debug_line    0x0000000000000203      0x1ae cpu/arm920t/s3c24x0/libs3c24x0.a(interrupts.o)
 .debug_line    0x00000000000003b1      0x193 cpu/arm920t/s3c24x0/libs3c24x0.a(speed.o)
 .debug_line    0x0000000000000544       0x5f lib_arm/libarm.a(_udivsi3.o)
 .debug_line    0x00000000000005a3      0x20f lib_arm/libarm.a(board.o)
 .debug_line    0x00000000000007b2       0x37 lib_arm/libarm.a(div0.o)
 .debug_line    0x00000000000007e9      0x56c net/libnet.a(net.o)
 .debug_line    0x0000000000000d55      0x265 net/libnet.a(tftp.o)
 .debug_line    0x0000000000000fba      0x307 net/libnet.a(bootp.o)
 .debug_line    0x00000000000012c1      0x162 net/libnet.a(rarp.o)
 .debug_line    0x0000000000001423       0xc4 net/libnet.a(eth.o)
 .debug_line    0x00000000000014e7      0x3a3 net/libnet.a(nfs.o)
 .debug_line    0x000000000000188a      0x307 drivers/libdrivers.a(cs8900.o)
 .debug_line    0x0000000000001b91      0x283 common/libcommon.a(main.o)
 .debug_line    0x0000000000001e14      0x1fa common/libcommon.a(cmd_autoscript.o)
 .debug_line    0x000000000000200e      0x155 common/libcommon.a(cmd_bdinfo.o)
 .debug_line    0x0000000000002163       0xe6 common/libcommon.a(cmd_boot.o)
 .debug_line    0x0000000000002249      0x3b1 common/libcommon.a(cmd_bootm.o)
 .debug_line    0x00000000000025fa       0xf7 common/libcommon.a(cmd_cache.o)
 .debug_line    0x00000000000026f1       0xcd common/libcommon.a(cmd_console.o)
 .debug_line    0x00000000000027be      0x1b5 common/libcommon.a(cmd_date.o)
 .debug_line    0x0000000000002973      0x201 common/libcommon.a(cmd_elf.o)
 .debug_line    0x0000000000002b74      0x2ea common/libcommon.a(cmd_flash.o)
 .debug_line    0x0000000000002e5e      0x16b common/libcommon.a(cmd_itest.o)
 .debug_line    0x0000000000002fc9      0x3c5 common/libcommon.a(cmd_load.o)
 .debug_line    0x000000000000338e      0x320 common/libcommon.a(cmd_mem.o)
 .debug_line    0x00000000000036ae       0xdb common/libcommon.a(cmd_misc.o)
 .debug_line    0x0000000000003789      0x186 common/libcommon.a(cmd_net.o)
 .debug_line    0x000000000000390f      0x3a5 common/libcommon.a(cmd_nvedit.o)
 .debug_line    0x0000000000003cb4      0x18e common/libcommon.a(command.o)
 .debug_line    0x0000000000003e42      0x286 common/libcommon.a(console.o)
 .debug_line    0x00000000000040c8      0x170 common/libcommon.a(devices.o)
 .debug_line    0x0000000000004238      0x4af common/libcommon.a(dlmalloc.o)
 .debug_line    0x00000000000046e7      0x167 common/libcommon.a(env_common.o)
 .debug_line    0x000000000000484e      0x173 common/libcommon.a(env_flash.o)
 .debug_line    0x00000000000049c1      0x12e common/libcommon.a(exports.o)
 .debug_line    0x0000000000004aef      0x180 common/libcommon.a(flash.o)
 .debug_line    0x0000000000004c6f      0x161 common/libcommon.a(lists.o)
 .debug_line    0x0000000000004dd0      0x112 common/libcommon.a(s_record.o)
 .debug_line    0x0000000000004ee2      0x2c7 common/libcommon.a(xyzModem.o)
 .debug_line    0x00000000000051a9       0xd1 common/libcommon.a(crc16.o)
 .debug_line    0x000000000000527a       0xdf lib_generic/libgeneric.a(crc32.o)
 .debug_line    0x0000000000005359       0xe8 lib_generic/libgeneric.a(display_options.o)
 .debug_line    0x0000000000005441      0x26b lib_generic/libgeneric.a(string.o)
 .debug_line    0x00000000000056ac      0x26c lib_generic/libgeneric.a(vsprintf.o)
 .debug_line    0x0000000000005918      0x6b2 lib_generic/libgeneric.a(zlib.o)
 .debug_line    0x0000000000005fca       0x28 lib_generic/libgeneric.a(ctype.o)
 .debug_line    0x0000000000005ff2      0x194 board/mini2440/libmini2440.a(mini2440.o)
 .debug_line    0x0000000000006186      0x296 board/mini2440/libmini2440.a(flash.o)
 .debug_line    0x000000000000641c      0x12a cpu/arm920t/libarm920t.a(cpu.o)
 .debug_line    0x0000000000006546      0x16e cpu/arm920t/s3c24x0/libs3c24x0.a(serial.o)
 .debug_line    0x00000000000066b4       0x5c lib_arm/libarm.a(_divsi3.o)
 .debug_line    0x0000000000006710       0x4e lib_arm/libarm.a(_modsi3.o)
 .debug_line    0x000000000000675e       0x66 lib_arm/libarm.a(_umodsi3.o)
 .debug_line    0x00000000000067c4      0x1e9 lib_arm/libarm.a(armlinux.o)
 .debug_line    0x00000000000069ad       0x37 lib_arm/libarm.a(cache.o)
 .debug_line    0x00000000000069e4       0xef rtc/librtc.a(date.o)
 .debug_line    0x0000000000006ad3      0x1f2 rtc/librtc.a(s3c24x0_rtc.o)

.debug_info     0x0000000000000000    0x1bbc3
 .debug_info    0x0000000000000000       0x69 cpu/arm920t/start.o
 .debug_info    0x0000000000000069       0x74 board/mini2440/libmini2440.a(lowlevel_init.o)
 .debug_info    0x00000000000000dd      0x4b9 cpu/arm920t/libarm920t.a(interrupts.o)
 .debug_info    0x0000000000000596      0x4b7 cpu/arm920t/s3c24x0/libs3c24x0.a(interrupts.o)
 .debug_info    0x0000000000000a4d      0x465 cpu/arm920t/s3c24x0/libs3c24x0.a(speed.o)
 .debug_info    0x0000000000000eb2       0x68 lib_arm/libarm.a(_udivsi3.o)
 .debug_info    0x0000000000000f1a      0x7d3 lib_arm/libarm.a(board.o)
 .debug_info    0x00000000000016ed       0x57 lib_arm/libarm.a(div0.o)
 .debug_info    0x0000000000001744     0x1e9d net/libnet.a(net.o)
 .debug_info    0x00000000000035e1      0x920 net/libnet.a(tftp.o)
 .debug_info    0x0000000000003f01      0xf29 net/libnet.a(bootp.o)
 .debug_info    0x0000000000004e2a      0x42e net/libnet.a(rarp.o)
 .debug_info    0x0000000000005258      0x16a net/libnet.a(eth.o)
 .debug_info    0x00000000000053c2     0x158b net/libnet.a(nfs.o)
 .debug_info    0x000000000000694d      0xa5a drivers/libdrivers.a(cs8900.o)
 .debug_info    0x00000000000073a7      0xb5b common/libcommon.a(main.o)
 .debug_info    0x0000000000007f02      0x536 common/libcommon.a(cmd_autoscript.o)
 .debug_info    0x0000000000008438      0x548 common/libcommon.a(cmd_bdinfo.o)
 .debug_info    0x0000000000008980      0x2ca common/libcommon.a(cmd_boot.o)
 .debug_info    0x0000000000008c4a     0x1b8e common/libcommon.a(cmd_bootm.o)
 .debug_info    0x000000000000a7d8      0x3f8 common/libcommon.a(cmd_cache.o)
 .debug_info    0x000000000000abd0      0x401 common/libcommon.a(cmd_console.o)
 .debug_info    0x000000000000afd1      0x711 common/libcommon.a(cmd_date.o)
 .debug_info    0x000000000000b6e2      0x898 common/libcommon.a(cmd_elf.o)
 .debug_info    0x000000000000bf7a      0xeef common/libcommon.a(cmd_flash.o)
 .debug_info    0x000000000000ce69      0x6df common/libcommon.a(cmd_itest.o)
 .debug_info    0x000000000000d548     0x156b common/libcommon.a(cmd_load.o)
 .debug_info    0x000000000000eab3     0x14de common/libcommon.a(cmd_mem.o)
 .debug_info    0x000000000000ff91      0x2ba common/libcommon.a(cmd_misc.o)
 .debug_info    0x000000000001024b      0x809 common/libcommon.a(cmd_net.o)
 .debug_info    0x0000000000010a54      0xdaa common/libcommon.a(cmd_nvedit.o)
 .debug_info    0x00000000000117fe      0x64a common/libcommon.a(command.o)
 .debug_info    0x0000000000011e48      0xca9 common/libcommon.a(console.o)
 .debug_info    0x0000000000012af1      0x515 common/libcommon.a(devices.o)
 .debug_info    0x0000000000013006      0xea7 common/libcommon.a(dlmalloc.o)
 .debug_info    0x0000000000013ead      0x455 common/libcommon.a(env_common.o)
 .debug_info    0x0000000000014302      0x4ba common/libcommon.a(env_flash.o)
 .debug_info    0x00000000000147bc      0x2c1 common/libcommon.a(exports.o)
 .debug_info    0x0000000000014a7d      0x392 common/libcommon.a(flash.o)
 .debug_info    0x0000000000014e0f      0x679 common/libcommon.a(lists.o)
 .debug_info    0x0000000000015488      0x243 common/libcommon.a(s_record.o)
 .debug_info    0x00000000000156cb      0xbcf common/libcommon.a(xyzModem.o)
 .debug_info    0x000000000001629a      0x113 common/libcommon.a(crc16.o)
 .debug_info    0x00000000000163ad      0x139 lib_generic/libgeneric.a(crc32.o)
 .debug_info    0x00000000000164e6      0x1a4 lib_generic/libgeneric.a(display_options.o)
 .debug_info    0x000000000001668a      0x963 lib_generic/libgeneric.a(string.o)
 .debug_info    0x0000000000016fed      0x581 lib_generic/libgeneric.a(vsprintf.o)
 .debug_info    0x000000000001756e     0x1dc4 lib_generic/libgeneric.a(zlib.o)
 .debug_info    0x0000000000019332       0x4d lib_generic/libgeneric.a(ctype.o)
 .debug_info    0x000000000001937f      0x61e board/mini2440/libmini2440.a(mini2440.o)
 .debug_info    0x000000000001999d      0x6c0 board/mini2440/libmini2440.a(flash.o)
 .debug_info    0x000000000001a05d      0x43f cpu/arm920t/libarm920t.a(cpu.o)
 .debug_info    0x000000000001a49c      0x463 cpu/arm920t/s3c24x0/libs3c24x0.a(serial.o)
 .debug_info    0x000000000001a8ff       0x67 lib_arm/libarm.a(_divsi3.o)
 .debug_info    0x000000000001a966       0x67 lib_arm/libarm.a(_modsi3.o)
 .debug_info    0x000000000001a9cd       0x68 lib_arm/libarm.a(_umodsi3.o)
 .debug_info    0x000000000001aa35      0x740 lib_arm/libarm.a(armlinux.o)
 .debug_info    0x000000000001b175       0xa6 lib_arm/libarm.a(cache.o)
 .debug_info    0x000000000001b21b      0x25b rtc/librtc.a(date.o)
 .debug_info    0x000000000001b476      0x74d rtc/librtc.a(s3c24x0_rtc.o)

.debug_abbrev   0x0000000000000000     0x6f08
 .debug_abbrev  0x0000000000000000       0x14 cpu/arm920t/start.o
 .debug_abbrev  0x0000000000000014       0x14 board/mini2440/libmini2440.a(lowlevel_init.o)
 .debug_abbrev  0x0000000000000028      0x141 cpu/arm920t/libarm920t.a(interrupts.o)
 .debug_abbrev  0x0000000000000169      0x2ba cpu/arm920t/s3c24x0/libs3c24x0.a(interrupts.o)
 .debug_abbrev  0x0000000000000423      0x1fa cpu/arm920t/s3c24x0/libs3c24x0.a(speed.o)
 .debug_abbrev  0x000000000000061d       0x14 lib_arm/libarm.a(_udivsi3.o)
 .debug_abbrev  0x0000000000000631      0x281 lib_arm/libarm.a(board.o)
 .debug_abbrev  0x00000000000008b2       0x5e lib_arm/libarm.a(div0.o)
 .debug_abbrev  0x0000000000000910      0x46c net/libnet.a(net.o)
 .debug_abbrev  0x0000000000000d7c      0x211 net/libnet.a(tftp.o)
 .debug_abbrev  0x0000000000000f8d      0x2df net/libnet.a(bootp.o)
 .debug_abbrev  0x000000000000126c      0x180 net/libnet.a(rarp.o)
 .debug_abbrev  0x00000000000013ec       0xaf net/libnet.a(eth.o)
 .debug_abbrev  0x000000000000149b      0x397 net/libnet.a(nfs.o)
 .debug_abbrev  0x0000000000001832      0x2f8 drivers/libdrivers.a(cs8900.o)
 .debug_abbrev  0x0000000000001b2a      0x2bf common/libcommon.a(main.o)
 .debug_abbrev  0x0000000000001de9      0x1a7 common/libcommon.a(cmd_autoscript.o)
 .debug_abbrev  0x0000000000001f90      0x1a8 common/libcommon.a(cmd_bdinfo.o)
 .debug_abbrev  0x0000000000002138      0x14e common/libcommon.a(cmd_boot.o)
 .debug_abbrev  0x0000000000002286      0x3eb common/libcommon.a(cmd_bootm.o)
 .debug_abbrev  0x0000000000002671      0x14a common/libcommon.a(cmd_cache.o)
 .debug_abbrev  0x00000000000027bb      0x188 common/libcommon.a(cmd_console.o)
 .debug_abbrev  0x0000000000002943      0x1f5 common/libcommon.a(cmd_date.o)
 .debug_abbrev  0x0000000000002b38      0x1e0 common/libcommon.a(cmd_elf.o)
 .debug_abbrev  0x0000000000002d18      0x2a1 common/libcommon.a(cmd_flash.o)
 .debug_abbrev  0x0000000000002fb9      0x216 common/libcommon.a(cmd_itest.o)
 .debug_abbrev  0x00000000000031cf      0x431 common/libcommon.a(cmd_load.o)
 .debug_abbrev  0x0000000000003600      0x30f common/libcommon.a(cmd_mem.o)
 .debug_abbrev  0x000000000000390f      0x147 common/libcommon.a(cmd_misc.o)
 .debug_abbrev  0x0000000000003a56      0x20f common/libcommon.a(cmd_net.o)
 .debug_abbrev  0x0000000000003c65      0x326 common/libcommon.a(cmd_nvedit.o)
 .debug_abbrev  0x0000000000003f8b      0x289 common/libcommon.a(command.o)
 .debug_abbrev  0x0000000000004214      0x3a3 common/libcommon.a(console.o)
 .debug_abbrev  0x00000000000045b7      0x1a2 common/libcommon.a(devices.o)
 .debug_abbrev  0x0000000000004759      0x2fe common/libcommon.a(dlmalloc.o)
 .debug_abbrev  0x0000000000004a57      0x20a common/libcommon.a(env_common.o)
 .debug_abbrev  0x0000000000004c61      0x1f1 common/libcommon.a(env_flash.o)
 .debug_abbrev  0x0000000000004e52      0x14d common/libcommon.a(exports.o)
 .debug_abbrev  0x0000000000004f9f      0x1d6 common/libcommon.a(flash.o)
 .debug_abbrev  0x0000000000005175      0x20e common/libcommon.a(lists.o)
 .debug_abbrev  0x0000000000005383      0x11a common/libcommon.a(s_record.o)
 .debug_abbrev  0x000000000000549d      0x337 common/libcommon.a(xyzModem.o)
 .debug_abbrev  0x00000000000057d4       0xc0 common/libcommon.a(crc16.o)
 .debug_abbrev  0x0000000000005894       0x93 lib_generic/libgeneric.a(crc32.o)
 .debug_abbrev  0x0000000000005927      0x10c lib_generic/libgeneric.a(display_options.o)
 .debug_abbrev  0x0000000000005a33      0x1d6 lib_generic/libgeneric.a(string.o)
 .debug_abbrev  0x0000000000005c09      0x240 lib_generic/libgeneric.a(vsprintf.o)
 .debug_abbrev  0x0000000000005e49      0x3aa lib_generic/libgeneric.a(zlib.o)
 .debug_abbrev  0x00000000000061f3       0x3e lib_generic/libgeneric.a(ctype.o)
 .debug_abbrev  0x0000000000006231      0x199 board/mini2440/libmini2440.a(mini2440.o)
 .debug_abbrev  0x00000000000063ca      0x218 board/mini2440/libmini2440.a(flash.o)
 .debug_abbrev  0x00000000000065e2      0x1c8 cpu/arm920t/libarm920t.a(cpu.o)
 .debug_abbrev  0x00000000000067aa      0x1c0 cpu/arm920t/s3c24x0/libs3c24x0.a(serial.o)
 .debug_abbrev  0x000000000000696a       0x14 lib_arm/libarm.a(_divsi3.o)
 .debug_abbrev  0x000000000000697e       0x14 lib_arm/libarm.a(_modsi3.o)
 .debug_abbrev  0x0000000000006992       0x14 lib_arm/libarm.a(_umodsi3.o)
 .debug_abbrev  0x00000000000069a6      0x1e4 lib_arm/libarm.a(armlinux.o)
 .debug_abbrev  0x0000000000006b8a       0x51 lib_arm/libarm.a(cache.o)
 .debug_abbrev  0x0000000000006bdb      0x10d rtc/librtc.a(date.o)
 .debug_abbrev  0x0000000000006ce8      0x220 rtc/librtc.a(s3c24x0_rtc.o)

.debug_aranges  0x0000000000000000      0x778
 .debug_aranges
                0x0000000000000000       0x20 cpu/arm920t/start.o
 .debug_aranges
                0x0000000000000020       0x20 board/mini2440/libmini2440.a(lowlevel_init.o)
 .debug_aranges
                0x0000000000000040       0x20 cpu/arm920t/libarm920t.a(interrupts.o)
 .debug_aranges
                0x0000000000000060       0x20 cpu/arm920t/s3c24x0/libs3c24x0.a(interrupts.o)
 .debug_aranges
                0x0000000000000080       0x20 cpu/arm920t/s3c24x0/libs3c24x0.a(speed.o)
 .debug_aranges
                0x00000000000000a0       0x20 lib_arm/libarm.a(_udivsi3.o)
 .debug_aranges
                0x00000000000000c0       0x20 lib_arm/libarm.a(board.o)
 .debug_aranges
                0x00000000000000e0       0x20 lib_arm/libarm.a(div0.o)
 .debug_aranges
                0x0000000000000100       0x20 net/libnet.a(net.o)
 .debug_aranges
                0x0000000000000120       0x20 net/libnet.a(tftp.o)
 .debug_aranges
                0x0000000000000140       0x20 net/libnet.a(bootp.o)
 .debug_aranges
                0x0000000000000160       0x20 net/libnet.a(rarp.o)
 .debug_aranges
                0x0000000000000180       0x20 net/libnet.a(eth.o)
 .debug_aranges
                0x00000000000001a0       0x20 net/libnet.a(nfs.o)
 .debug_aranges
                0x00000000000001c0       0x20 drivers/libdrivers.a(cs8900.o)
 .debug_aranges
                0x00000000000001e0       0x20 common/libcommon.a(main.o)
 .debug_aranges
                0x0000000000000200       0x20 common/libcommon.a(cmd_autoscript.o)
 .debug_aranges
                0x0000000000000220       0x20 common/libcommon.a(cmd_bdinfo.o)
 .debug_aranges
                0x0000000000000240       0x20 common/libcommon.a(cmd_boot.o)
 .debug_aranges
                0x0000000000000260       0x20 common/libcommon.a(cmd_bootm.o)
 .debug_aranges
                0x0000000000000280       0x20 common/libcommon.a(cmd_cache.o)
 .debug_aranges
                0x00000000000002a0       0x20 common/libcommon.a(cmd_console.o)
 .debug_aranges
                0x00000000000002c0       0x20 common/libcommon.a(cmd_date.o)
 .debug_aranges
                0x00000000000002e0       0x20 common/libcommon.a(cmd_elf.o)
 .debug_aranges
                0x0000000000000300       0x20 common/libcommon.a(cmd_flash.o)
 .debug_aranges
                0x0000000000000320       0x20 common/libcommon.a(cmd_itest.o)
 .debug_aranges
                0x0000000000000340       0x20 common/libcommon.a(cmd_load.o)
 .debug_aranges
                0x0000000000000360       0x20 common/libcommon.a(cmd_mem.o)
 .debug_aranges
                0x0000000000000380       0x20 common/libcommon.a(cmd_misc.o)
 .debug_aranges
                0x00000000000003a0       0x20 common/libcommon.a(cmd_net.o)
 .debug_aranges
                0x00000000000003c0       0x20 common/libcommon.a(cmd_nvedit.o)
 .debug_aranges
                0x00000000000003e0       0x20 common/libcommon.a(command.o)
 .debug_aranges
                0x0000000000000400       0x20 common/libcommon.a(console.o)
 .debug_aranges
                0x0000000000000420       0x20 common/libcommon.a(devices.o)
 .debug_aranges
                0x0000000000000440       0x20 common/libcommon.a(dlmalloc.o)
 .debug_aranges
                0x0000000000000460       0x20 common/libcommon.a(env_common.o)
 .debug_aranges
                0x0000000000000480       0x20 common/libcommon.a(env_flash.o)
 .debug_aranges
                0x00000000000004a0       0x20 common/libcommon.a(exports.o)
 .debug_aranges
                0x00000000000004c0       0x20 common/libcommon.a(flash.o)
 .debug_aranges
                0x00000000000004e0       0x20 common/libcommon.a(lists.o)
 .debug_aranges
                0x0000000000000500       0x20 common/libcommon.a(s_record.o)
 .debug_aranges
                0x0000000000000520       0x20 common/libcommon.a(xyzModem.o)
 .debug_aranges
                0x0000000000000540       0x20 common/libcommon.a(crc16.o)
 .debug_aranges
                0x0000000000000560       0x20 lib_generic/libgeneric.a(crc32.o)
 .debug_aranges
                0x0000000000000580       0x20 lib_generic/libgeneric.a(display_options.o)
 .debug_aranges
                0x00000000000005a0       0x20 lib_generic/libgeneric.a(string.o)
 .debug_aranges
                0x00000000000005c0       0x20 lib_generic/libgeneric.a(vsprintf.o)
 .debug_aranges
                0x00000000000005e0       0x20 lib_generic/libgeneric.a(zlib.o)
 .debug_aranges
                0x0000000000000600       0x18 lib_generic/libgeneric.a(ctype.o)
 .debug_aranges
                0x0000000000000618       0x20 board/mini2440/libmini2440.a(mini2440.o)
 .debug_aranges
                0x0000000000000638       0x20 board/mini2440/libmini2440.a(flash.o)
 .debug_aranges
                0x0000000000000658       0x20 cpu/arm920t/libarm920t.a(cpu.o)
 .debug_aranges
                0x0000000000000678       0x20 cpu/arm920t/s3c24x0/libs3c24x0.a(serial.o)
 .debug_aranges
                0x0000000000000698       0x20 lib_arm/libarm.a(_divsi3.o)
 .debug_aranges
                0x00000000000006b8       0x20 lib_arm/libarm.a(_modsi3.o)
 .debug_aranges
                0x00000000000006d8       0x20 lib_arm/libarm.a(_umodsi3.o)
 .debug_aranges
                0x00000000000006f8       0x20 lib_arm/libarm.a(armlinux.o)
 .debug_aranges
                0x0000000000000718       0x20 lib_arm/libarm.a(cache.o)
 .debug_aranges
                0x0000000000000738       0x20 rtc/librtc.a(date.o)
 .debug_aranges
                0x0000000000000758       0x20 rtc/librtc.a(s3c24x0_rtc.o)

.debug_loc      0x0000000000000000    0x13e4b
 .debug_loc     0x0000000000000000      0x17a cpu/arm920t/libarm920t.a(interrupts.o)
 .debug_loc     0x000000000000017a      0x167 cpu/arm920t/s3c24x0/libs3c24x0.a(interrupts.o)
 .debug_loc     0x00000000000002e1       0xe4 cpu/arm920t/s3c24x0/libs3c24x0.a(speed.o)
 .debug_loc     0x00000000000003c5      0x18a lib_arm/libarm.a(board.o)
 .debug_loc     0x000000000000054f     0x11d5 net/libnet.a(net.o)
 .debug_loc     0x0000000000001724      0x6a1 net/libnet.a(tftp.o)
 .debug_loc     0x0000000000001dc5      0x91c net/libnet.a(bootp.o)
 .debug_loc     0x00000000000026e1      0x10c net/libnet.a(rarp.o)
 .debug_loc     0x00000000000027ed       0x21 net/libnet.a(eth.o)
 .debug_loc     0x000000000000280e      0xd6b net/libnet.a(nfs.o)
 .debug_loc     0x0000000000003579      0x506 drivers/libdrivers.a(cs8900.o)
 .debug_loc     0x0000000000003a7f      0xb96 common/libcommon.a(main.o)
 .debug_loc     0x0000000000004615      0x2e6 common/libcommon.a(cmd_autoscript.o)
 .debug_loc     0x00000000000048fb      0x1ab common/libcommon.a(cmd_bdinfo.o)
 .debug_loc     0x0000000000004aa6      0x1e9 common/libcommon.a(cmd_boot.o)
 .debug_loc     0x0000000000004c8f      0xf5a common/libcommon.a(cmd_bootm.o)
 .debug_loc     0x0000000000005be9      0x2a6 common/libcommon.a(cmd_cache.o)
 .debug_loc     0x0000000000005e8f       0xe0 common/libcommon.a(cmd_console.o)
 .debug_loc     0x0000000000005f6f      0x255 common/libcommon.a(cmd_date.o)
 .debug_loc     0x00000000000061c4      0x3a2 common/libcommon.a(cmd_elf.o)
 .debug_loc     0x0000000000006566      0xca1 common/libcommon.a(cmd_flash.o)
 .debug_loc     0x0000000000007207      0x670 common/libcommon.a(cmd_itest.o)
 .debug_loc     0x0000000000007877      0xc3b common/libcommon.a(cmd_load.o)
 .debug_loc     0x00000000000084b2     0x16ef common/libcommon.a(cmd_mem.o)
 .debug_loc     0x0000000000009ba1      0x101 common/libcommon.a(cmd_misc.o)
 .debug_loc     0x0000000000009ca2      0x385 common/libcommon.a(cmd_net.o)
 .debug_loc     0x000000000000a027      0xa68 common/libcommon.a(cmd_nvedit.o)
 .debug_loc     0x000000000000aa8f      0x498 common/libcommon.a(command.o)
 .debug_loc     0x000000000000af27      0x50e common/libcommon.a(console.o)
 .debug_loc     0x000000000000b435       0x2c common/libcommon.a(devices.o)
 .debug_loc     0x000000000000b461     0x1bbc common/libcommon.a(dlmalloc.o)
 .debug_loc     0x000000000000d01d       0xc2 common/libcommon.a(env_common.o)
 .debug_loc     0x000000000000d0df       0x9f common/libcommon.a(env_flash.o)
 .debug_loc     0x000000000000d17e       0x14 common/libcommon.a(exports.o)
 .debug_loc     0x000000000000d192      0x4ac common/libcommon.a(flash.o)
 .debug_loc     0x000000000000d63e      0x586 common/libcommon.a(lists.o)
 .debug_loc     0x000000000000dbc4      0x506 common/libcommon.a(s_record.o)
 .debug_loc     0x000000000000e0ca      0xaa3 common/libcommon.a(xyzModem.o)
 .debug_loc     0x000000000000eb6d       0xab common/libcommon.a(crc16.o)
 .debug_loc     0x000000000000ec18       0xff lib_generic/libgeneric.a(crc32.o)
 .debug_loc     0x000000000000ed17      0x101 lib_generic/libgeneric.a(display_options.o)
 .debug_loc     0x000000000000ee18      0xbc4 lib_generic/libgeneric.a(string.o)
 .debug_loc     0x000000000000f9dc      0xb79 lib_generic/libgeneric.a(vsprintf.o)
 .debug_loc     0x0000000000010555     0x2a54 lib_generic/libgeneric.a(zlib.o)
 .debug_loc     0x0000000000012fa9       0x58 board/mini2440/libmini2440.a(mini2440.o)
 .debug_loc     0x0000000000013001      0x755 board/mini2440/libmini2440.a(flash.o)
 .debug_loc     0x0000000000013756       0xcc cpu/arm920t/libarm920t.a(cpu.o)
 .debug_loc     0x0000000000013822       0x83 cpu/arm920t/s3c24x0/libs3c24x0.a(serial.o)
 .debug_loc     0x00000000000138a5      0x1f4 lib_arm/libarm.a(armlinux.o)
 .debug_loc     0x0000000000013a99      0x22f rtc/librtc.a(date.o)
 .debug_loc     0x0000000000013cc8      0x183 rtc/librtc.a(s3c24x0_rtc.o)

.debug_str      0x0000000000000000     0x3a5b
 .debug_str     0x0000000000000000      0x23a cpu/arm920t/libarm920t.a(interrupts.o)
                                        0x285 (size before relaxing)
 .debug_str     0x000000000000023a      0x1b1 cpu/arm920t/s3c24x0/libs3c24x0.a(interrupts.o)
                                        0x350 (size before relaxing)
 .debug_str     0x00000000000003eb      0x166 cpu/arm920t/s3c24x0/libs3c24x0.a(speed.o)
                                        0x33c (size before relaxing)
 .debug_str     0x0000000000000551      0x217 lib_arm/libarm.a(board.o)
                                        0x47f (size before relaxing)
 .debug_str     0x0000000000000768        0xe lib_arm/libarm.a(div0.o)
                                        0x10d (size before relaxing)
 .debug_str     0x0000000000000776      0x612 net/libnet.a(net.o)
                                        0x906 (size before relaxing)
 .debug_str     0x0000000000000d88       0xe9 net/libnet.a(tftp.o)
                                        0x3e3 (size before relaxing)
 .debug_str     0x0000000000000e71      0x169 net/libnet.a(bootp.o)
                                        0x54c (size before relaxing)
 .debug_str     0x0000000000000fda       0x40 net/libnet.a(rarp.o)
                                        0x2dd (size before relaxing)
 .debug_str     0x000000000000101a        0x6 net/libnet.a(eth.o)
                                        0x219 (size before relaxing)
 .debug_str     0x0000000000001020      0x270 net/libnet.a(nfs.o)
                                        0x5cb (size before relaxing)
 .debug_str     0x0000000000001290       0xd1 drivers/libdrivers.a(cs8900.o)
                                        0x36e (size before relaxing)
 .debug_str     0x0000000000001361      0x19e common/libcommon.a(main.o)
                                        0x368 (size before relaxing)
 .debug_str     0x00000000000014ff       0xcf common/libcommon.a(cmd_autoscript.o)
                                        0x339 (size before relaxing)
 .debug_str     0x00000000000015ce       0x35 common/libcommon.a(cmd_bdinfo.o)
                                        0x2f9 (size before relaxing)
 .debug_str     0x0000000000001603       0x34 common/libcommon.a(cmd_boot.o)
                                        0x232 (size before relaxing)
 .debug_str     0x0000000000001637      0x302 common/libcommon.a(cmd_bootm.o)
                                        0x76f (size before relaxing)
 .debug_str     0x0000000000001939       0xa5 common/libcommon.a(cmd_cache.o)
                                        0x28a (size before relaxing)
 .debug_str     0x00000000000019de       0xe8 common/libcommon.a(cmd_console.o)
                                        0x2e0 (size before relaxing)
 .debug_str     0x0000000000001ac6       0x79 common/libcommon.a(cmd_date.o)
                                        0x399 (size before relaxing)
 .debug_str     0x0000000000001b3f      0x1a3 common/libcommon.a(cmd_elf.o)
                                        0x45f (size before relaxing)
 .debug_str     0x0000000000001ce2      0x16a common/libcommon.a(cmd_flash.o)
                                        0x3df (size before relaxing)
 .debug_str     0x0000000000001e4c       0xaa common/libcommon.a(cmd_itest.o)
                                        0x2b3 (size before relaxing)
 .debug_str     0x0000000000001ef6      0x48b common/libcommon.a(cmd_load.o)
                                        0x823 (size before relaxing)
 .debug_str     0x0000000000002381      0x21a common/libcommon.a(cmd_mem.o)
                                        0x4bd (size before relaxing)
 .debug_str     0x000000000000259b       0x27 common/libcommon.a(cmd_misc.o)
                                        0x23d (size before relaxing)
 .debug_str     0x00000000000025c2       0x9e common/libcommon.a(cmd_net.o)
                                        0x3b5 (size before relaxing)
 .debug_str     0x0000000000002660       0xfe common/libcommon.a(cmd_nvedit.o)
                                        0x470 (size before relaxing)
 .debug_str     0x000000000000275e       0xc8 common/libcommon.a(command.o)
                                        0x2f9 (size before relaxing)
 .debug_str     0x0000000000002826       0xfd common/libcommon.a(console.o)
                                        0x582 (size before relaxing)
 .debug_str     0x0000000000002923       0x5d common/libcommon.a(devices.o)
                                        0x38c (size before relaxing)
 .debug_str     0x0000000000002980      0x2a5 common/libcommon.a(dlmalloc.o)
                                        0x580 (size before relaxing)
 .debug_str     0x0000000000002c25       0x79 common/libcommon.a(env_common.o)
                                        0x339 (size before relaxing)
 .debug_str     0x0000000000002c9e       0x3b common/libcommon.a(env_flash.o)
                                        0x35f (size before relaxing)
 .debug_str     0x0000000000002cd9        0xa common/libcommon.a(exports.o)
                                        0x34e (size before relaxing)
 .debug_str     0x0000000000002ce3       0x2e common/libcommon.a(flash.o)
                                        0x26b (size before relaxing)
 .debug_str     0x0000000000002d11      0x198 common/libcommon.a(lists.o)
                                        0x409 (size before relaxing)
 .debug_str     0x0000000000002ea9       0x2e common/libcommon.a(s_record.o)
                                        0x1e1 (size before relaxing)
 .debug_str     0x0000000000002ed7      0x168 common/libcommon.a(xyzModem.o)
                                        0x3d5 (size before relaxing)
 .debug_str     0x000000000000303f       0x12 common/libcommon.a(crc16.o)
                                        0x1bc (size before relaxing)
 .debug_str     0x0000000000003051       0x52 lib_generic/libgeneric.a(crc32.o)
                                        0x1cb (size before relaxing)
 .debug_str     0x00000000000030a3       0x22 lib_generic/libgeneric.a(display_options.o)
                                        0x1de (size before relaxing)
 .debug_str     0x00000000000030c5       0x88 lib_generic/libgeneric.a(string.o)
                                        0x2a6 (size before relaxing)
 .debug_str     0x000000000000314d       0x4d lib_generic/libgeneric.a(vsprintf.o)
                                        0x2a4 (size before relaxing)
 .debug_str     0x000000000000319a      0x3a5 lib_generic/libgeneric.a(zlib.o)
                                        0x686 (size before relaxing)
 .debug_str     0x000000000000353f        0x8 lib_generic/libgeneric.a(ctype.o)
                                        0x124 (size before relaxing)
 .debug_str     0x0000000000003547      0x1d5 board/mini2440/libmini2440.a(mini2440.o)
                                        0x49c (size before relaxing)
 .debug_str     0x000000000000371c       0x38 board/mini2440/libmini2440.a(flash.o)
                                        0x34a (size before relaxing)
 .debug_str     0x0000000000003754       0x46 cpu/arm920t/libarm920t.a(cpu.o)
                                        0x2aa (size before relaxing)
 .debug_str     0x000000000000379a       0xca cpu/arm920t/s3c24x0/libs3c24x0.a(serial.o)
                                        0x38f (size before relaxing)
 .debug_str     0x0000000000003864       0x32 lib_arm/libarm.a(armlinux.o)
                                        0x405 (size before relaxing)
 .debug_str     0x0000000000003896        0xe lib_arm/libarm.a(cache.o)
                                        0x1ae (size before relaxing)
 .debug_str     0x00000000000038a4       0x64 rtc/librtc.a(date.o)
                                        0x22e (size before relaxing)
 .debug_str     0x0000000000003908      0x153 rtc/librtc.a(s3c24x0_rtc.o)
                                        0x393 (size before relaxing)

.debug_frame    0x0000000000000000     0x28f8
 .debug_frame   0x0000000000000000      0x134 cpu/arm920t/libarm920t.a(interrupts.o)
 .debug_frame   0x0000000000000134       0xe8 cpu/arm920t/s3c24x0/libs3c24x0.a(interrupts.o)
 .debug_frame   0x000000000000021c       0x8c cpu/arm920t/s3c24x0/libs3c24x0.a(speed.o)
 .debug_frame   0x00000000000002a8       0xa8 lib_arm/libarm.a(board.o)
 .debug_frame   0x0000000000000350       0x20 lib_arm/libarm.a(div0.o)
 .debug_frame   0x0000000000000370      0x288 net/libnet.a(net.o)
 .debug_frame   0x00000000000005f8       0xb0 net/libnet.a(tftp.o)
 .debug_frame   0x00000000000006a8       0x84 net/libnet.a(bootp.o)
 .debug_frame   0x000000000000072c       0x7c net/libnet.a(rarp.o)
 .debug_frame   0x00000000000007a8       0x20 net/libnet.a(eth.o)
 .debug_frame   0x00000000000007c8      0x290 net/libnet.a(nfs.o)
 .debug_frame   0x0000000000000a58      0x11c drivers/libdrivers.a(cs8900.o)
 .debug_frame   0x0000000000000b74       0xbc common/libcommon.a(main.o)
 .debug_frame   0x0000000000000c30       0x60 common/libcommon.a(cmd_autoscript.o)
 .debug_frame   0x0000000000000c90       0x2c common/libcommon.a(cmd_bdinfo.o)
 .debug_frame   0x0000000000000cbc       0x2c common/libcommon.a(cmd_boot.o)
 .debug_frame   0x0000000000000ce8      0x138 common/libcommon.a(cmd_bootm.o)
 .debug_frame   0x0000000000000e20       0x58 common/libcommon.a(cmd_cache.o)
 .debug_frame   0x0000000000000e78       0x34 common/libcommon.a(cmd_console.o)
 .debug_frame   0x0000000000000eac       0x64 common/libcommon.a(cmd_date.o)
 .debug_frame   0x0000000000000f10       0x88 common/libcommon.a(cmd_elf.o)
 .debug_frame   0x0000000000000f98      0x124 common/libcommon.a(cmd_flash.o)
 .debug_frame   0x00000000000010bc       0x68 common/libcommon.a(cmd_itest.o)
 .debug_frame   0x0000000000001124      0x1e0 common/libcommon.a(cmd_load.o)
 .debug_frame   0x0000000000001304      0x18c common/libcommon.a(cmd_mem.o)
 .debug_frame   0x0000000000001490       0x30 common/libcommon.a(cmd_misc.o)
 .debug_frame   0x00000000000014c0       0x78 common/libcommon.a(cmd_net.o)
 .debug_frame   0x0000000000001538      0x120 common/libcommon.a(cmd_nvedit.o)
 .debug_frame   0x0000000000001658       0x9c common/libcommon.a(command.o)
 .debug_frame   0x00000000000016f4      0x218 common/libcommon.a(console.o)
 .debug_frame   0x000000000000190c       0x5c common/libcommon.a(devices.o)
 .debug_frame   0x0000000000001968      0x168 common/libcommon.a(dlmalloc.o)
 .debug_frame   0x0000000000001ad0       0x74 common/libcommon.a(env_common.o)
 .debug_frame   0x0000000000001b44       0x60 common/libcommon.a(env_flash.o)
 .debug_frame   0x0000000000001ba4       0x48 common/libcommon.a(exports.o)
 .debug_frame   0x0000000000001bec       0x7c common/libcommon.a(flash.o)
 .debug_frame   0x0000000000001c68      0x140 common/libcommon.a(lists.o)
 .debug_frame   0x0000000000001da8       0x5c common/libcommon.a(s_record.o)
 .debug_frame   0x0000000000001e04      0x134 common/libcommon.a(xyzModem.o)
 .debug_frame   0x0000000000001f38       0x28 common/libcommon.a(crc16.o)
 .debug_frame   0x0000000000001f60       0x28 lib_generic/libgeneric.a(crc32.o)
 .debug_frame   0x0000000000001f88       0x50 lib_generic/libgeneric.a(display_options.o)
 .debug_frame   0x0000000000001fd8      0x1f4 lib_generic/libgeneric.a(string.o)
 .debug_frame   0x00000000000021cc       0xf4 lib_generic/libgeneric.a(vsprintf.o)
 .debug_frame   0x00000000000022c0      0x228 lib_generic/libgeneric.a(zlib.o)
 .debug_frame   0x00000000000024e8       0x38 board/mini2440/libmini2440.a(mini2440.o)
 .debug_frame   0x0000000000002520       0xe8 board/mini2440/libmini2440.a(flash.o)
 .debug_frame   0x0000000000002608      0x108 cpu/arm920t/libarm920t.a(cpu.o)
 .debug_frame   0x0000000000002710       0x88 cpu/arm920t/s3c24x0/libs3c24x0.a(serial.o)
 .debug_frame   0x0000000000002798       0x54 lib_arm/libarm.a(armlinux.o)
 .debug_frame   0x00000000000027ec       0x20 lib_arm/libarm.a(cache.o)
 .debug_frame   0x000000000000280c       0x7c rtc/librtc.a(date.o)